<html>
<body>
<pre>
<h1>µVision Build Log</h1>
<h2>Tool Versions:</h2>
IDE-Version: ¶ÃVision V5.43.1.0
Copyright (C) 2025 ARM Ltd and ARM Germany GmbH. All rights reserved.
License Information: 1 Antury, 1, LIC=KIVNB-2EP0E-NT03G-VFNEG-MG393-RZ7MT
 
Tool Versions:
Toolchain:       MDK-ARM Professional  Version: 5.43.0.0
Toolchain Path:  D:\data\keilMDK\ARM\ARMCC\Bin
C Compiler:      Armcc.exe V5.06 update 6 (build 750)
Assembler:       Armasm.exe V5.06 update 6 (build 750)
Linker/Locator:  ArmLink.exe V5.06 update 6 (build 750)
Library Manager: ArmAr.exe V5.06 update 6 (build 750)
Hex Converter:   FromElf.exe V5.06 update 6 (build 750)
CPU DLL:         SARMCM3.DLL V5.43.0.0
Dialog DLL:      DCM.DLL V1.17.5.0
Target DLL:      STLink\ST-LINKIII-KEIL_SWO.dll V3.3.1.0
Dialog DLL:      TCM.DLL V1.56.6.0
 
<h2>Project:</h2>
D:\Workspace\Soldering stationV2\Õÿ’π∞Â\Firmware\SmartSolder_Extension\C8T6\USER\SmartSolder_Extension.uvprojx
Project File Date:  06/05/2026

<h2>Output:</h2>
*** Using Compiler 'V5.06 update 6 (build 750)', folder: 'D:\data\keilMDK\ARM\ARMCC\Bin'
Rebuild target 'SmartSolder_Extension'
compiling main.c...
assembling startup_stm32f10x_md.s...
compiling core_cm3.c...
compiling display_ui.c...
compiling stm32f10x_it.c...
compiling ui_assets.c...
compiling timer.c...
compiling delay.c...
compiling app_state.c...
compiling lower_uart.c...
compiling esp_uart.c...
compiling system_stm32f10x.c...
compiling debug_uart.c...
compiling relay.c...
compiling board_io.c...
compiling sys.c...
compiling presence.c...
compiling esp01s.c...
compiling lower_link.c...
compiling st7789.c...
compiling misc.c...
compiling stm32f10x_gpio.c...
compiling stm32f10x_rcc.c...
compiling stm32f10x_usart.c...
compiling stm32f10x_dma.c...
compiling stm32f10x_spi.c...
compiling stm32f10x_tim.c...
linking...
Program Size: Code=19284 RO-data=1780 RW-data=200 ZI-data=6440  
FromELF: creating hex file...
".\Objects\SmartSolder_Extension.axf" - 0 Error(s), 0 Warning(s).

<h2>Software Packages used:</h2>

Package Vendor: Keil
                https://www.keil.com/pack/Keil.STM32F1xx_DFP.2.4.1.pack
                Keil::STM32F1xx_DFP@2.4.1
                STMicroelectronics STM32F1 Series Device Support, Drivers and Examples

<h2>Collection of Component include folders:</h2>
  D:/data/keilMDK/Packs/Keil/STM32F1xx_DFP/2.4.1/Device/Include

<h2>Collection of Component Files used:</h2>
Build Time Elapsed:  00:00:01
</pre>
</body>
</html>
