Component: ARM Compiler 5.06 update 6 (build 750) Tool: armlink [4d35ed]

==============================================================================

Section Cross References

    main.o(i.App_AutoControlTask) refers to presence.o(i.Presence_IsDetected) for Presence_IsDetected
    main.o(i.App_AutoControlTask) refers to main.o(.bss) for app
    main.o(i.App_CommandTask) refers to main.o(i.App_ProcessCommand) for App_ProcessCommand
    main.o(i.App_CommandTask) refers to esp01s.o(i.ESP01S_PopCommand) for ESP01S_PopCommand
    main.o(i.App_Init) refers to misc.o(i.NVIC_PriorityGroupConfig) for NVIC_PriorityGroupConfig
    main.o(i.App_Init) refers to app_state.o(i.AppState_Init) for AppState_Init
    main.o(i.App_Init) refers to presence.o(i.Presence_IsEnabled) for Presence_IsEnabled
    main.o(i.App_Init) refers to timer.o(i.Timer_Init1ms) for Timer_Init1ms
    main.o(i.App_Init) refers to debug_uart.o(i.DebugUart_Init) for DebugUart_Init
    main.o(i.App_Init) refers to board_io.o(i.BoardIo_Init) for BoardIo_Init
    main.o(i.App_Init) refers to relay.o(i.Relay_Init) for Relay_Init
    main.o(i.App_Init) refers to presence.o(i.Presence_Init) for Presence_Init
    main.o(i.App_Init) refers to lower_link.o(i.LowerLink_Init) for LowerLink_Init
    main.o(i.App_Init) refers to esp01s.o(i.ESP01S_Init) for ESP01S_Init
    main.o(i.App_Init) refers to relay.o(i.Relay_AllOff) for Relay_AllOff
    main.o(i.App_Init) refers to display_ui.o(i.DisplayUi_Init) for DisplayUi_Init
    main.o(i.App_Init) refers to debug_uart.o(i.DebugUart_Write) for DebugUart_Write
    main.o(i.App_Init) refers to main.o(.bss) for app
    main.o(i.App_ProcessCommand) refers to strcmp.o(.text) for strcmp
    main.o(i.App_ProcessCommand) refers to main.o(i.App_SetLoad) for App_SetLoad
    main.o(i.App_ProcessCommand) refers to esp01s.o(i.ESP01S_SendAck) for ESP01S_SendAck
    main.o(i.App_ProcessCommand) refers to main.o(.bss) for app
    main.o(i.App_RelayTask) refers to relay.o(i.Relay_ApplyAll) for Relay_ApplyAll
    main.o(i.App_RelayTask) refers to main.o(.data) for lastRelayApplyMs
    main.o(i.App_RelayTask) refers to main.o(.bss) for app
    main.o(i.App_ReportTask) refers to esp01s.o(i.ESP01S_SendState) for ESP01S_SendState
    main.o(i.App_ReportTask) refers to app_state.o(i.AppMode_ToText) for AppMode_ToText
    main.o(i.App_ReportTask) refers to debug_uart.o(i.DebugUart_Printf) for DebugUart_Printf
    main.o(i.App_ReportTask) refers to main.o(.bss) for app
    main.o(i.App_ReportTask) refers to main.o(.data) for lastStatusReportMs
    main.o(i.App_ReportTask) refers to main.o(.conststring) for .conststring
    main.o(i.App_SetLoad) refers to main.o(.bss) for app
    main.o(i.main) refers to system_stm32f10x.o(i.SystemInit) for SystemInit
    main.o(i.main) refers to delay.o(i.delay_init) for delay_init
    main.o(i.main) refers to main.o(i.App_Init) for App_Init
    main.o(i.main) refers to timer.o(i.Timer_GetMs) for Timer_GetMs
    main.o(i.main) refers to st7789.o(i.ST7789_Task) for ST7789_Task
    main.o(i.main) refers to esp01s.o(i.ESP01S_Task) for ESP01S_Task
    main.o(i.main) refers to lower_link.o(i.LowerLink_Task) for LowerLink_Task
    main.o(i.main) refers to main.o(i.App_CommandTask) for App_CommandTask
    main.o(i.main) refers to main.o(i.App_AutoControlTask) for App_AutoControlTask
    main.o(i.main) refers to main.o(i.App_TempDemoTask) for App_TempDemoTask
    main.o(i.main) refers to main.o(i.App_RelayTask) for App_RelayTask
    main.o(i.main) refers to main.o(i.App_ReportTask) for App_ReportTask
    main.o(i.main) refers to display_ui.o(i.DisplayUi_Task) for DisplayUi_Task
    main.o(i.main) refers to board_io.o(i.BoardIo_Task) for BoardIo_Task
    main.o(i.main) refers to main.o(.bss) for app
    system_stm32f10x.o(i.SetSysClock) refers to system_stm32f10x.o(i.SetSysClockTo72) for SetSysClockTo72
    system_stm32f10x.o(i.SystemCoreClockUpdate) refers to system_stm32f10x.o(.data) for SystemCoreClock
    system_stm32f10x.o(i.SystemInit) refers to system_stm32f10x.o(i.SetSysClock) for SetSysClock
    startup_stm32f10x_md.o(RESET) refers to startup_stm32f10x_md.o(STACK) for __initial_sp
    startup_stm32f10x_md.o(RESET) refers to startup_stm32f10x_md.o(.text) for Reset_Handler
    startup_stm32f10x_md.o(RESET) refers to stm32f10x_it.o(i.NMI_Handler) for NMI_Handler
    startup_stm32f10x_md.o(RESET) refers to stm32f10x_it.o(i.HardFault_Handler) for HardFault_Handler
    startup_stm32f10x_md.o(RESET) refers to stm32f10x_it.o(i.MemManage_Handler) for MemManage_Handler
    startup_stm32f10x_md.o(RESET) refers to stm32f10x_it.o(i.BusFault_Handler) for BusFault_Handler
    startup_stm32f10x_md.o(RESET) refers to stm32f10x_it.o(i.UsageFault_Handler) for UsageFault_Handler
    startup_stm32f10x_md.o(RESET) refers to stm32f10x_it.o(i.SVC_Handler) for SVC_Handler
    startup_stm32f10x_md.o(RESET) refers to stm32f10x_it.o(i.DebugMon_Handler) for DebugMon_Handler
[...]
    i.AppState_Init                          0x080008a8   Section        0  app_state.o(i.AppState_Init)
    i.App_AutoControlTask                    0x080008f0   Section        0  main.o(i.App_AutoControlTask)
    App_AutoControlTask                      0x080008f1   Thumb Code    66  main.o(i.App_AutoControlTask)
    i.App_CommandTask                        0x08000938   Section        0  main.o(i.App_CommandTask)
    App_CommandTask                          0x08000939   Thumb Code    36  main.o(i.App_CommandTask)
    i.App_Init                               0x0800095c   Section        0  main.o(i.App_Init)
    App_Init                                 0x0800095d   Thumb Code    70  main.o(i.App_Init)
    i.App_ProcessCommand                     0x080009cc   Section        0  main.o(i.App_ProcessCommand)
    App_ProcessCommand                       0x080009cd   Thumb Code   244  main.o(i.App_ProcessCommand)
    i.App_RelayTask                          0x08000b1c   Section        0  main.o(i.App_RelayTask)
    App_RelayTask                            0x08000b1d   Thumb Code    30  main.o(i.App_RelayTask)
    i.App_ReportTask                         0x08000b44   Section        0  main.o(i.App_ReportTask)
    App_ReportTask                           0x08000b45   Thumb Code   120  main.o(i.App_ReportTask)
    i.App_SetLoad                            0x08000bcc   Section        0  main.o(i.App_SetLoad)
    App_SetLoad                              0x08000bcd   Thumb Code    22  main.o(i.App_SetLoad)
    i.App_TempDemoTask                       0x08000be8   Section        0  main.o(i.App_TempDemoTask)
    App_TempDemoTask                         0x08000be9   Thumb Code     2  main.o(i.App_TempDemoTask)
    i.BigDigitX                              0x08000bec   Section        0  display_ui.o(i.BigDigitX)
    BigDigitX                                0x08000bed   Thumb Code    18  display_ui.o(i.BigDigitX)
    i.BigSegRect                             0x08000c04   Section        0  display_ui.o(i.BigSegRect)
    BigSegRect                               0x08000c05   Thumb Code   194  display_ui.o(i.BigSegRect)
    i.BoardIo_Init                           0x08000cc8   Section        0  board_io.o(i.BoardIo_Init)
    i.BoardIo_Task                           0x08000d20   Section        0  board_io.o(i.BoardIo_Task)
    i.BusFault_Handler                       0x08000d88   Section        0  stm32f10x_it.o(i.BusFault_Handler)
    i.CalcPowerPercent                       0x08000d8c   Section        0  display_ui.o(i.CalcPowerPercent)
    CalcPowerPercent                         0x08000d8d   Thumb Code    68  display_ui.o(i.CalcPowerPercent)
    i.DMA1_Channel3_IRQHandler               0x08000dd0   Section        0  st7789.o(i.DMA1_Channel3_IRQHandler)
    i.DMA1_Channel4_IRQHandler               0x08000e24   Section        0  debug_uart.o(i.DMA1_Channel4_IRQHandler)
    i.DMA_ClearFlag                          0x08000e98   Section        0  stm32f10x_dma.o(i.DMA_ClearFlag)
    i.DMA_ClearITPendingBit                  0x08000eb4   Section        0  stm32f10x_dma.o(i.DMA_ClearITPendingBit)
    i.DMA_Cmd                                0x08000ed0   Section        0  stm32f10x_dma.o(i.DMA_Cmd)
    i.DMA_DeInit                             0x08000ee8   Section        0  stm32f10x_dma.o(i.DMA_DeInit)
    i.DMA_GetITStatus                        0x08001034   Section        0  stm32f10x_dma.o(i.DMA_GetITStatus)
    i.DMA_ITConfig                           0x08001060   Section        0  stm32f10x_dma.o(i.DMA_ITConfig)
    i.DMA_Init                               0x08001072   Section        0  stm32f10x_dma.o(i.DMA_Init)
    i.DMA_SetCurrDataCounter                 0x080010ae   Section        0  stm32f10x_dma.o(i.DMA_SetCurrDataCounter)
    i.DebugMon_Handler                       0x080010b2   Section        0  stm32f10x_it.o(i.DebugMon_Handler)
    i.DebugUart_Init                         0x080010b4   Section        0  debug_uart.o(i.DebugUart_Init)
    i.DebugUart_KickLocked                   0x080011ac   Section        0  debug_uart.o(i.DebugUart_KickLocked)
    DebugUart_KickLocked                     0x080011ad   Thumb Code   124  debug_uart.o(i.DebugUart_KickLocked)
    i.DebugUart_Printf                       0x08001240   Section        0  debug_uart.o(i.DebugUart_Printf)
    i.DebugUart_PushByte                     0x0800128c   Section        0  debug_uart.o(i.DebugUart_PushByte)
    DebugUart_PushByte                       0x0800128d   Thumb Code    50  debug_uart.o(i.DebugUart_PushByte)
    i.DebugUart_Write                        0x080012cc   Section        0  debug_uart.o(i.DebugUart_Write)
    i.DisplayUi_Init                         0x080012ec   Section        0  display_ui.o(i.DisplayUi_Init)
    i.DisplayUi_Task                         0x08001310   Section        0  display_ui.o(i.DisplayUi_Task)
    i.DrawBigDigit                           0x0800146c   Section        0  display_ui.o(i.DrawBigDigit)
    DrawBigDigit                             0x0800146d   Thumb Code   122  display_ui.o(i.DrawBigDigit)
    i.DrawBigDot                             0x080014f4   Section        0  display_ui.o(i.DrawBigDot)
    DrawBigDot                               0x080014f5   Thumb Code    48  display_ui.o(i.DrawBigDot)
    i.DrawCachedString                       0x08001528   Section        0  display_ui.o(i.DrawCachedString)
    DrawCachedString                         0x08001529   Thumb Code    82  display_ui.o(i.DrawCachedString)
    i.DrawChartGrid                          0x0800157c   Section        0  display_ui.o(i.DrawChartGrid)
    DrawChartGrid                            0x0800157d   Thumb Code   180  display_ui.o(i.DrawChartGrid)
    i.DrawCurve                              0x08001640   Section        0  display_ui.o(i.DrawCurve)
    DrawCurve                                0x08001641   Thumb Code   234  display_ui.o(i.DrawCurve)
    i.DrawDashedTarget                       0x08001734   Section        0  display_ui.o(i.DrawDashedTarget)
    DrawDashedTarget                         0x08001735   Thumb Code    40  display_ui.o(i.DrawDashedTarget)
    i.DrawDegreeC                            0x0800175c   Section        0  display_ui.o(i.DrawDegreeC)
    DrawDegreeC                              0x0800175d   Thumb Code   118  display_ui.o(i.DrawDegreeC)
    i.DrawGlyph16                            0x080017d8   Section        0  ui_assets.o(i.DrawGlyph16)
    DrawGlyph16                              0x080017d9   Thumb Code    98  ui_assets.o(i.DrawGlyph16)
    i.DrawInfoRow                            0x0800183c   Section        0  display_ui.o(i.DrawInfoRow)
    DrawInfoRow                              0x0800183d   Thumb Code   172  display_ui.o(i.DrawInfoRow)
    i.DrawMainTemperature                    0x08001918   Section        0  display_ui.o(i.DrawMainTemperature)
    DrawMainTemperature                      0x08001919   Thumb Code   242  display_ui.o(i.DrawMainTemperature)
    i.DrawRect                               0x08001a10   Section        0  display_ui.o(i.DrawRect)
    DrawRect                                 0x08001a11   Thumb Code   116  display_ui.o(i.DrawRect)
    i.DrawRelayCard                          0x08001a84   Section        0  display_ui.o(i.DrawRelayCard)
    DrawRelayCard                            0x08001a85   Thumb Code   244  display_ui.o(i.DrawRelayCard)
    i.DrawStaticFrame                        0x08001b84   Section        0  display_ui.o(i.DrawStaticFrame)
    DrawStaticFrame                          0x08001b85   Thumb Code   142  display_ui.o(i.DrawStaticFrame)
    i.DrawStatusBar                          0x08001c18   Section        0  display_ui.o(i.DrawStatusBar)
    DrawStatusBar                            0x08001c19   Thumb Code   282  display_ui.o(i.DrawStatusBar)
    i.DrawThickLine                          0x08001d50   Section        0  display_ui.o(i.DrawThickLine)
    DrawThickLine                            0x08001d51   Thumb Code    80  display_ui.o(i.DrawThickLine)
    i.DrawWaitingFrame                       0x08001da0   Section        0  display_ui.o(i.DrawWaitingFrame)
    DrawWaitingFrame                         0x08001da1   Thumb Code   150  display_ui.o(i.DrawWaitingFrame)
    i.DrawWaitingInfo                        0x08001e58   Section        0  display_ui.o(i.DrawWaitingInfo)
    DrawWaitingInfo                          0x08001e59   Thumb Code   310  display_ui.o(i.DrawWaitingInfo)
    i.ESP01S_Init                            0x08001fd4   Section        0  esp01s.o(i.ESP01S_Init)
    i.ESP01S_PopCommand                      0x08001fdc   Section        0  esp01s.o(i.ESP01S_PopCommand)
    i.ESP01S_SendAck                         0x08002008   Section        0  esp01s.o(i.ESP01S_SendAck)
    i.ESP01S_SendState                       0x08002070   Section        0  esp01s.o(i.ESP01S_SendState)
    i.ESP01S_Task                            0x080020e4   Section        0  esp01s.o(i.ESP01S_Task)
    i.EspUart_GetLine                        0x08002178   Section        0  esp_uart.o(i.EspUart_GetLine)
    i.EspUart_Init                           0x080021f8   Section        0  esp_uart.o(i.EspUart_Init)
    i.EspUart_SendString                     0x0800229c   Section        0  esp_uart.o(i.EspUart_SendString)
    i.GPIO_Init                              0x08002300   Section        0  stm32f10x_gpio.o(i.GPIO_Init)
    i.GPIO_ResetBits                         0x08002416   Section        0  stm32f10x_gpio.o(i.GPIO_ResetBits)
    i.GPIO_SetBits                           0x0800241a   Section        0  stm32f10x_gpio.o(i.GPIO_SetBits)
    i.GetPhrase                              0x08002420   Section        0  ui_assets.o(i.GetPhrase)
    GetPhrase                                0x08002421   Thumb Code    82  ui_assets.o(i.GetPhrase)
    i.GetTargetTemp                          0x08002490   Section        0  display_ui.o(i.GetTargetTemp)
    GetTargetTemp                            0x08002491   Thumb Code    22  display_ui.o(i.GetTargetTemp)
    i.HandleLine                             0x080024a8   Section        0  esp01s.o(i.HandleLine)
    HandleLine                               0x080024a9   Thumb Code   192  esp01s.o(i.HandleLine)
    i.HandleLine                             0x080025a8   Section        0  lower_link.o(i.HandleLine)
    HandleLine                               0x080025a9   Thumb Code   116  lower_link.o(i.HandleLine)
    i.HardFault_Handler                      0x0800263c   Section        0  stm32f10x_it.o(i.HardFault_Handler)
    i.LowerLink_Init                         0x08002640   Section        0  lower_link.o(i.LowerLink_Init)
    i.LowerLink_Task                         0x08002648   Section        0  lower_link.o(i.LowerLink_Task)
    i.LowerUart_GetLine                      0x08002698   Section        0  lower_uart.o(i.LowerUart_GetLine)
    i.LowerUart_Init                         0x08002710   Section        0  lower_uart.o(i.LowerUart_Init)
    i.MemManage_Handler                      0x080027bc   Section        0  stm32f10x_it.o(i.MemManage_Handler)
    i.NMI_Handler                            0x080027c0   Section        0  stm32f10x_it.o(i.NMI_Handler)
    i.NVIC_Init                              0x080027c4   Section        0  misc.o(i.NVIC_Init)
    i.NVIC_PriorityGroupConfig               0x08002834   Section        0  misc.o(i.NVIC_PriorityGroupConfig)
    i.ParseField                             0x08002848   Section        0  esp01s.o(i.ParseField)
    ParseField                               0x08002849   Thumb Code   106  esp01s.o(i.ParseField)
    i.ParseNumberAfter                       0x080028b2   Section        0  lower_link.o(i.ParseNumberAfter)
    ParseNumberAfter                         0x080028b3   Thumb Code    98  lower_link.o(i.ParseNumberAfter)
    i.PendSV_Handler                         0x08002914   Section        0  stm32f10x_it.o(i.PendSV_Handler)
    i.Presence_Init                          0x08002918   Section        0  presence.o(i.Presence_Init)
    i.Presence_IsDetected                    0x08002944   Section        0  presence.o(i.Presence_IsDetected)
    i.Presence_IsEnabled                     0x08002948   Section        0  presence.o(i.Presence_IsEnabled)
    i.PushTemp                               0x0800294c   Section        0  display_ui.o(i.PushTemp)
    PushTemp                                 0x0800294d   Thumb Code    74  display_ui.o(i.PushTemp)
    i.QueuePushFromIrq                       0x080029a0   Section        0  esp_uart.o(i.QueuePushFromIrq)
    QueuePushFromIrq                         0x080029a1   Thumb Code   122  esp_uart.o(i.QueuePushFromIrq)
    i.QueuePushFromIrq                       0x08002a34   Section        0  lower_uart.o(i.QueuePushFromIrq)
    QueuePushFromIrq                         0x08002a35   Thumb Code   110  lower_uart.o(i.QueuePushFromIrq)
    i.RCC_AHBPeriphClockCmd                  0x08002abc   Section        0  stm32f10x_rcc.o(i.RCC_AHBPeriphClockCmd)
    i.RCC_APB1PeriphClockCmd                 0x08002adc   Section        0  stm32f10x_rcc.o(i.RCC_APB1PeriphClockCmd)
    i.RCC_APB2PeriphClockCmd                 0x08002afc   Section        0  stm32f10x_rcc.o(i.RCC_APB2PeriphClockCmd)
    i.RCC_GetClocksFreq                      0x08002b1c   Section        0  stm32f10x_rcc.o(i.RCC_GetClocksFreq)
    i.Relay_AllOff                           0x08002bf0   Section        0  relay.o(i.Relay_AllOff)
    i.Relay_ApplyAll                         0x08002c0c   Section        0  relay.o(i.Relay_ApplyAll)
    i.Relay_Init                             0x08002c2c   Section        0  relay.o(i.Relay_Init)
    i.Relay_Pin                              0x08002c5c   Section        0  relay.o(i.Relay_Pin)
    Relay_Pin                                0x08002c5d   Thumb Code    36  relay.o(i.Relay_Pin)
    i.Relay_Set                              0x08002c80   Section        0  relay.o(i.Relay_Set)
    i.ResetDrawCaches                        0x08002cc4   Section        0  display_ui.o(i.ResetDrawCaches)
    ResetDrawCaches                          0x08002cc5   Thumb Code   102  display_ui.o(i.ResetDrawCaches)
    i.SPI_Cmd                                0x08002d64   Section        0  stm32f10x_spi.o(i.SPI_Cmd)
    i.SPI_I2S_DMACmd                         0x08002d7c   Section        0  stm32f10x_spi.o(i.SPI_I2S_DMACmd)
    i.SPI_I2S_GetFlagStatus                  0x08002d8e   Section        0  stm32f10x_spi.o(i.SPI_I2S_GetFlagStatus)
    i.SPI_I2S_SendData                       0x08002da0   Section        0  stm32f10x_spi.o(i.SPI_I2S_SendData)
    i.SPI_Init                               0x08002da4   Section        0  stm32f10x_spi.o(i.SPI_Init)
    i.ST7789_DrawChar                        0x08002de0   Section        0  st7789.o(i.ST7789_DrawChar)
    i.ST7789_DrawLine                        0x08002e7c   Section        0  st7789.o(i.ST7789_DrawLine)
    i.ST7789_DrawPixel                       0x08002f26   Section        0  st7789.o(i.ST7789_DrawPixel)
    i.ST7789_DrawString                      0x08002f52   Section        0  st7789.o(i.ST7789_DrawString)
    i.ST7789_FillRect                        0x08002f9c   Section        0  st7789.o(i.ST7789_FillRect)
    i.ST7789_FillScreen                      0x08003000   Section        0  st7789.o(i.ST7789_FillScreen)
    i.ST7789_GPIO_Init                       0x08003014   Section        0  st7789.o(i.ST7789_GPIO_Init)
    ST7789_GPIO_Init                         0x08003015   Thumb Code   412  st7789.o(i.ST7789_GPIO_Init)
    i.ST7789_Init                            0x080031c8   Section        0  st7789.o(i.ST7789_Init)
    i.ST7789_IsBusy                          0x080032b0   Section        0  st7789.o(i.ST7789_IsBusy)
    i.ST7789_SetAddressWindow                0x080032d4   Section        0  st7789.o(i.ST7789_SetAddressWindow)
    ST7789_SetAddressWindow                  0x080032d5   Thumb Code    74  st7789.o(i.ST7789_SetAddressWindow)
    i.ST7789_SetBacklight                    0x08003320   Section        0  st7789.o(i.ST7789_SetBacklight)
    i.ST7789_StartDma                        0x08003344   Section        0  st7789.o(i.ST7789_StartDma)
    ST7789_StartDma                          0x08003345   Thumb Code    78  st7789.o(i.ST7789_StartDma)
    i.ST7789_Task                            0x080033a4   Section        0  st7789.o(i.ST7789_Task)
    i.ST7789_WaitReady                       0x080033f8   Section        0  st7789.o(i.ST7789_WaitReady)
    ST7789_WaitReady                         0x080033f9   Thumb Code    18  st7789.o(i.ST7789_WaitReady)
    i.ST7789_WriteByte                       0x0800340c   Section        0  st7789.o(i.ST7789_WriteByte)
    ST7789_WriteByte                         0x0800340d   Thumb Code    38  st7789.o(i.ST7789_WriteByte)
    i.ST7789_WriteCommand                    0x08003438   Section        0  st7789.o(i.ST7789_WriteCommand)
    ST7789_WriteCommand                      0x08003439   Thumb Code    20  st7789.o(i.ST7789_WriteCommand)
    i.ST7789_WriteData16                     0x08003450   Section        0  st7789.o(i.ST7789_WriteData16)
    ST7789_WriteData16                       0x08003451   Thumb Code    26  st7789.o(i.ST7789_WriteData16)
    i.ST7789_WriteData8                      0x08003470   Section        0  st7789.o(i.ST7789_WriteData8)
    ST7789_WriteData8                        0x08003471   Thumb Code    20  st7789.o(i.ST7789_WriteData8)
    i.SVC_Handler                            0x08003488   Section        0  stm32f10x_it.o(i.SVC_Handler)
    i.SetSysClock                            0x0800348a   Section        0  system_stm32f10x.o(i.SetSysClock)
    SetSysClock                              0x0800348b   Thumb Code     8  system_stm32f10x.o(i.SetSysClock)
    i.SetSysClockTo72                        0x08003494   Section        0  system_stm32f10x.o(i.SetSysClockTo72)
    SetSysClockTo72                          0x08003495   Thumb Code   214  system_stm32f10x.o(i.SetSysClockTo72)
    i.SpiBusy                                0x08003574   Section        0  st7789.o(i.SpiBusy)
    SpiBusy                                  0x08003575   Thumb Code    20  st7789.o(i.SpiBusy)
    i.StoreIp                                0x0800358c   Section        0  esp01s.o(i.StoreIp)
    StoreIp                                  0x0800358d   Thumb Code    52  esp01s.o(i.StoreIp)
    i.SysTick_CLKSourceConfig                0x080035c4   Section        0  misc.o(i.SysTick_CLKSourceConfig)
    i.SysTick_Handler                        0x080035ec   Section        0  stm32f10x_it.o(i.SysTick_Handler)
    i.SystemInit                             0x080035f0   Section        0  system_stm32f10x.o(i.SystemInit)
    i.TIM3_IRQHandler                        0x08003650   Section        0  timer.o(i.TIM3_IRQHandler)
    i.TIM_ARRPreloadConfig                   0x08003678   Section        0  stm32f10x_tim.o(i.TIM_ARRPreloadConfig)
    i.TIM_ClearFlag                          0x08003690   Section        0  stm32f10x_tim.o(i.TIM_ClearFlag)
    i.TIM_ClearITPendingBit                  0x08003696   Section        0  stm32f10x_tim.o(i.TIM_ClearITPendingBit)
    i.TIM_Cmd                                0x0800369c   Section        0  stm32f10x_tim.o(i.TIM_Cmd)
    i.TIM_CtrlPWMOutputs                     0x080036b4   Section        0  stm32f10x_tim.o(i.TIM_CtrlPWMOutputs)
    i.TIM_GetITStatus                        0x080036d2   Section        0  stm32f10x_tim.o(i.TIM_GetITStatus)
    i.TIM_ITConfig                           0x080036f4   Section        0  stm32f10x_tim.o(i.TIM_ITConfig)
    i.TIM_OC1Init                            0x08003708   Section        0  stm32f10x_tim.o(i.TIM_OC1Init)
    i.TIM_OC1PreloadConfig                   0x080037a0   Section        0  stm32f10x_tim.o(i.TIM_OC1PreloadConfig)
    i.TIM_SetCompare1                        0x080037b2   Section        0  stm32f10x_tim.o(i.TIM_SetCompare1)
    i.TIM_TimeBaseInit                       0x080037b8   Section        0  stm32f10x_tim.o(i.TIM_TimeBaseInit)
    i.TempToY                                0x0800385c   Section        0  display_ui.o(i.TempToY)
    TempToY                                  0x0800385d   Thumb Code    44  display_ui.o(i.TempToY)
    i.Timer_GetMs                            0x08003888   Section        0  timer.o(i.Timer_GetMs)
    i.Timer_Init1ms                          0x08003898   Section        0  timer.o(i.Timer_Init1ms)
    i.USART2_IRQHandler                      0x08003904   Section        0  esp_uart.o(i.USART2_IRQHandler)
    i.USART3_IRQHandler                      0x080039e0   Section        0  lower_uart.o(i.USART3_IRQHandler)
    i.USART_ClearITPendingBit                0x08003a68   Section        0  stm32f10x_usart.o(i.USART_ClearITPendingBit)
    i.USART_Cmd                              0x08003a86   Section        0  stm32f10x_usart.o(i.USART_Cmd)
    i.USART_DMACmd                           0x08003a9e   Section        0  stm32f10x_usart.o(i.USART_DMACmd)
    i.USART_GetITStatus                      0x08003ab0   Section        0  stm32f10x_usart.o(i.USART_GetITStatus)
    i.USART_ITConfig                         0x08003b04   Section        0  stm32f10x_usart.o(i.USART_ITConfig)
    i.USART_Init                             0x08003b50   Section        0  stm32f10x_usart.o(i.USART_Init)
    i.USART_ReceiveData                      0x08003c28   Section        0  stm32f10x_usart.o(i.USART_ReceiveData)
    i.USART_SendData                         0x08003c32   Section        0  stm32f10x_usart.o(i.USART_SendData)
    i.UiAssets_DrawText16                    0x08003c3a   Section        0  ui_assets.o(i.UiAssets_DrawText16)
    i.UsageFault_Handler                     0x08003c7e   Section        0  stm32f10x_it.o(i.UsageFault_Handler)
    i.__0snprintf                            0x08003c84   Section        0  printfa.o(i.__0snprintf)
    i.__0vsnprintf                           0x08003cb4   Section        0  printfa.o(i.__0vsnprintf)
    i.__aeabi_errno_addr                     0x08003ce0   Section        0  errno.o(i.__aeabi_errno_addr)
    i.__scatterload_copy                     0x08003ce8   Section       14  handlers.o(i.__scatterload_copy)
    i.__scatterload_null                     0x08003cf6   Section        2  handlers.o(i.__scatterload_null)
    i.__scatterload_zeroinit                 0x08003cf8   Section       14  handlers.o(i.__scatterload_zeroinit)
    i._fp_digits                             0x08003d08   Section        0  printfa.o(i._fp_digits)
    _fp_digits                               0x08003d09   Thumb Code   366  printfa.o(i._fp_digits)
    i._printf_core                           0x08003e8c   Section        0  printfa.o(i._printf_core)
    _printf_core                             0x08003e8d   Thumb Code  1744  printfa.o(i._printf_core)
    i._printf_post_padding                   0x08004568   Section        0  printfa.o(i._printf_post_padding)
    _printf_post_padding                     0x08004569   Thumb Code    36  printfa.o(i._printf_post_padding)
    i._printf_pre_padding                    0x0800458c   Section        0  printfa.o(i._printf_pre_padding)
    _printf_pre_padding                      0x0800458d   Thumb Code    46  printfa.o(i._printf_pre_padding)
    i._snputc                                0x080045ba   Section        0  printfa.o(i._snputc)
    _snputc                                  0x080045bb   Thumb Code    22  printfa.o(i._snputc)
    i.delay_init                             0x080045d0   Section        0  delay.o(i.delay_init)
    i.delay_ms                               0x0800460c   Section        0  delay.o(i.delay_ms)
    i.main                                   0x08004648   Section        0  main.o(i.main)
    .constdata                               0x080046a4   Section       18  display_ui.o(.constdata)
    digitSegMap                              0x080046a4   Data          10  display_ui.o(.constdata)
    x                                        0x080046ae   Data           8  display_ui.o(.constdata)
    .constdata                               0x080046b8   Section      476  ui_assets.o(.constdata)
    zh_gong_16                               0x080046b8   Data          32  ui_assets.o(.constdata)
    zh_zuo_16                                0x080046d8   Data          32  ui_assets.o(.constdata)
    zh_zhong_16                              0x080046f8   Data          32  ui_assets.o(.constdata)
    zh_zai_16                                0x08004718   Data          32  ui_assets.o(.constdata)
    zh_xian_16                               0x08004738   Data          32  ui_assets.o(.constdata)
    zh_li_16                                 0x08004758   Data          32  ui_assets.o(.constdata)
    zh_shou_16                               0x08004778   Data          32  ui_assets.o(.constdata)
    zh_dong_16                               0x08004798   Data          32  ui_assets.o(.constdata)
    zh_zi_16                                 0x080047b8   Data          32  ui_assets.o(.constdata)
    zh_zhao_16                               0x080047d8   Data          32  ui_assets.o(.constdata)
    zh_ming_16                               0x080047f8   Data          32  ui_assets.o(.constdata)
    zh_pai_16                                0x08004818   Data          32  ui_assets.o(.constdata)
    zh_feng_16                               0x08004838   Data          32  ui_assets.o(.constdata)
    phrase_working                           0x08004858   Data          12  ui_assets.o(.constdata)
    phrase_online                            0x08004864   Data           8  ui_assets.o(.constdata)
    phrase_offline                           0x0800486c   Data           8  ui_assets.o(.constdata)
    phrase_manual                            0x08004874   Data           8  ui_assets.o(.constdata)
    phrase_auto                              0x0800487c   Data           8  ui_assets.o(.constdata)
    phrase_light                             0x08004884   Data           8  ui_assets.o(.constdata)
    phrase_fan                               0x0800488c   Data           8  ui_assets.o(.constdata)
    .constdata                               0x08004894   Section      295  st7789.o(.constdata)
    font5x7                                  0x08004894   Data         295  st7789.o(.constdata)
    .constdata                               0x080049bb   Section      129  ctype_o.o(.constdata)
    .constdata                               0x08004a3c   Section        4  ctype_o.o(.constdata)
    table                                    0x08004a3c   Data           4  ctype_o.o(.constdata)
    .conststring                             0x08004a40   Section       73  main.o(.conststring)
    .conststring                             0x08004a8c   Section      228  esp01s.o(.conststring)
    .data                                    0x20000000   Section       12  main.o(.data)
    lastStatusReportMs                       0x20000000   Data           4  main.o(.data)
    lastDebugReportMs                        0x20000004   Data           4  main.o(.data)
    lastRelayApplyMs                         0x20000008   Data           4  main.o(.data)
    .data                                    0x2000000c   Section       32  display_ui.o(.data)
    initialized                              0x2000000c   Data           1  display_ui.o(.data)
    tempCount                                0x2000000d   Data           1  display_ui.o(.data)
    bigDigitCache                            0x2000000e   Data           4  display_ui.o(.data)
    bigDotCache                              0x20000012   Data           1  display_ui.o(.data)
    bigDigitColorCache                       0x20000014   Data           2  display_ui.o(.data)
    timeCache                                0x20000016   Data           6  display_ui.o(.data)
    uartCache                                0x2000001c   Data           1  display_ui.o(.data)
    uartTextCache                            0x2000001d   Data           1  display_ui.o(.data)
    workTextCache                            0x2000001e   Data           1  display_ui.o(.data)
    infoModeCache                            0x2000001f   Data           1  display_ui.o(.data)
    relayCache                               0x20000020   Data           3  display_ui.o(.data)
    lastTopSecond                            0x20000024   Data           4  display_ui.o(.data)
    pageCache                                0x20000028   Data           1  display_ui.o(.data)
    lastColor                                0x2000002a   Data           2  display_ui.o(.data)
    .data                                    0x2000002c   Section        4  delay.o(.data)
    fac_us                                   0x2000002c   Data           1  delay.o(.data)
    fac_ms                                   0x2000002e   Data           2  delay.o(.data)
    .data                                    0x20000030   Section        4  timer.o(.data)
    systemMs                                 0x20000030   Data           4  timer.o(.data)
    .data                                    0x20000034   Section        7  debug_uart.o(.data)
    txHead                                   0x20000034   Data           2  debug_uart.o(.data)
    txTail                                   0x20000036   Data           2  debug_uart.o(.data)
    dmaLen                                   0x20000038   Data           2  debug_uart.o(.data)
    dmaActive                                0x2000003a   Data           1  debug_uart.o(.data)
    .data                                    0x2000003c   Section       12  esp_uart.o(.data)
    writeIdx                                 0x2000003c   Data           1  esp_uart.o(.data)
    readIdx                                  0x2000003d   Data           1  esp_uart.o(.data)
    count                                    0x2000003e   Data           1  esp_uart.o(.data)
    buildIdx                                 0x20000040   Data           2  esp_uart.o(.data)
    discard                                  0x20000042   Data           1  esp_uart.o(.data)
    txHead                                   0x20000044   Data           2  esp_uart.o(.data)
    txTail                                   0x20000046   Data           2  esp_uart.o(.data)
    .data                                    0x20000048   Section        7  lower_uart.o(.data)
    writeIdx                                 0x20000048   Data           1  lower_uart.o(.data)
    readIdx                                  0x20000049   Data           1  lower_uart.o(.data)
    count                                    0x2000004a   Data           1  lower_uart.o(.data)
    buildIdx                                 0x2000004c   Data           2  lower_uart.o(.data)
    discard                                  0x2000004e   Data           1  lower_uart.o(.data)
    .data                                    0x20000050   Section        5  board_io.o(.data)
    lastBlinkMs                              0x20000050   Data           4  board_io.o(.data)
    heartbeatOn                              0x20000054   Data           1  board_io.o(.data)
    .data                                    0x20000055   Section        3  relay.o(.data)
    relayState                               0x20000055   Data           3  relay.o(.data)
    .data                                    0x20000058   Section       25  esp01s.o(.data)
    pendingValid                             0x20000058   Data           1  esp01s.o(.data)
    lastRxMs                                 0x2000005c   Data           4  esp01s.o(.data)
    lastIp                                   0x20000060   Data          16  esp01s.o(.data)
    wsOnline                                 0x20000070   Data           1  esp01s.o(.data)
    .data                                    0x20000074   Section        4  lower_link.o(.data)
    lastRxMs                                 0x20000074   Data           4  lower_link.o(.data)
    .data                                    0x20000078   Section        8  st7789.o(.data)
    dmaActive                                0x20000078   Data           1  st7789.o(.data)
    fillActive                               0x20000079   Data           1  st7789.o(.data)
    fillRowsTotal                            0x2000007a   Data           2  st7789.o(.data)
    fillRowsDone                             0x2000007c   Data           2  st7789.o(.data)
    fillRowBytes                             0x2000007e   Data           2  st7789.o(.data)
    .data                                    0x20000080   Section       20  stm32f10x_rcc.o(.data)
    APBAHBPrescTable                         0x20000080   Data          16  stm32f10x_rcc.o(.data)
    ADCPrescTable                            0x20000090   Data           4  stm32f10x_rcc.o(.data)
    .data                                    0x20000094   Section        4  errno.o(.data)
    _errno                                   0x20000094   Data           4  errno.o(.data)
    .bss                                     0x20000098   Section      140  main.o(.bss)
    app                                      0x20000098   Data         140  main.o(.bss)
    .bss                                     0x20000124   Section      300  display_ui.o(.bss)
    last                                     0x20000124   Data         140  display_ui.o(.bss)
    tempHistory                              0x200001b0   Data         120  display_ui.o(.bss)
    infoCache                                0x20000228   Data          24  display_ui.o(.bss)
    ipCache                                  0x20000240   Data          16  display_ui.o(.bss)
    .bss                                     0x20000250   Section     1024  debug_uart.o(.bss)
    txBuf                                    0x20000250   Data        1024  debug_uart.o(.bss)
    .bss                                     0x20000650   Section     2848  esp_uart.o(.bss)
    rxQueue                                  0x20000650   Data        1920  esp_uart.o(.bss)
    build                                    0x20000dd0   Data         160  esp_uart.o(.bss)
    txBuf                                    0x20000e70   Data         768  esp_uart.o(.bss)
    .bss                                     0x20001170   Section      864  lower_uart.o(.bss)
    rxQueue                                  0x20001170   Data         768  lower_uart.o(.bss)
    build                                    0x20001470   Data          96  lower_uart.o(.bss)
    .bss                                     0x200014d0   Section       36  esp01s.o(.bss)
    pendingCmd                               0x200014d0   Data          36  esp01s.o(.bss)
    .bss                                     0x200014f4   Section      480  st7789.o(.bss)
    dmaRowBuf                                0x200014f4   Data         480  st7789.o(.bss)
    STACK                                    0x200016d8   Section      512  startup_stm32f10x_md.o(STACK)

    Global Symbols

    Symbol Name                              Value     Ov Type        Size  Object(Section)

    BuildAttributes$$THM_ISAv4$P$D$K$B$S$PE$A:L22UL41UL21$X:L11$S22US41US21$IEEE1$IW$USESV6$~STKCKD$USESV7$~SHL$OSPACE$ROPI$EBA8$MICROLIB$REQ8$PRES8$EABIv2 0x00000000   Number         0  anon$$obj.o ABSOLUTE
    __ARM_use_no_argv                        0x00000000   Number         0  main.o ABSOLUTE
    _printf_a                                0x00000000   Number         0  stubs.o ABSOLUTE
    _printf_c                                0x00000000   Number         0  stubs.o ABSOLUTE
    _printf_charcount                        0x00000000   Number         0  stubs.o ABSOLUTE
    _printf_d                                0x00000000   Number         0  stubs.o ABSOLUTE
    _printf_e                                0x00000000   Number         0  stubs.o ABSOLUTE
    _printf_f                                0x00000000   Number         0  stubs.o ABSOLUTE
    _printf_flags                            0x00000000   Number         0  stubs.o ABSOLUTE
    _printf_fp_dec                           0x00000000   Number         0  stubs.o ABSOLUTE
    _printf_fp_hex                           0x00000000   Number         0  stubs.o ABSOLUTE
    _printf_g                                0x00000000   Number         0  stubs.o ABSOLUTE
    _printf_i                                0x00000000   Number         0  stubs.o ABSOLUTE
    _printf_int_dec                          0x00000000   Number         0  stubs.o ABSOLUTE
    _printf_l                                0x00000000   Number         0  stubs.o ABSOLUTE
    _printf_lc                               0x00000000   Number         0  stubs.o ABSOLUTE
    _printf_ll                               0x00000000   Number         0  stubs.o ABSOLUTE
    _printf_lld                              0x00000000   Number         0  stubs.o ABSOLUTE
    _printf_lli                              0x00000000   Number         0  stubs.o ABSOLUTE
    _printf_llo                              0x00000000   Number         0  stubs.o ABSOLUTE
    _printf_llu                              0x00000000   Number         0  stubs.o ABSOLUTE
    _printf_llx                              0x00000000   Number         0  stubs.o ABSOLUTE
    _printf_longlong_dec                     0x00000000   Number         0  stubs.o ABSOLUTE
    _printf_longlong_hex                     0x00000000   Number         0  stubs.o ABSOLUTE
    _printf_longlong_oct                     0x00000000   Number         0  stubs.o ABSOLUTE
    _printf_ls                               0x00000000   Number         0  stubs.o ABSOLUTE
    _printf_mbtowc                           0x00000000   Number         0  stubs.o ABSOLUTE
    _printf_n                                0x00000000   Number         0  stubs.o ABSOLUTE
    _printf_o                                0x00000000   Number         0  stubs.o ABSOLUTE
    _printf_p                                0x00000000   Number         0  stubs.o ABSOLUTE
    _printf_percent                          0x00000000   Number         0  stubs.o ABSOLUTE
    _printf_pre_padding                      0x00000000   Number         0  stubs.o ABSOLUTE
    _printf_return_value                     0x00000000   Number         0  stubs.o ABSOLUTE
    _printf_s                                0x00000000   Number         0  stubs.o ABSOLUTE
    _printf_sizespec                         0x00000000   Number         0  stubs.o ABSOLUTE
    _printf_str                              0x00000000   Number         0  stubs.o ABSOLUTE
    _printf_truncate_signed                  0x00000000   Number         0  stubs.o ABSOLUTE
    _printf_truncate_unsigned                0x00000000   Number         0  stubs.o ABSOLUTE
    _printf_u                                0x00000000   Number         0  stubs.o ABSOLUTE
    _printf_wc                               0x00000000   Number         0  stubs.o ABSOLUTE
    _printf_wctomb                           0x00000000   Number         0  stubs.o ABSOLUTE
    _printf_widthprec                        0x00000000   Number         0  stubs.o ABSOLUTE
    _printf_x                                0x00000000   Number         0  stubs.o ABSOLUTE
    __cpp_initialize__aeabi_                  - Undefined Weak Reference
    __cxa_finalize                            - Undefined Weak Reference
    __decompress                              - Undefined Weak Reference
    _clock_init                               - Undefined Weak Reference
    _microlib_exit                            - Undefined Weak Reference
    __Vectors_Size                           0x000000ec   Number         0  startup_stm32f10x_md.o ABSOLUTE
    __Vectors                                0x08000000   Data           4  startup_stm32f10x_md.o(RESET)
    __Vectors_End                            0x080000ec   Data           0  startup_stm32f10x_md.o(RESET)
    __main                                   0x080000ed   Thumb Code     0  entry.o(.ARM.Collect$$$$00000000)
    _main_stk                                0x080000ed   Thumb Code     0  entry2.o(.ARM.Collect$$$$00000001)
    _main_scatterload                        0x080000f1   Thumb Code     0  entry5.o(.ARM.Collect$$$$00000004)
    __main_after_scatterload                 0x080000f5   Thumb Code     0  entry5.o(.ARM.Collect$$$$00000004)
    _main_clock                              0x080000f5   Thumb Code     0  entry7b.o(.ARM.Collect$$$$00000008)
    _main_cpp_init                           0x080000f5   Thumb Code     0  entry8b.o(.ARM.Collect$$$$0000000A)
    _main_init                               0x080000f5   Thumb Code     0  entry9a.o(.ARM.Collect$$$$0000000B)
    __rt_final_cpp                           0x080000fd   Thumb Code     0  entry10a.o(.ARM.Collect$$$$0000000D)
    __rt_final_exit                          0x080000fd   Thumb Code     0  entry11a.o(.ARM.Collect$$$$0000000F)
    Reset_Handler                            0x08000101   Thumb Code     4  startup_stm32f10x_md.o(.text)
    ADC1_2_IRQHandler                        0x08000117   Thumb Code     0  startup_stm32f10x_md.o(.text)
    CAN1_RX1_IRQHandler                      0x08000117   Thumb Code     0  startup_stm32f10x_md.o(.text)
    CAN1_SCE_IRQHandler                      0x08000117   Thumb Code     0  startup_stm32f10x_md.o(.text)
    DMA1_Channel1_IRQHandler                 0x08000117   Thumb Code     0  startup_stm32f10x_md.o(.text)
    DMA1_Channel2_IRQHandler                 0x08000117   Thumb Code     0  startup_stm32f10x_md.o(.text)
    DMA1_Channel5_IRQHandler                 0x08000117   Thumb Code     0  startup_stm32f10x_md.o(.text)
    DMA1_Channel6_IRQHandler                 0x08000117   Thumb Code     0  startup_stm32f10x_md.o(.text)
    DMA1_Channel7_IRQHandler                 0x08000117   Thumb Code     0  startup_stm32f10x_md.o(.text)
    EXTI0_IRQHandler                         0x08000117   Thumb Code     0  startup_stm32f10x_md.o(.text)
    EXTI15_10_IRQHandler                     0x08000117   Thumb Code     0  startup_stm32f10x_md.o(.text)
    EXTI1_IRQHandler                         0x08000117   Thumb Code     0  startup_stm32f10x_md.o(.text)
    EXTI2_IRQHandler                         0x08000117   Thumb Code     0  startup_stm32f10x_md.o(.text)
    EXTI3_IRQHandler                         0x08000117   Thumb Code     0  startup_stm32f10x_md.o(.text)
    EXTI4_IRQHandler                         0x08000117   Thumb Code     0  startup_stm32f10x_md.o(.text)
    EXTI9_5_IRQHandler                       0x08000117   Thumb Code     0  startup_stm32f10x_md.o(.text)
    FLASH_IRQHandler                         0x08000117   Thumb Code     0  startup_stm32f10x_md.o(.text)
    I2C1_ER_IRQHandler                       0x08000117   Thumb Code     0  startup_stm32f10x_md.o(.text)
    I2C1_EV_IRQHandler                       0x08000117   Thumb Code     0  startup_stm32f10x_md.o(.text)
    I2C2_ER_IRQHandler                       0x08000117   Thumb Code     0  startup_stm32f10x_md.o(.text)
    I2C2_EV_IRQHandler                       0x08000117   Thumb Code     0  startup_stm32f10x_md.o(.text)
    PVD_IRQHandler                           0x08000117   Thumb Code     0  startup_stm32f10x_md.o(.text)
    RCC_IRQHandler                           0x08000117   Thumb Code     0  startup_stm32f10x_md.o(.text)
    RTCAlarm_IRQHandler                      0x08000117   Thumb Code     0  startup_stm32f10x_md.o(.text)
    RTC_IRQHandler                           0x08000117   Thumb Code     0  startup_stm32f10x_md.o(.text)
    SPI1_IRQHandler                          0x08000117   Thumb Code     0  startup_stm32f10x_md.o(.text)
    SPI2_IRQHandler                          0x08000117   Thumb Code     0  startup_stm32f10x_md.o(.text)
    TAMPER_IRQHandler                        0x08000117   Thumb Code     0  startup_stm32f10x_md.o(.text)
    TIM1_BRK_IRQHandler                      0x08000117   Thumb Code     0  startup_stm32f10x_md.o(.text)
    TIM1_CC_IRQHandler                       0x08000117   Thumb Code     0  startup_stm32f10x_md.o(.text)
    TIM1_TRG_COM_IRQHandler                  0x08000117   Thumb Code     0  startup_stm32f10x_md.o(.text)
    TIM1_UP_IRQHandler                       0x08000117   Thumb Code     0  startup_stm32f10x_md.o(.text)
    TIM2_IRQHandler                          0x08000117   Thumb Code     0  startup_stm32f10x_md.o(.text)
    TIM4_IRQHandler                          0x08000117   Thumb Code     0  startup_stm32f10x_md.o(.text)
    USART1_IRQHandler                        0x08000117   Thumb Code     0  startup_stm32f10x_md.o(.text)
    USBWakeUp_IRQHandler                     0x08000117   Thumb Code     0  startup_stm32f10x_md.o(.text)
    USB_HP_CAN1_TX_IRQHandler                0x08000117   Thumb Code     0  startup_stm32f10x_md.o(.text)
    USB_LP_CAN1_RX0_IRQHandler               0x08000117   Thumb Code     0  startup_stm32f10x_md.o(.text)
    WWDG_IRQHandler                          0x08000117   Thumb Code     0  startup_stm32f10x_md.o(.text)
    __rt_ctype_table                         0x0800011d   Thumb Code     4  ctype_o.o(.text)
    __aeabi_memcpy                           0x08000125   Thumb Code    36  memcpya.o(.text)
    __aeabi_memcpy4                          0x08000125   Thumb Code     0  memcpya.o(.text)
    __aeabi_memcpy8                          0x08000125   Thumb Code     0  memcpya.o(.text)
    __aeabi_memset                           0x08000149   Thumb Code    14  memseta.o(.text)
    __aeabi_memset4                          0x08000149   Thumb Code     0  memseta.o(.text)
    __aeabi_memset8                          0x08000149   Thumb Code     0  memseta.o(.text)
    __aeabi_memclr                           0x08000157   Thumb Code     4  memseta.o(.text)
    __aeabi_memclr4                          0x08000157   Thumb Code     0  memseta.o(.text)
    __aeabi_memclr8                          0x08000157   Thumb Code     0  memseta.o(.text)
    _memset$wrapper                          0x0800015b   Thumb Code    18  memseta.o(.text)
    strstr                                   0x0800016d   Thumb Code    36  strstr.o(.text)
    strncpy                                  0x08000191   Thumb Code    24  strncpy.o(.text)
    strlen                                   0x080001a9   Thumb Code    14  strlen.o(.text)
    strcmp                                   0x080001b7   Thumb Code    28  strcmp.o(.text)
    strcpy                                   0x080001d3   Thumb Code    18  strcpy.o(.text)
    strncmp                                  0x080001e5   Thumb Code    30  strncmp.o(.text)
    atoi                                     0x08000203   Thumb Code    26  atoi.o(.text)
    __aeabi_uidiv                            0x0800021d   Thumb Code     0  uidiv.o(.text)
    __aeabi_uidivmod                         0x0800021d   Thumb Code    44  uidiv.o(.text)
    __aeabi_uldivmod                         0x08000249   Thumb Code    98  uldiv.o(.text)
    strtol                                   0x080002ab   Thumb Code   112  strtol.o(.text)
    __I$use$fp                               0x0800031b   Thumb Code     0  iusefp.o(.text)
    __aeabi_dadd                             0x0800031b   Thumb Code   322  dadd.o(.text)
    __aeabi_dsub                             0x0800045d   Thumb Code     6  dadd.o(.text)
    __aeabi_drsub                            0x08000463   Thumb Code     6  dadd.o(.text)
    __aeabi_dmul                             0x08000469   Thumb Code   228  dmul.o(.text)
    __aeabi_ddiv                             0x0800054d   Thumb Code   222  ddiv.o(.text)
    __aeabi_d2ulz                            0x0800062b   Thumb Code    48  dfixul.o(.text)
    __aeabi_cdrcmple                         0x0800065d   Thumb Code    48  cdrcmple.o(.text)
    __scatterload                            0x0800068d   Thumb Code    28  init.o(.text)
    __scatterload_rt2                        0x0800068d   Thumb Code     0  init.o(.text)
    __aeabi_llsl                             0x080006b1   Thumb Code    30  llshl.o(.text)
    _ll_shift_l                              0x080006b1   Thumb Code     0  llshl.o(.text)
    __aeabi_llsr                             0x080006cf   Thumb Code    32  llushr.o(.text)
    _ll_ushift_r                             0x080006cf   Thumb Code     0  llushr.o(.text)
    __aeabi_lasr                             0x080006ef   Thumb Code    36  llsshr.o(.text)
    _ll_sshift_r                             0x080006ef   Thumb Code     0  llsshr.o(.text)
    _strtoul                                 0x08000713   Thumb Code   158  _strtoul.o(.text)
    _double_round                            0x080007b1   Thumb Code    30  depilogue.o(.text)
    _double_epilogue                         0x080007cf   Thumb Code   156  depilogue.o(.text)
    _chval                                   0x0800086b   Thumb Code    28  _chval.o(.text)
    AppMode_ToText                           0x08000889   Thumb Code    14  app_state.o(i.AppMode_ToText)
    AppState_Init                            0x080008a9   Thumb Code    54  app_state.o(i.AppState_Init)
    BoardIo_Init                             0x08000cc9   Thumb Code    80  board_io.o(i.BoardIo_Init)
    BoardIo_Task                             0x08000d21   Thumb Code    88  board_io.o(i.BoardIo_Task)
    BusFault_Handler                         0x08000d89   Thumb Code     4  stm32f10x_it.o(i.BusFault_Handler)
    DMA1_Channel3_IRQHandler                 0x08000dd1   Thumb Code    72  st7789.o(i.DMA1_Channel3_IRQHandler)
    DMA1_Channel4_IRQHandler                 0x08000e25   Thumb Code    98  debug_uart.o(i.DMA1_Channel4_IRQHandler)
    DMA_ClearFlag                            0x08000e99   Thumb Code    18  stm32f10x_dma.o(i.DMA_ClearFlag)
    DMA_ClearITPendingBit                    0x08000eb5   Thumb Code    18  stm32f10x_dma.o(i.DMA_ClearITPendingBit)
    DMA_Cmd                                  0x08000ed1   Thumb Code    24  stm32f10x_dma.o(i.DMA_Cmd)
    DMA_DeInit                               0x08000ee9   Thumb Code   324  stm32f10x_dma.o(i.DMA_DeInit)
    DMA_GetITStatus                          0x08001035   Thumb Code    36  stm32f10x_dma.o(i.DMA_GetITStatus)
    DMA_ITConfig                             0x08001061   Thumb Code    18  stm32f10x_dma.o(i.DMA_ITConfig)
    DMA_Init                                 0x08001073   Thumb Code    60  stm32f10x_dma.o(i.DMA_Init)
    DMA_SetCurrDataCounter                   0x080010af   Thumb Code     4  stm32f10x_dma.o(i.DMA_SetCurrDataCounter)
    DebugMon_Handler                         0x080010b3   Thumb Code     2  stm32f10x_it.o(i.DebugMon_Handler)
    DebugUart_Init                           0x080010b5   Thumb Code   230  debug_uart.o(i.DebugUart_Init)
    DebugUart_Printf                         0x08001241   Thumb Code    74  debug_uart.o(i.DebugUart_Printf)
    DebugUart_Write                          0x080012cd   Thumb Code    32  debug_uart.o(i.DebugUart_Write)
    DisplayUi_Init                           0x080012ed   Thumb Code    26  display_ui.o(i.DisplayUi_Init)
    DisplayUi_Task                           0x08001311   Thumb Code   318  display_ui.o(i.DisplayUi_Task)
    ESP01S_Init                              0x08001fd5   Thumb Code     8  esp01s.o(i.ESP01S_Init)
    ESP01S_PopCommand                        0x08001fdd   Thumb Code    36  esp01s.o(i.ESP01S_PopCommand)
    ESP01S_SendAck                           0x08002009   Thumb Code    60  esp01s.o(i.ESP01S_SendAck)
    ESP01S_SendState                         0x08002071   Thumb Code   104  esp01s.o(i.ESP01S_SendState)
    ESP01S_Task                              0x080020e5   Thumb Code   130  esp01s.o(i.ESP01S_Task)
    EspUart_GetLine                          0x08002179   Thumb Code   114  esp_uart.o(i.EspUart_GetLine)
    EspUart_Init                             0x080021f9   Thumb Code   156  esp_uart.o(i.EspUart_Init)
    EspUart_SendString                       0x0800229d   Thumb Code    82  esp_uart.o(i.EspUart_SendString)
    GPIO_Init                                0x08002301   Thumb Code   278  stm32f10x_gpio.o(i.GPIO_Init)
    GPIO_ResetBits                           0x08002417   Thumb Code     4  stm32f10x_gpio.o(i.GPIO_ResetBits)
    GPIO_SetBits                             0x0800241b   Thumb Code     4  stm32f10x_gpio.o(i.GPIO_SetBits)
    HardFault_Handler                        0x0800263d   Thumb Code     4  stm32f10x_it.o(i.HardFault_Handler)
    LowerLink_Init                           0x08002641   Thumb Code     8  lower_link.o(i.LowerLink_Init)
    LowerLink_Task                           0x08002649   Thumb Code    74  lower_link.o(i.LowerLink_Task)
    LowerUart_GetLine                        0x08002699   Thumb Code   108  lower_uart.o(i.LowerUart_GetLine)
    LowerUart_Init                           0x08002711   Thumb Code   162  lower_uart.o(i.LowerUart_Init)
    MemManage_Handler                        0x080027bd   Thumb Code     4  stm32f10x_it.o(i.MemManage_Handler)
    NMI_Handler                              0x080027c1   Thumb Code     2  stm32f10x_it.o(i.NMI_Handler)
    NVIC_Init                                0x080027c5   Thumb Code   100  misc.o(i.NVIC_Init)
    NVIC_PriorityGroupConfig                 0x08002835   Thumb Code    10  misc.o(i.NVIC_PriorityGroupConfig)
    PendSV_Handler                           0x08002915   Thumb Code     2  stm32f10x_it.o(i.PendSV_Handler)
    Presence_Init                            0x08002919   Thumb Code    38  presence.o(i.Presence_Init)
    Presence_IsDetected                      0x08002945   Thumb Code     4  presence.o(i.Presence_IsDetected)
    Presence_IsEnabled                       0x08002949   Thumb Code     4  presence.o(i.Presence_IsEnabled)
    RCC_AHBPeriphClockCmd                    0x08002abd   Thumb Code    26  stm32f10x_rcc.o(i.RCC_AHBPeriphClockCmd)
    RCC_APB1PeriphClockCmd                   0x08002add   Thumb Code    26  stm32f10x_rcc.o(i.RCC_APB1PeriphClockCmd)
    RCC_APB2PeriphClockCmd                   0x08002afd   Thumb Code    26  stm32f10x_rcc.o(i.RCC_APB2PeriphClockCmd)
    RCC_GetClocksFreq                        0x08002b1d   Thumb Code   192  stm32f10x_rcc.o(i.RCC_GetClocksFreq)
    Relay_AllOff                             0x08002bf1   Thumb Code    28  relay.o(i.Relay_AllOff)
    Relay_ApplyAll                           0x08002c0d   Thumb Code    30  relay.o(i.Relay_ApplyAll)
    Relay_Init                               0x08002c2d   Thumb Code    44  relay.o(i.Relay_Init)
    Relay_Set                                0x08002c81   Thumb Code    58  relay.o(i.Relay_Set)
    SPI_Cmd                                  0x08002d65   Thumb Code    24  stm32f10x_spi.o(i.SPI_Cmd)
    SPI_I2S_DMACmd                           0x08002d7d   Thumb Code    18  stm32f10x_spi.o(i.SPI_I2S_DMACmd)
    SPI_I2S_GetFlagStatus                    0x08002d8f   Thumb Code    18  stm32f10x_spi.o(i.SPI_I2S_GetFlagStatus)
    SPI_I2S_SendData                         0x08002da1   Thumb Code     4  stm32f10x_spi.o(i.SPI_I2S_SendData)
    SPI_Init                                 0x08002da5   Thumb Code    60  stm32f10x_spi.o(i.SPI_Init)
    ST7789_DrawChar                          0x08002de1   Thumb Code   152  st7789.o(i.ST7789_DrawChar)
    ST7789_DrawLine                          0x08002e7d   Thumb Code   170  st7789.o(i.ST7789_DrawLine)
    ST7789_DrawPixel                         0x08002f27   Thumb Code    44  st7789.o(i.ST7789_DrawPixel)
    ST7789_DrawString                        0x08002f53   Thumb Code    74  st7789.o(i.ST7789_DrawString)
    ST7789_FillRect                          0x08002f9d   Thumb Code   100  st7789.o(i.ST7789_FillRect)
    ST7789_FillScreen                        0x08003001   Thumb Code    20  st7789.o(i.ST7789_FillScreen)
    ST7789_Init                              0x080031c9   Thumb Code   228  st7789.o(i.ST7789_Init)
    ST7789_IsBusy                            0x080032b1   Thumb Code    28  st7789.o(i.ST7789_IsBusy)
    ST7789_SetBacklight                      0x08003321   Thumb Code    32  st7789.o(i.ST7789_SetBacklight)
    ST7789_Task                              0x080033a5   Thumb Code    64  st7789.o(i.ST7789_Task)
    SVC_Handler                              0x08003489   Thumb Code     2  stm32f10x_it.o(i.SVC_Handler)
    SysTick_CLKSourceConfig                  0x080035c5   Thumb Code    40  misc.o(i.SysTick_CLKSourceConfig)
    SysTick_Handler                          0x080035ed   Thumb Code     2  stm32f10x_it.o(i.SysTick_Handler)
    SystemInit                               0x080035f1   Thumb Code    78  system_stm32f10x.o(i.SystemInit)
    TIM3_IRQHandler                          0x08003651   Thumb Code    32  timer.o(i.TIM3_IRQHandler)
    TIM_ARRPreloadConfig                     0x08003679   Thumb Code    24  stm32f10x_tim.o(i.TIM_ARRPreloadConfig)
    TIM_ClearFlag                            0x08003691   Thumb Code     6  stm32f10x_tim.o(i.TIM_ClearFlag)
    TIM_ClearITPendingBit                    0x08003697   Thumb Code     6  stm32f10x_tim.o(i.TIM_ClearITPendingBit)
    TIM_Cmd                                  0x0800369d   Thumb Code    24  stm32f10x_tim.o(i.TIM_Cmd)
    TIM_CtrlPWMOutputs                       0x080036b5   Thumb Code    30  stm32f10x_tim.o(i.TIM_CtrlPWMOutputs)
    TIM_GetITStatus                          0x080036d3   Thumb Code    34  stm32f10x_tim.o(i.TIM_GetITStatus)
    TIM_ITConfig                             0x080036f5   Thumb Code    18  stm32f10x_tim.o(i.TIM_ITConfig)
    TIM_OC1Init                              0x08003709   Thumb Code   132  stm32f10x_tim.o(i.TIM_OC1Init)
    TIM_OC1PreloadConfig                     0x080037a1   Thumb Code    18  stm32f10x_tim.o(i.TIM_OC1PreloadConfig)
    TIM_SetCompare1                          0x080037b3   Thumb Code     4  stm32f10x_tim.o(i.TIM_SetCompare1)
    TIM_TimeBaseInit                         0x080037b9   Thumb Code   122  stm32f10x_tim.o(i.TIM_TimeBaseInit)
    Timer_GetMs                              0x08003889   Thumb Code    10  timer.o(i.Timer_GetMs)
    Timer_Init1ms                            0x08003899   Thumb Code   104  timer.o(i.Timer_Init1ms)
    USART2_IRQHandler                        0x08003905   Thumb Code   192  esp_uart.o(i.USART2_IRQHandler)
    USART3_IRQHandler                        0x080039e1   Thumb Code   120  lower_uart.o(i.USART3_IRQHandler)
    USART_ClearITPendingBit                  0x08003a69   Thumb Code    30  stm32f10x_usart.o(i.USART_ClearITPendingBit)
    USART_Cmd                                0x08003a87   Thumb Code    24  stm32f10x_usart.o(i.USART_Cmd)
    USART_DMACmd                             0x08003a9f   Thumb Code    18  stm32f10x_usart.o(i.USART_DMACmd)
    USART_GetITStatus                        0x08003ab1   Thumb Code    84  stm32f10x_usart.o(i.USART_GetITStatus)
    USART_ITConfig                           0x08003b05   Thumb Code    74  stm32f10x_usart.o(i.USART_ITConfig)
    USART_Init                               0x08003b51   Thumb Code   210  stm32f10x_usart.o(i.USART_Init)
    USART_ReceiveData                        0x08003c29   Thumb Code    10  stm32f10x_usart.o(i.USART_ReceiveData)
    USART_SendData                           0x08003c33   Thumb Code     8  stm32f10x_usart.o(i.USART_SendData)
    UiAssets_DrawText16                      0x08003c3b   Thumb Code    68  ui_assets.o(i.UiAssets_DrawText16)
    UsageFault_Handler                       0x08003c7f   Thumb Code     4  stm32f10x_it.o(i.UsageFault_Handler)
    __0snprintf                              0x08003c85   Thumb Code    44  printfa.o(i.__0snprintf)
    __1snprintf                              0x08003c85   Thumb Code     0  printfa.o(i.__0snprintf)
    __2snprintf                              0x08003c85   Thumb Code     0  printfa.o(i.__0snprintf)
    __c89snprintf                            0x08003c85   Thumb Code     0  printfa.o(i.__0snprintf)
    snprintf                                 0x08003c85   Thumb Code     0  printfa.o(i.__0snprintf)
    __0vsnprintf                             0x08003cb5   Thumb Code    40  printfa.o(i.__0vsnprintf)
    __1vsnprintf                             0x08003cb5   Thumb Code     0  printfa.o(i.__0vsnprintf)
    __2vsnprintf                             0x08003cb5   Thumb Code     0  printfa.o(i.__0vsnprintf)
    __c89vsnprintf                           0x08003cb5   Thumb Code     0  printfa.o(i.__0vsnprintf)
    vsnprintf                                0x08003cb5   Thumb Code     0  printfa.o(i.__0vsnprintf)
    __aeabi_errno_addr                       0x08003ce1   Thumb Code     4  errno.o(i.__aeabi_errno_addr)
    __rt_errno_addr                          0x08003ce1   Thumb Code     0  errno.o(i.__aeabi_errno_addr)
    __scatterload_copy                       0x08003ce9   Thumb Code    14  handlers.o(i.__scatterload_copy)
    __scatterload_null                       0x08003cf7   Thumb Code     2  handlers.o(i.__scatterload_null)
    __scatterload_zeroinit                   0x08003cf9   Thumb Code    14  handlers.o(i.__scatterload_zeroinit)
    delay_init                               0x080045d1   Thumb Code    52  delay.o(i.delay_init)
    delay_ms                                 0x0800460d   Thumb Code    56  delay.o(i.delay_ms)
    main                                     0x08004649   Thumb Code    88  main.o(i.main)
    __ctype_table                            0x080049bb   Data         129  ctype_o.o(.constdata)
    Region$$Table$$Base                      0x08004b70   Number         0  anon$$obj.o(Region$$Table)
    Region$$Table$$Limit                     0x08004b90   Number         0  anon$$obj.o(Region$$Table)
    __initial_sp                             0x200018d8   Data           0  startup_stm32f10x_md.o(STACK)



==============================================================================

Memory Map of the image

  Image Entry point : 0x080000ed

  Load Region LR_IROM1 (Base: 0x08000000, Size: 0x00004c28, Max: 0x00010000, ABSOLUTE)

    Execution Region ER_IROM1 (Exec base: 0x08000000, Load base: 0x08000000, Size: 0x00004b90, Max: 0x00010000, ABSOLUTE)

    Exec Addr    Load Addr    Size         Type   Attr      Idx    E Section Name        Object

    0x08000000   0x08000000   0x000000ec   Data   RO          287    RESET               startup_stm32f10x_md.o
    0x080000ec   0x080000ec   0x00000000   Code   RO         2326  * .ARM.Collect$$$$00000000  mc_w.l(entry.o)
    0x080000ec   0x080000ec   0x00000004   Code   RO         2638    .ARM.Collect$$$$00000001  mc_w.l(entry2.o)
    0x080000f0   0x080000f0   0x00000004   Code   RO         2641    .ARM.Collect$$$$00000004  mc_w.l(entry5.o)
    0x080000f4   0x080000f4   0x00000000   Code   RO         2643    .ARM.Collect$$$$00000008  mc_w.l(entry7b.o)
    0x080000f4   0x080000f4   0x00000000   Code   RO         2645    .ARM.Collect$$$$0000000A  mc_w.l(entry8b.o)
    0x080000f4   0x080000f4   0x00000008   Code   RO         2646    .ARM.Collect$$$$0000000B  mc_w.l(entry9a.o)
    0x080000fc   0x080000fc   0x00000000   Code   RO         2648    .ARM.Collect$$$$0000000D  mc_w.l(entry10a.o)
    0x080000fc   0x080000fc   0x00000000   Code   RO         2650    .ARM.Collect$$$$0000000F  mc_w.l(entry11a.o)
    0x080000fc   0x080000fc   0x00000004   Code   RO         2639    .ARM.Collect$$$$00002712  mc_w.l(entry2.o)
    0x08000100   0x08000100   0x0000001c   Code   RO          288    .text               startup_stm32f10x_md.o
    0x0800011c   0x0800011c   0x00000008   Code   RO         2329    .text               mc_w.l(ctype_o.o)
    0x08000124   0x08000124   0x00000024   Code   RO         2357    .text               mc_w.l(memcpya.o)
    0x08000148   0x08000148   0x00000024   Code   RO         2359    .text               mc_w.l(memseta.o)
    0x0800016c   0x0800016c   0x00000024   Code   RO         2361    .text               mc_w.l(strstr.o)
    0x08000190   0x08000190   0x00000018   Code   RO         2363    .text               mc_w.l(strncpy.o)
    0x080001a8   0x080001a8   0x0000000e   Code   RO         2365    .text               mc_w.l(strlen.o)
    0x080001b6   0x080001b6   0x0000001c   Code   RO         2367    .text               mc_w.l(strcmp.o)
    0x080001d2   0x080001d2   0x00000012   Code   RO         2369    .text               mc_w.l(strcpy.o)
    0x080001e4   0x080001e4   0x0000001e   Code   RO         2371    .text               mc_w.l(strncmp.o)
    0x08000202   0x08000202   0x0000001a   Code   RO         2636    .text               mc_w.l(atoi.o)
    0x0800021c   0x0800021c   0x0000002c   Code   RO         2653    .text               mc_w.l(uidiv.o)
    0x08000248   0x08000248   0x00000062   Code   RO         2655    .text               mc_w.l(uldiv.o)
    0x080002aa   0x080002aa   0x00000070   Code   RO         2664    .text               mc_w.l(strtol.o)
    0x0800031a   0x0800031a   0x00000000   Code   RO         2666    .text               mc_w.l(iusefp.o)
    0x0800031a   0x0800031a   0x0000014e   Code   RO         2667    .text               mf_w.l(dadd.o)
    0x08000468   0x08000468   0x000000e4   Code   RO         2669    .text               mf_w.l(dmul.o)
    0x0800054c   0x0800054c   0x000000de   Code   RO         2671    .text               mf_w.l(ddiv.o)
    0x0800062a   0x0800062a   0x00000030   Code   RO         2673    .text               mf_w.l(dfixul.o)
    0x0800065a   0x0800065a   0x00000002   PAD
    0x0800065c   0x0800065c   0x00000030   Code   RO         2675    .text               mf_w.l(cdrcmple.o)
    0x0800068c   0x0800068c   0x00000024   Code   RO         2677    .text               mc_w.l(init.o)
    0x080006b0   0x080006b0   0x0000001e   Code   RO         2679    .text               mc_w.l(llshl.o)
    0x080006ce   0x080006ce   0x00000020   Code   RO         2681    .text               mc_w.l(llushr.o)
    0x080006ee   0x080006ee   0x00000024   Code   RO         2683    .text               mc_w.l(llsshr.o)
    0x08000712   0x08000712   0x0000009e   Code   RO         2685    .text               mc_w.l(_strtoul.o)
    0x080007b0   0x080007b0   0x000000ba   Code   RO         2687    .text               mf_w.l(depilogue.o)
    0x0800086a   0x0800086a   0x0000001c   Code   RO         2689    .text               mc_w.l(_chval.o)
    0x08000886   0x08000886   0x00000002   PAD
    0x08000888   0x08000888   0x00000020   Code   RO          303    i.AppMode_ToText    app_state.o
    0x080008a8   0x080008a8   0x00000048   Code   RO          304    i.AppState_Init     app_state.o
    0x080008f0   0x080008f0   0x00000048   Code   RO            1    i.App_AutoControlTask  main.o
    0x08000938   0x08000938   0x00000024   Code   RO            2    i.App_CommandTask   main.o
    0x0800095c   0x0800095c   0x00000070   Code   RO            3    i.App_Init          main.o
    0x080009cc   0x080009cc   0x00000150   Code   RO            4    i.App_ProcessCommand  main.o
    0x08000b1c   0x08000b1c   0x00000028   Code   RO            5    i.App_RelayTask     main.o
    0x08000b44   0x08000b44   0x00000088   Code   RO            6    i.App_ReportTask    main.o
    0x08000bcc   0x08000bcc   0x0000001c   Code   RO            7    i.App_SetLoad       main.o
    0x08000be8   0x08000be8   0x00000002   Code   RO            8    i.App_TempDemoTask  main.o
    0x08000bea   0x08000bea   0x00000002   PAD
    0x08000bec   0x08000bec   0x00000018   Code   RO          324    i.BigDigitX         display_ui.o
    0x08000c04   0x08000c04   0x000000c2   Code   RO          325    i.BigSegRect        display_ui.o
    0x08000cc6   0x08000cc6   0x00000002   PAD
    0x08000cc8   0x08000cc8   0x00000058   Code   RO          715    i.BoardIo_Init      board_io.o
    0x08000d20   0x08000d20   0x00000068   Code   RO          716    i.BoardIo_Task      board_io.o
    0x08000d88   0x08000d88   0x00000004   Code   RO          188    i.BusFault_Handler  stm32f10x_it.o
    0x08000d8c   0x08000d8c   0x00000044   Code   RO          326    i.CalcPowerPercent  display_ui.o
    0x08000dd0   0x08000dd0   0x00000054   Code   RO          905    i.DMA1_Channel3_IRQHandler  st7789.o
    0x08000e24   0x08000e24   0x00000074   Code   RO          546    i.DMA1_Channel4_IRQHandler  debug_uart.o
    0x08000e98   0x08000e98   0x0000001c   Code   RO         2110    i.DMA_ClearFlag     stm32f10x_dma.o
    0x08000eb4   0x08000eb4   0x0000001c   Code   RO         2111    i.DMA_ClearITPendingBit  stm32f10x_dma.o
    0x08000ed0   0x08000ed0   0x00000018   Code   RO         2112    i.DMA_Cmd           stm32f10x_dma.o
    0x08000ee8   0x08000ee8   0x0000014c   Code   RO         2113    i.DMA_DeInit        stm32f10x_dma.o
    0x08001034   0x08001034   0x0000002c   Code   RO         2116    i.DMA_GetITStatus   stm32f10x_dma.o
    0x08001060   0x08001060   0x00000012   Code   RO         2117    i.DMA_ITConfig      stm32f10x_dma.o
    0x08001072   0x08001072   0x0000003c   Code   RO         2118    i.DMA_Init          stm32f10x_dma.o
    0x080010ae   0x080010ae   0x00000004   Code   RO         2119    i.DMA_SetCurrDataCounter  stm32f10x_dma.o
    0x080010b2   0x080010b2   0x00000002   Code   RO          189    i.DebugMon_Handler  stm32f10x_it.o
    0x080010b4   0x080010b4   0x000000f8   Code   RO          547    i.DebugUart_Init    debug_uart.o
    0x080011ac   0x080011ac   0x00000094   Code   RO          548    i.DebugUart_KickLocked  debug_uart.o
    0x08001240   0x08001240   0x0000004a   Code   RO          549    i.DebugUart_Printf  debug_uart.o
    0x0800128a   0x0800128a   0x00000002   PAD
    0x0800128c   0x0800128c   0x00000040   Code   RO          550    i.DebugUart_PushByte  debug_uart.o
    0x080012cc   0x080012cc   0x00000020   Code   RO          551    i.DebugUart_Write   debug_uart.o
    0x080012ec   0x080012ec   0x00000024   Code   RO          327    i.DisplayUi_Init    display_ui.o
    0x08001310   0x08001310   0x0000015c   Code   RO          328    i.DisplayUi_Task    display_ui.o
    0x0800146c   0x0800146c   0x00000088   Code   RO          329    i.DrawBigDigit      display_ui.o
    0x080014f4   0x080014f4   0x00000034   Code   RO          330    i.DrawBigDot        display_ui.o
    0x08001528   0x08001528   0x00000052   Code   RO          331    i.DrawCachedString  display_ui.o
    0x0800157a   0x0800157a   0x00000002   PAD
    0x0800157c   0x0800157c   0x000000c4   Code   RO          332    i.DrawChartGrid     display_ui.o
    0x08001640   0x08001640   0x000000f4   Code   RO          333    i.DrawCurve         display_ui.o
    0x08001734   0x08001734   0x00000028   Code   RO          334    i.DrawDashedTarget  display_ui.o
    0x0800175c   0x0800175c   0x0000007c   Code   RO          335    i.DrawDegreeC       display_ui.o
    0x080017d8   0x080017d8   0x00000062   Code   RO          464    i.DrawGlyph16       ui_assets.o
    0x0800183a   0x0800183a   0x00000002   PAD
    0x0800183c   0x0800183c   0x000000dc   Code   RO          336    i.DrawInfoRow       display_ui.o
    0x08001918   0x08001918   0x000000f8   Code   RO          337    i.DrawMainTemperature  display_ui.o
    0x08001a10   0x08001a10   0x00000074   Code   RO          338    i.DrawRect          display_ui.o
    0x08001a84   0x08001a84   0x00000100   Code   RO          339    i.DrawRelayCard     display_ui.o
    0x08001b84   0x08001b84   0x00000094   Code   RO          340    i.DrawStaticFrame   display_ui.o
    0x08001c18   0x08001c18   0x00000138   Code   RO          341    i.DrawStatusBar     display_ui.o
    0x08001d50   0x08001d50   0x00000050   Code   RO          342    i.DrawThickLine     display_ui.o
    0x08001da0   0x08001da0   0x000000b8   Code   RO          343    i.DrawWaitingFrame  display_ui.o
    0x08001e58   0x08001e58   0x0000017c   Code   RO          344    i.DrawWaitingInfo   display_ui.o
    0x08001fd4   0x08001fd4   0x00000008   Code   RO          808    i.ESP01S_Init       esp01s.o
    0x08001fdc   0x08001fdc   0x0000002c   Code   RO          809    i.ESP01S_PopCommand  esp01s.o
    0x08002008   0x08002008   0x00000068   Code   RO          810    i.ESP01S_SendAck    esp01s.o
    0x08002070   0x08002070   0x00000074   Code   RO          811    i.ESP01S_SendState  esp01s.o
    0x080020e4   0x080020e4   0x00000094   Code   RO          812    i.ESP01S_Task       esp01s.o
    0x08002178   0x08002178   0x00000080   Code   RO          602    i.EspUart_GetLine   esp_uart.o
    0x080021f8   0x080021f8   0x000000a4   Code   RO          603    i.EspUart_Init      esp_uart.o
    0x0800229c   0x0800229c   0x00000064   Code   RO          604    i.EspUart_SendString  esp_uart.o
    0x08002300   0x08002300   0x00000116   Code   RO         1074    i.GPIO_Init         stm32f10x_gpio.o
    0x08002416   0x08002416   0x00000004   Code   RO         1081    i.GPIO_ResetBits    stm32f10x_gpio.o
    0x0800241a   0x0800241a   0x00000004   Code   RO         1082    i.GPIO_SetBits      stm32f10x_gpio.o
    0x0800241e   0x0800241e   0x00000002   PAD
    0x08002420   0x08002420   0x00000070   Code   RO          465    i.GetPhrase         ui_assets.o
    0x08002490   0x08002490   0x00000016   Code   RO          345    i.GetTargetTemp     display_ui.o
    0x080024a6   0x080024a6   0x00000002   PAD
    0x080024a8   0x080024a8   0x00000100   Code   RO          813    i.HandleLine        esp01s.o
    0x080025a8   0x080025a8   0x00000094   Code   RO          866    i.HandleLine        lower_link.o
    0x0800263c   0x0800263c   0x00000004   Code   RO          190    i.HardFault_Handler  stm32f10x_it.o
    0x08002640   0x08002640   0x00000008   Code   RO          867    i.LowerLink_Init    lower_link.o
    0x08002648   0x08002648   0x00000050   Code   RO          868    i.LowerLink_Task    lower_link.o
    0x08002698   0x08002698   0x00000078   Code   RO          643    i.LowerUart_GetLine  lower_uart.o
    0x08002710   0x08002710   0x000000ac   Code   RO          644    i.LowerUart_Init    lower_uart.o
    0x080027bc   0x080027bc   0x00000004   Code   RO          191    i.MemManage_Handler  stm32f10x_it.o
    0x080027c0   0x080027c0   0x00000002   Code   RO          192    i.NMI_Handler       stm32f10x_it.o
    0x080027c2   0x080027c2   0x00000002   PAD
    0x080027c4   0x080027c4   0x00000070   Code   RO         1032    i.NVIC_Init         misc.o
    0x08002834   0x08002834   0x00000014   Code   RO         1033    i.NVIC_PriorityGroupConfig  misc.o
    0x08002848   0x08002848   0x0000006a   Code   RO          814    i.ParseField        esp01s.o
    0x080028b2   0x080028b2   0x00000062   Code   RO          869    i.ParseNumberAfter  lower_link.o
    0x08002914   0x08002914   0x00000002   Code   RO          193    i.PendSV_Handler    stm32f10x_it.o
    0x08002916   0x08002916   0x00000002   PAD
    0x08002918   0x08002918   0x0000002c   Code   RO          778    i.Presence_Init     presence.o
    0x08002944   0x08002944   0x00000004   Code   RO          779    i.Presence_IsDetected  presence.o
    0x08002948   0x08002948   0x00000004   Code   RO          780    i.Presence_IsEnabled  presence.o
    0x0800294c   0x0800294c   0x00000054   Code   RO          346    i.PushTemp          display_ui.o
    0x080029a0   0x080029a0   0x00000094   Code   RO          605    i.QueuePushFromIrq  esp_uart.o
    0x08002a34   0x08002a34   0x00000088   Code   RO          646    i.QueuePushFromIrq  lower_uart.o
    0x08002abc   0x08002abc   0x00000020   Code   RO         1183    i.RCC_AHBPeriphClockCmd  stm32f10x_rcc.o
    0x08002adc   0x08002adc   0x00000020   Code   RO         1184    i.RCC_APB1PeriphClockCmd  stm32f10x_rcc.o
    0x08002afc   0x08002afc   0x00000020   Code   RO         1186    i.RCC_APB2PeriphClockCmd  stm32f10x_rcc.o
    0x08002b1c   0x08002b1c   0x000000d4   Code   RO         1194    i.RCC_GetClocksFreq  stm32f10x_rcc.o
    0x08002bf0   0x08002bf0   0x0000001c   Code   RO          735    i.Relay_AllOff      relay.o
    0x08002c0c   0x08002c0c   0x0000001e   Code   RO          736    i.Relay_ApplyAll    relay.o
    0x08002c2a   0x08002c2a   0x00000002   PAD
    0x08002c2c   0x08002c2c   0x00000030   Code   RO          738    i.Relay_Init        relay.o
    0x08002c5c   0x08002c5c   0x00000024   Code   RO          739    i.Relay_Pin         relay.o
    0x08002c80   0x08002c80   0x00000044   Code   RO          740    i.Relay_Set         relay.o
    0x08002cc4   0x08002cc4   0x000000a0   Code   RO          347    i.ResetDrawCaches   display_ui.o
    0x08002d64   0x08002d64   0x00000018   Code   RO         2187    i.SPI_Cmd           stm32f10x_spi.o
    0x08002d7c   0x08002d7c   0x00000012   Code   RO         2193    i.SPI_I2S_DMACmd    stm32f10x_spi.o
    0x08002d8e   0x08002d8e   0x00000012   Code   RO         2195    i.SPI_I2S_GetFlagStatus  stm32f10x_spi.o
    0x08002da0   0x08002da0   0x00000004   Code   RO         2199    i.SPI_I2S_SendData  stm32f10x_spi.o
    0x08002da4   0x08002da4   0x0000003c   Code   RO         2200    i.SPI_Init          stm32f10x_spi.o
    0x08002de0   0x08002de0   0x0000009c   Code   RO          906    i.ST7789_DrawChar   st7789.o
    0x08002e7c   0x08002e7c   0x000000aa   Code   RO          907    i.ST7789_DrawLine   st7789.o
    0x08002f26   0x08002f26   0x0000002c   Code   RO          908    i.ST7789_DrawPixel  st7789.o
    0x08002f52   0x08002f52   0x0000004a   Code   RO          909    i.ST7789_DrawString  st7789.o
    0x08002f9c   0x08002f9c   0x00000064   Code   RO          910    i.ST7789_FillRect   st7789.o
    0x08003000   0x08003000   0x00000014   Code   RO          911    i.ST7789_FillScreen  st7789.o
    0x08003014   0x08003014   0x000001b4   Code   RO          912    i.ST7789_GPIO_Init  st7789.o
    0x080031c8   0x080031c8   0x000000e8   Code   RO          913    i.ST7789_Init       st7789.o
    0x080032b0   0x080032b0   0x00000024   Code   RO          914    i.ST7789_IsBusy     st7789.o
    0x080032d4   0x080032d4   0x0000004a   Code   RO          915    i.ST7789_SetAddressWindow  st7789.o
    0x0800331e   0x0800331e   0x00000002   PAD
    0x08003320   0x08003320   0x00000024   Code   RO          916    i.ST7789_SetBacklight  st7789.o
    0x08003344   0x08003344   0x00000060   Code   RO          917    i.ST7789_StartDma   st7789.o
    0x080033a4   0x080033a4   0x00000054   Code   RO          919    i.ST7789_Task       st7789.o
    0x080033f8   0x080033f8   0x00000012   Code   RO          920    i.ST7789_WaitReady  st7789.o
    0x0800340a   0x0800340a   0x00000002   PAD
    0x0800340c   0x0800340c   0x0000002c   Code   RO          921    i.ST7789_WriteByte  st7789.o
    0x08003438   0x08003438   0x00000018   Code   RO          922    i.ST7789_WriteCommand  st7789.o
    0x08003450   0x08003450   0x00000020   Code   RO          923    i.ST7789_WriteData16  st7789.o
    0x08003470   0x08003470   0x00000018   Code   RO          924    i.ST7789_WriteData8  st7789.o
    0x08003488   0x08003488   0x00000002   Code   RO          194    i.SVC_Handler       stm32f10x_it.o
    0x0800348a   0x0800348a   0x00000008   Code   RO          251    i.SetSysClock       system_stm32f10x.o
    0x08003492   0x08003492   0x00000002   PAD
    0x08003494   0x08003494   0x000000e0   Code   RO          252    i.SetSysClockTo72   system_stm32f10x.o
    0x08003574   0x08003574   0x00000018   Code   RO          925    i.SpiBusy           st7789.o
    0x0800358c   0x0800358c   0x00000038   Code   RO          815    i.StoreIp           esp01s.o
    0x080035c4   0x080035c4   0x00000028   Code   RO         1036    i.SysTick_CLKSourceConfig  misc.o
    0x080035ec   0x080035ec   0x00000002   Code   RO          195    i.SysTick_Handler   stm32f10x_it.o
    0x080035ee   0x080035ee   0x00000002   PAD
    0x080035f0   0x080035f0   0x00000060   Code   RO          254    i.SystemInit        system_stm32f10x.o
    0x08003650   0x08003650   0x00000028   Code   RO          520    i.TIM3_IRQHandler   timer.o
    0x08003678   0x08003678   0x00000018   Code   RO         1566    i.TIM_ARRPreloadConfig  stm32f10x_tim.o
    0x08003690   0x08003690   0x00000006   Code   RO         1572    i.TIM_ClearFlag     stm32f10x_tim.o
    0x08003696   0x08003696   0x00000006   Code   RO         1573    i.TIM_ClearITPendingBit  stm32f10x_tim.o
    0x0800369c   0x0800369c   0x00000018   Code   RO         1578    i.TIM_Cmd           stm32f10x_tim.o
    0x080036b4   0x080036b4   0x0000001e   Code   RO         1580    i.TIM_CtrlPWMOutputs  stm32f10x_tim.o
    0x080036d2   0x080036d2   0x00000022   Code   RO         1599    i.TIM_GetITStatus   stm32f10x_tim.o
    0x080036f4   0x080036f4   0x00000012   Code   RO         1603    i.TIM_ITConfig      stm32f10x_tim.o
    0x08003706   0x08003706   0x00000002   PAD
    0x08003708   0x08003708   0x00000098   Code   RO         1607    i.TIM_OC1Init       stm32f10x_tim.o
    0x080037a0   0x080037a0   0x00000012   Code   RO         1610    i.TIM_OC1PreloadConfig  stm32f10x_tim.o
    0x080037b2   0x080037b2   0x00000004   Code   RO         1639    i.TIM_SetCompare1   stm32f10x_tim.o
    0x080037b6   0x080037b6   0x00000002   PAD
    0x080037b8   0x080037b8   0x000000a4   Code   RO         1649    i.TIM_TimeBaseInit  stm32f10x_tim.o
    0x0800385c   0x0800385c   0x0000002c   Code   RO          348    i.TempToY           display_ui.o
    0x08003888   0x08003888   0x00000010   Code   RO          521    i.Timer_GetMs       timer.o
    0x08003898   0x08003898   0x0000006c   Code   RO          522    i.Timer_Init1ms     timer.o
    0x08003904   0x08003904   0x000000dc   Code   RO          606    i.USART2_IRQHandler  esp_uart.o
    0x080039e0   0x080039e0   0x00000088   Code   RO          647    i.USART3_IRQHandler  lower_uart.o
    0x08003a68   0x08003a68   0x0000001e   Code   RO         1383    i.USART_ClearITPendingBit  stm32f10x_usart.o
    0x08003a86   0x08003a86   0x00000018   Code   RO         1386    i.USART_Cmd         stm32f10x_usart.o
    0x08003a9e   0x08003a9e   0x00000012   Code   RO         1387    i.USART_DMACmd      stm32f10x_usart.o
    0x08003ab0   0x08003ab0   0x00000054   Code   RO         1390    i.USART_GetITStatus  stm32f10x_usart.o
    0x08003b04   0x08003b04   0x0000004a   Code   RO         1392    i.USART_ITConfig    stm32f10x_usart.o
    0x08003b4e   0x08003b4e   0x00000002   PAD
    0x08003b50   0x08003b50   0x000000d8   Code   RO         1393    i.USART_Init        stm32f10x_usart.o
    0x08003c28   0x08003c28   0x0000000a   Code   RO         1400    i.USART_ReceiveData  stm32f10x_usart.o
    0x08003c32   0x08003c32   0x00000008   Code   RO         1403    i.USART_SendData    stm32f10x_usart.o
    0x08003c3a   0x08003c3a   0x00000044   Code   RO          466    i.UiAssets_DrawText16  ui_assets.o
    0x08003c7e   0x08003c7e   0x00000004   Code   RO          196    i.UsageFault_Handler  stm32f10x_it.o
    0x08003c82   0x08003c82   0x00000002   PAD
    0x08003c84   0x08003c84   0x00000030   Code   RO         2609    i.__0snprintf       mc_w.l(printfa.o)
    0x08003cb4   0x08003cb4   0x0000002c   Code   RO         2613    i.__0vsnprintf      mc_w.l(printfa.o)
    0x08003ce0   0x08003ce0   0x00000008   Code   RO         2657    i.__aeabi_errno_addr  mc_w.l(errno.o)
    0x08003ce8   0x08003ce8   0x0000000e   Code   RO         2693    i.__scatterload_copy  mc_w.l(handlers.o)
    0x08003cf6   0x08003cf6   0x00000002   Code   RO         2694    i.__scatterload_null  mc_w.l(handlers.o)
    0x08003cf8   0x08003cf8   0x0000000e   Code   RO         2695    i.__scatterload_zeroinit  mc_w.l(handlers.o)
    0x08003d06   0x08003d06   0x00000002   PAD
    0x08003d08   0x08003d08   0x00000184   Code   RO         2615    i._fp_digits        mc_w.l(printfa.o)
    0x08003e8c   0x08003e8c   0x000006dc   Code   RO         2616    i._printf_core      mc_w.l(printfa.o)
    0x08004568   0x08004568   0x00000024   Code   RO         2617    i._printf_post_padding  mc_w.l(printfa.o)
    0x0800458c   0x0800458c   0x0000002e   Code   RO         2618    i._printf_pre_padding  mc_w.l(printfa.o)
    0x080045ba   0x080045ba   0x00000016   Code   RO         2619    i._snputc           mc_w.l(printfa.o)
    0x080045d0   0x080045d0   0x0000003c   Code   RO          494    i.delay_init        delay.o
    0x0800460c   0x0800460c   0x0000003c   Code   RO          495    i.delay_ms          delay.o
    0x08004648   0x08004648   0x0000005c   Code   RO            9    i.main              main.o
    0x080046a4   0x080046a4   0x00000012   Data   RO          350    .constdata          display_ui.o
    0x080046b6   0x080046b6   0x00000002   PAD
    0x080046b8   0x080046b8   0x000001dc   Data   RO          468    .constdata          ui_assets.o
    0x08004894   0x08004894   0x00000127   Data   RO          927    .constdata          st7789.o
    0x080049bb   0x080049bb   0x00000081   Data   RO         2330    .constdata          mc_w.l(ctype_o.o)
    0x08004a3c   0x08004a3c   0x00000004   Data   RO         2331    .constdata          mc_w.l(ctype_o.o)
    0x08004a40   0x08004a40   0x00000049   Data   RO           11    .conststring        main.o
    0x08004a89   0x08004a89   0x00000003   PAD
    0x08004a8c   0x08004a8c   0x000000e4   Data   RO          817    .conststring        esp01s.o
    0x08004b70   0x08004b70   0x00000020   Data   RO         2691    Region$$Table       anon$$obj.o


    Execution Region RW_IRAM1 (Exec base: 0x20000000, Load base: 0x08004b90, Size: 0x000018d8, Max: 0x00005000, ABSOLUTE)

    Exec Addr    Load Addr    Size         Type   Attr      Idx    E Section Name        Object

    0x20000000   0x08004b90   0x0000000c   Data   RW           12    .data               main.o
    0x2000000c   0x08004b9c   0x00000020   Data   RW          351    .data               display_ui.o
    0x2000002c   0x08004bbc   0x00000004   Data   RW          497    .data               delay.o
    0x20000030   0x08004bc0   0x00000004   Data   RW          523    .data               timer.o
    0x20000034   0x08004bc4   0x00000007   Data   RW          554    .data               debug_uart.o
    0x2000003b   0x08004bcb   0x00000001   PAD
    0x2000003c   0x08004bcc   0x0000000c   Data   RW          608    .data               esp_uart.o
    0x20000048   0x08004bd8   0x00000007   Data   RW          649    .data               lower_uart.o
    0x2000004f   0x08004bdf   0x00000001   PAD
    0x20000050   0x08004be0   0x00000005   Data   RW          717    .data               board_io.o
    0x20000055   0x08004be5   0x00000003   Data   RW          741    .data               relay.o
    0x20000058   0x08004be8   0x00000019   Data   RW          818    .data               esp01s.o
    0x20000071   0x08004c01   0x00000003   PAD
    0x20000074   0x08004c04   0x00000004   Data   RW          870    .data               lower_link.o
    0x20000078   0x08004c08   0x00000008   Data   RW          928    .data               st7789.o
    0x20000080   0x08004c10   0x00000014   Data   RW         1214    .data               stm32f10x_rcc.o
    0x20000094   0x08004c24   0x00000004   Data   RW         2660    .data               mc_w.l(errno.o)
    0x20000098        -       0x0000008c   Zero   RW           10    .bss                main.o
    0x20000124        -       0x0000012c   Zero   RW          349    .bss                display_ui.o
    0x20000250        -       0x00000400   Zero   RW          553    .bss                debug_uart.o
    0x20000650        -       0x00000b20   Zero   RW          607    .bss                esp_uart.o
    0x20001170        -       0x00000360   Zero   RW          648    .bss                lower_uart.o
    0x200014d0        -       0x00000024   Zero   RW          816    .bss                esp01s.o
    0x200014f4        -       0x000001e0   Zero   RW          926    .bss                st7789.o
    0x200016d4   0x08004c28   0x00000004   PAD
    0x200016d8        -       0x00000200   Zero   RW          285    STACK               startup_stm32f10x_md.o


==============================================================================

Image component sizes


      Code (inc. data)   RO Data    RW Data    ZI Data      Debug   Object Name

       104         36          0          0          0       1469   app_state.o
       192         24          0          5          0       1414   board_io.o
       682         74          0          7       1024       5341   debug_uart.o
       120         12          0          4          0       1296   delay.o
      3798        378         18         32        300      18546   display_ui.o
       838        150        228         25         36       6300   esp01s.o
       760         94          0         12       2848       4098   esp_uart.o
       334         38          0          4          0       3462   lower_link.o
       564         64          0          7        864       3377   lower_uart.o
       854        176         73         12        140     275307   main.o
       172         22          0          0          0       2129   misc.o
        52          6          0          0          0       1511   presence.o
       210         14          0          3          0       3297   relay.o
      1808        118        295          8        480      13718   st7789.o
        28          4        236          0        512        840   startup_stm32f10x_md.o
       538         36          0          0          0       6380   stm32f10x_dma.o
       286          0          0          0          0       3108   stm32f10x_gpio.o
        26          0          0          0          0       4010   stm32f10x_it.o
       308         38          0         20          0       5114   stm32f10x_rcc.o
       124          0          0          0          0       3989   stm32f10x_spi.o
       480         62          0          0          0       7273   stm32f10x_tim.o
       464          6          0          0          0       6928   stm32f10x_usart.o
       328         28          0          0          0       1945   system_stm32f10x.o
       164         18          0          4          0       2052   timer.o
       278         38        476          0          0       3378   ui_assets.o

    ----------------------------------------------------------------------
     13548       1436       1363        148       6208     386282   Object Totals
         0          0         32          0          0          0   (incl. Generated)
        36          0          5          5          4          0   (incl. Padding)

    ----------------------------------------------------------------------

      Code (inc. data)   RO Data    RW Data    ZI Data      Debug   Library Member Name

        28          0          0          0          0         68   _chval.o
       158          0          0          0          0         92   _strtoul.o
        26          0          0          0          0         80   atoi.o
         8          4        133          0          0         68   ctype_o.o
         0          0          0          0          0          0   entry.o
         0          0          0          0          0          0   entry10a.o
         0          0          0          0          0          0   entry11a.o
         8          4          0          0          0          0   entry2.o
         4          0          0          0          0          0   entry5.o
         0          0          0          0          0          0   entry7b.o
         0          0          0          0          0          0   entry8b.o
         8          4          0          0          0          0   entry9a.o
         8          4          0          4          0         68   errno.o
        30          0          0          0          0          0   handlers.o
        36          8          0          0          0         68   init.o
         0          0          0          0          0          0   iusefp.o
        30          0          0          0          0         68   llshl.o
        36          0          0          0          0         68   llsshr.o
        32          0          0          0          0         68   llushr.o
        36          0          0          0          0         68   memcpya.o
        36          0          0          0          0        108   memseta.o
      2340         88          0          0          0        600   printfa.o
        28          0          0          0          0         76   strcmp.o
        18          0          0          0          0         68   strcpy.o
        14          0          0          0          0         68   strlen.o
        30          0          0          0          0         80   strncmp.o
        24          0          0          0          0         76   strncpy.o
        36          0          0          0          0         80   strstr.o
       112          0          0          0          0         88   strtol.o
        44          0          0          0          0         80   uidiv.o
        98          0          0          0          0         92   uldiv.o
        48          0          0          0          0         68   cdrcmple.o
       334          0          0          0          0        148   dadd.o
       222          0          0          0          0        100   ddiv.o
       186          0          0          0          0        176   depilogue.o
        48          0          0          0          0         68   dfixul.o
       228          0          0          0          0         96   dmul.o

    ----------------------------------------------------------------------
      4300        112        133          4          0       2788   Library Totals
         6          0          0          0          0          0   (incl. Padding)

    ----------------------------------------------------------------------

      Code (inc. data)   RO Data    RW Data    ZI Data      Debug   Library Name

      3228        112        133          4          0       2132   mc_w.l
      1066          0          0          0          0        656   mf_w.l

    ----------------------------------------------------------------------
      4300        112        133          4          0       2788   Library Totals

    ----------------------------------------------------------------------

==============================================================================


      Code (inc. data)   RO Data    RW Data    ZI Data      Debug   

     17848       1548       1496        152       6208     379862   Grand Totals
     17848       1548       1496        152       6208     379862   ELF Image Totals
     17848       1548       1496        152          0          0   ROM Totals

==============================================================================

    Total RO  Size (Code + RO Data)                19344 (  18.89kB)
    Total RW  Size (RW Data + ZI Data)              6360 (   6.21kB)
    Total ROM Size (Code + RO Data + RW Data)      19496 (  19.04kB)

==============================================================================

