Component: ARM Compiler 5.06 update 6 (build 750) Tool: armlink [4d35ed]

==============================================================================

Section Cross References

    main.o(i.App_AutoControlTask) refers to main.o(.bss) for app
    main.o(i.App_CommandTask) refers to main.o(i.App_ProcessCommand) for App_ProcessCommand
    main.o(i.App_CommandTask) refers to esp01s.o(i.ESP01S_PopCommand) for ESP01S_PopCommand
    main.o(i.App_Init) refers to misc.o(i.NVIC_PriorityGroupConfig) for NVIC_PriorityGroupConfig
    main.o(i.App_Init) refers to app_state.o(i.AppState_Init) for AppState_Init
    main.o(i.App_Init) refers to presence.o(i.Presence_IsEnabled) for Presence_IsEnabled
    main.o(i.App_Init) refers to timer.o(i.Timer_Init1ms) for Timer_Init1ms
    main.o(i.App_Init) refers to debug_uart.o(i.DebugUart_Init) for DebugUart_Init
    main.o(i.App_Init) refers to board_io.o(i.BoardIo_Init) for BoardIo_Init
    main.o(i.App_Init) refers to relay.o(i.Relay_Init) for Relay_Init
    main.o(i.App_Init) refers to presence.o(i.Presence_Init) for Presence_Init
    main.o(i.App_Init) refers to lower_link.o(i.LowerLink_Init) for LowerLink_Init
    main.o(i.App_Init) refers to esp01s.o(i.ESP01S_Init) for ESP01S_Init
    main.o(i.App_Init) refers to relay.o(i.Relay_AllOff) for Relay_AllOff
    main.o(i.App_Init) refers to display_ui.o(i.DisplayUi_Init) for DisplayUi_Init
    main.o(i.App_Init) refers to debug_uart.o(i.DebugUart_Write) for DebugUart_Write
    main.o(i.App_Init) refers to main.o(.bss) for app
    main.o(i.App_PresenceTask) refers to presence.o(i.Presence_Task) for Presence_Task
    main.o(i.App_PresenceTask) refers to presence.o(i.Presence_IsDetected) for Presence_IsDetected
    main.o(i.App_PresenceTask) refers to main.o(.bss) for app
    main.o(i.App_ProcessCommand) refers to strcmp.o(.text) for strcmp
    main.o(i.App_ProcessCommand) refers to main.o(i.App_SetLoad) for App_SetLoad
    main.o(i.App_ProcessCommand) refers to esp01s.o(i.ESP01S_SendAck) for ESP01S_SendAck
    main.o(i.App_ProcessCommand) refers to main.o(.bss) for app
    main.o(i.App_RelayTask) refers to relay.o(i.Relay_ApplyAll) for Relay_ApplyAll
    main.o(i.App_RelayTask) refers to main.o(.data) for lastRelayApplyMs
    main.o(i.App_RelayTask) refers to main.o(.bss) for app
    main.o(i.App_ReportTask) refers to esp01s.o(i.ESP01S_SendState) for ESP01S_SendState
    main.o(i.App_ReportTask) refers to app_state.o(i.AppMode_ToText) for AppMode_ToText
    main.o(i.App_ReportTask) refers to debug_uart.o(i.DebugUart_Printf) for DebugUart_Printf
    main.o(i.App_ReportTask) refers to main.o(.bss) for app
    main.o(i.App_ReportTask) refers to main.o(.data) for lastStatusReportMs
    main.o(i.App_ReportTask) refers to main.o(.conststring) for .conststring
    main.o(i.App_SetLoad) refers to main.o(.bss) for app
    main.o(i.main) refers to system_stm32f10x.o(i.SystemInit) for SystemInit
    main.o(i.main) refers to delay.o(i.delay_init) for delay_init
    main.o(i.main) refers to main.o(i.App_Init) for App_Init
    main.o(i.main) refers to timer.o(i.Timer_GetMs) for Timer_GetMs
    main.o(i.main) refers to st7789.o(i.ST7789_Task) for ST7789_Task
    main.o(i.main) refers to esp01s.o(i.ESP01S_Task) for ESP01S_Task
    main.o(i.main) refers to lower_link.o(i.LowerLink_Task) for LowerLink_Task
    main.o(i.main) refers to main.o(i.App_CommandTask) for App_CommandTask
    main.o(i.main) refers to main.o(i.App_PresenceTask) for App_PresenceTask
    main.o(i.main) refers to main.o(i.App_AutoControlTask) for App_AutoControlTask
    main.o(i.main) refers to main.o(i.App_TempDemoTask) for App_TempDemoTask
    main.o(i.main) refers to main.o(i.App_RelayTask) for App_RelayTask
    main.o(i.main) refers to main.o(i.App_ReportTask) for App_ReportTask
    main.o(i.main) refers to display_ui.o(i.DisplayUi_Task) for DisplayUi_Task
    main.o(i.main) refers to board_io.o(i.BoardIo_Task) for BoardIo_Task
    main.o(i.main) refers to main.o(.bss) for app
    system_stm32f10x.o(i.SetSysClock) refers to system_stm32f10x.o(i.SetSysClockTo72) for SetSysClockTo72
    system_stm32f10x.o(i.SystemCoreClockUpdate) refers to system_stm32f10x.o(.data) for SystemCoreClock
    system_stm32f10x.o(i.SystemInit) refers to system_stm32f10x.o(i.SetSysClock) for SetSysClock
    startup_stm32f10x_md.o(RESET) refers to startup_stm32f10x_md.o(STACK) for __initial_sp
    startup_stm32f10x_md.o(RESET) refers to startup_stm32f10x_md.o(.text) for Reset_Handler
    startup_stm32f10x_md.o(RESET) refers to stm32f10x_it.o(i.NMI_Handler) for NMI_Handler
    startup_stm32f10x_md.o(RESET) refers to stm32f10x_it.o(i.HardFault_Handler) for HardFault_Handler
    startup_stm32f10x_md.o(RESET) refers to stm32f10x_it.o(i.MemManage_Handler) for MemManage_Handler
    startup_stm32f10x_md.o(RESET) refers to stm32f10x_it.o(i.BusFault_Handler) for BusFault_Handler
    startup_stm32f10x_md.o(RESET) refers to stm32f10x_it.o(i.UsageFault_Handler) for UsageFault_Handler
[...]
    i.EspUart_GetLine                        0x080022f8   Section        0  esp_uart.o(i.EspUart_GetLine)
    i.EspUart_Init                           0x08002378   Section        0  esp_uart.o(i.EspUart_Init)
    i.EspUart_SendString                     0x08002420   Section        0  esp_uart.o(i.EspUart_SendString)
    i.GPIO_Init                              0x0800247c   Section        0  stm32f10x_gpio.o(i.GPIO_Init)
    i.GPIO_ReadInputDataBit                  0x08002592   Section        0  stm32f10x_gpio.o(i.GPIO_ReadInputDataBit)
    i.GPIO_ResetBits                         0x080025a4   Section        0  stm32f10x_gpio.o(i.GPIO_ResetBits)
    i.GPIO_SetBits                           0x080025a8   Section        0  stm32f10x_gpio.o(i.GPIO_SetBits)
    i.GetPhrase                              0x080025ac   Section        0  ui_assets.o(i.GetPhrase)
    GetPhrase                                0x080025ad   Thumb Code    82  ui_assets.o(i.GetPhrase)
    i.GetTargetTemp                          0x0800261c   Section        0  display_ui.o(i.GetTargetTemp)
    GetTargetTemp                            0x0800261d   Thumb Code    22  display_ui.o(i.GetTargetTemp)
    i.HandleLine                             0x08002634   Section        0  esp01s.o(i.HandleLine)
    HandleLine                               0x08002635   Thumb Code   192  esp01s.o(i.HandleLine)
    i.HardFault_Handler                      0x08002734   Section        0  stm32f10x_it.o(i.HardFault_Handler)
    i.IsFrameChar                            0x08002738   Section        0  lower_uart.o(i.IsFrameChar)
    IsFrameChar                              0x08002739   Thumb Code    18  lower_uart.o(i.IsFrameChar)
    i.IsValidMode                            0x0800274c   Section        0  lower_link.o(i.IsValidMode)
    IsValidMode                              0x0800274d   Thumb Code    22  lower_link.o(i.IsValidMode)
    i.LowerLink_Init                         0x0800276c   Section        0  lower_link.o(i.LowerLink_Init)
    i.LowerLink_Task                         0x080027b0   Section        0  lower_link.o(i.LowerLink_Task)
    i.LowerModeText                          0x0800295c   Section        0  display_ui.o(i.LowerModeText)
    LowerModeText                            0x0800295d   Thumb Code    68  display_ui.o(i.LowerModeText)
    i.LowerUart_GetFrameErrorCount           0x080029dc   Section        0  lower_uart.o(i.LowerUart_GetFrameErrorCount)
    i.LowerUart_GetLine                      0x080029ec   Section        0  lower_uart.o(i.LowerUart_GetLine)
    i.LowerUart_GetNoiseErrorCount           0x08002a64   Section        0  lower_uart.o(i.LowerUart_GetNoiseErrorCount)
    i.LowerUart_GetOverflowCount             0x08002a74   Section        0  lower_uart.o(i.LowerUart_GetOverflowCount)
    i.LowerUart_GetOverrunCount              0x08002a84   Section        0  lower_uart.o(i.LowerUart_GetOverrunCount)
    i.LowerUart_GetParityErrorCount          0x08002a94   Section        0  lower_uart.o(i.LowerUart_GetParityErrorCount)
    i.LowerUart_GetRecentHex                 0x08002aa4   Section        0  lower_uart.o(i.LowerUart_GetRecentHex)
    i.LowerUart_GetRxByteCount               0x08002b50   Section        0  lower_uart.o(i.LowerUart_GetRxByteCount)
    i.LowerUart_Init                         0x08002b60   Section        0  lower_uart.o(i.LowerUart_Init)
    i.MemManage_Handler                      0x08002bf4   Section        0  stm32f10x_it.o(i.MemManage_Handler)
    i.NMI_Handler                            0x08002bf8   Section        0  stm32f10x_it.o(i.NMI_Handler)
    i.NVIC_Init                              0x08002bfc   Section        0  misc.o(i.NVIC_Init)
    i.NVIC_PriorityGroupConfig               0x08002c6c   Section        0  misc.o(i.NVIC_PriorityGroupConfig)
    i.ParseField                             0x08002c80   Section        0  esp01s.o(i.ParseField)
    ParseField                               0x08002c81   Thumb Code   106  esp01s.o(i.ParseField)
    i.ParseNumber                            0x08002cea   Section        0  lower_link.o(i.ParseNumber)
    ParseNumber                              0x08002ceb   Thumb Code    78  lower_link.o(i.ParseNumber)
    i.ParseNumberField                       0x08002d38   Section        0  lower_link.o(i.ParseNumberField)
    ParseNumberField                         0x08002d39   Thumb Code    38  lower_link.o(i.ParseNumberField)
    i.ParseStatusFrame                       0x08002d6c   Section        0  lower_link.o(i.ParseStatusFrame)
    ParseStatusFrame                         0x08002d6d   Thumb Code   198  lower_link.o(i.ParseStatusFrame)
    i.PendSV_Handler                         0x08002e94   Section        0  stm32f10x_it.o(i.PendSV_Handler)
    i.Presence_ConvertRaw                    0x08002e96   Section        0  presence.o(i.Presence_ConvertRaw)
    Presence_ConvertRaw                      0x08002e97   Thumb Code     2  presence.o(i.Presence_ConvertRaw)
    i.Presence_Init                          0x08002e98   Section        0  presence.o(i.Presence_Init)
    i.Presence_IsDetected                    0x08002f04   Section        0  presence.o(i.Presence_IsDetected)
    i.Presence_IsEnabled                     0x08002f10   Section        0  presence.o(i.Presence_IsEnabled)
    i.Presence_ReadRaw                       0x08002f14   Section        0  presence.o(i.Presence_ReadRaw)
    i.Presence_Task                          0x08002f2c   Section        0  presence.o(i.Presence_Task)
    i.PushTemp                               0x08002fd8   Section        0  display_ui.o(i.PushTemp)
    PushTemp                                 0x08002fd9   Thumb Code    74  display_ui.o(i.PushTemp)
    i.QueuePushFromIrq                       0x0800302c   Section        0  esp_uart.o(i.QueuePushFromIrq)
    QueuePushFromIrq                         0x0800302d   Thumb Code   122  esp_uart.o(i.QueuePushFromIrq)
    i.QueuePushFromIrq                       0x080030c0   Section        0  lower_uart.o(i.QueuePushFromIrq)
    QueuePushFromIrq                         0x080030c1   Thumb Code   118  lower_uart.o(i.QueuePushFromIrq)
    i.RCC_AHBPeriphClockCmd                  0x08003154   Section        0  stm32f10x_rcc.o(i.RCC_AHBPeriphClockCmd)
    i.RCC_APB1PeriphClockCmd                 0x08003174   Section        0  stm32f10x_rcc.o(i.RCC_APB1PeriphClockCmd)
    i.RCC_APB2PeriphClockCmd                 0x08003194   Section        0  stm32f10x_rcc.o(i.RCC_APB2PeriphClockCmd)
    i.RCC_GetClocksFreq                      0x080031b4   Section        0  stm32f10x_rcc.o(i.RCC_GetClocksFreq)
    i.Relay_AllOff                           0x08003288   Section        0  relay.o(i.Relay_AllOff)
    i.Relay_ApplyAll                         0x080032a4   Section        0  relay.o(i.Relay_ApplyAll)
    i.Relay_Init                             0x080032c4   Section        0  relay.o(i.Relay_Init)
    i.Relay_Pin                              0x080032f4   Section        0  relay.o(i.Relay_Pin)
    Relay_Pin                                0x080032f5   Thumb Code    36  relay.o(i.Relay_Pin)
    i.Relay_Set                              0x08003318   Section        0  relay.o(i.Relay_Set)
    i.ResetDrawCaches                        0x0800335c   Section        0  display_ui.o(i.ResetDrawCaches)
    ResetDrawCaches                          0x0800335d   Thumb Code   104  display_ui.o(i.ResetDrawCaches)
    i.SPI_Cmd                                0x080033fc   Section        0  stm32f10x_spi.o(i.SPI_Cmd)
    i.SPI_I2S_DMACmd                         0x08003414   Section        0  stm32f10x_spi.o(i.SPI_I2S_DMACmd)
    i.SPI_I2S_GetFlagStatus                  0x08003426   Section        0  stm32f10x_spi.o(i.SPI_I2S_GetFlagStatus)
    i.SPI_I2S_SendData                       0x08003438   Section        0  stm32f10x_spi.o(i.SPI_I2S_SendData)
    i.SPI_Init                               0x0800343c   Section        0  stm32f10x_spi.o(i.SPI_Init)
    i.ST7789_DrawChar                        0x08003478   Section        0  st7789.o(i.ST7789_DrawChar)
    i.ST7789_DrawLine                        0x08003514   Section        0  st7789.o(i.ST7789_DrawLine)
    i.ST7789_DrawPixel                       0x080035be   Section        0  st7789.o(i.ST7789_DrawPixel)
    i.ST7789_DrawString                      0x080035ea   Section        0  st7789.o(i.ST7789_DrawString)
    i.ST7789_FillRect                        0x08003634   Section        0  st7789.o(i.ST7789_FillRect)
    i.ST7789_FillScreen                      0x08003698   Section        0  st7789.o(i.ST7789_FillScreen)
    i.ST7789_GPIO_Init                       0x080036ac   Section        0  st7789.o(i.ST7789_GPIO_Init)
    ST7789_GPIO_Init                         0x080036ad   Thumb Code   412  st7789.o(i.ST7789_GPIO_Init)
    i.ST7789_Init                            0x08003860   Section        0  st7789.o(i.ST7789_Init)
    i.ST7789_IsBusy                          0x08003948   Section        0  st7789.o(i.ST7789_IsBusy)
    i.ST7789_SetAddressWindow                0x0800396c   Section        0  st7789.o(i.ST7789_SetAddressWindow)
    ST7789_SetAddressWindow                  0x0800396d   Thumb Code    74  st7789.o(i.ST7789_SetAddressWindow)
    i.ST7789_SetBacklight                    0x080039b8   Section        0  st7789.o(i.ST7789_SetBacklight)
    i.ST7789_StartDma                        0x080039dc   Section        0  st7789.o(i.ST7789_StartDma)
    ST7789_StartDma                          0x080039dd   Thumb Code    78  st7789.o(i.ST7789_StartDma)
    i.ST7789_Task                            0x08003a3c   Section        0  st7789.o(i.ST7789_Task)
    i.ST7789_WaitReady                       0x08003a90   Section        0  st7789.o(i.ST7789_WaitReady)
    ST7789_WaitReady                         0x08003a91   Thumb Code    18  st7789.o(i.ST7789_WaitReady)
    i.ST7789_WriteByte                       0x08003aa4   Section        0  st7789.o(i.ST7789_WriteByte)
    ST7789_WriteByte                         0x08003aa5   Thumb Code    38  st7789.o(i.ST7789_WriteByte)
    i.ST7789_WriteCommand                    0x08003ad0   Section        0  st7789.o(i.ST7789_WriteCommand)
    ST7789_WriteCommand                      0x08003ad1   Thumb Code    20  st7789.o(i.ST7789_WriteCommand)
    i.ST7789_WriteData16                     0x08003ae8   Section        0  st7789.o(i.ST7789_WriteData16)
    ST7789_WriteData16                       0x08003ae9   Thumb Code    26  st7789.o(i.ST7789_WriteData16)
    i.ST7789_WriteData8                      0x08003b08   Section        0  st7789.o(i.ST7789_WriteData8)
    ST7789_WriteData8                        0x08003b09   Thumb Code    20  st7789.o(i.ST7789_WriteData8)
    i.SVC_Handler                            0x08003b20   Section        0  stm32f10x_it.o(i.SVC_Handler)
    i.SetLowerError                          0x08003b22   Section        0  lower_link.o(i.SetLowerError)
    SetLowerError                            0x08003b23   Thumb Code    34  lower_link.o(i.SetLowerError)
    i.SetLowerRxActivityError                0x08003b44   Section        0  lower_link.o(i.SetLowerRxActivityError)
    SetLowerRxActivityError                  0x08003b45   Thumb Code    30  lower_link.o(i.SetLowerRxActivityError)
    i.SetSysClock                            0x08003b62   Section        0  system_stm32f10x.o(i.SetSysClock)
    SetSysClock                              0x08003b63   Thumb Code     8  system_stm32f10x.o(i.SetSysClock)
    i.SetSysClockTo72                        0x08003b6c   Section        0  system_stm32f10x.o(i.SetSysClockTo72)
    SetSysClockTo72                          0x08003b6d   Thumb Code   214  system_stm32f10x.o(i.SetSysClockTo72)
    i.SpiBusy                                0x08003c4c   Section        0  st7789.o(i.SpiBusy)
    SpiBusy                                  0x08003c4d   Thumb Code    20  st7789.o(i.SpiBusy)
    i.StoreIp                                0x08003c64   Section        0  esp01s.o(i.StoreIp)
    StoreIp                                  0x08003c65   Thumb Code    52  esp01s.o(i.StoreIp)
    i.SysTick_CLKSourceConfig                0x08003c9c   Section        0  misc.o(i.SysTick_CLKSourceConfig)
    i.SysTick_Handler                        0x08003cc4   Section        0  stm32f10x_it.o(i.SysTick_Handler)
    i.SystemInit                             0x08003cc8   Section        0  system_stm32f10x.o(i.SystemInit)
    i.TIM3_IRQHandler                        0x08003d28   Section        0  timer.o(i.TIM3_IRQHandler)
    i.TIM_ARRPreloadConfig                   0x08003d50   Section        0  stm32f10x_tim.o(i.TIM_ARRPreloadConfig)
    i.TIM_ClearFlag                          0x08003d68   Section        0  stm32f10x_tim.o(i.TIM_ClearFlag)
    i.TIM_ClearITPendingBit                  0x08003d6e   Section        0  stm32f10x_tim.o(i.TIM_ClearITPendingBit)
    i.TIM_Cmd                                0x08003d74   Section        0  stm32f10x_tim.o(i.TIM_Cmd)
    i.TIM_CtrlPWMOutputs                     0x08003d8c   Section        0  stm32f10x_tim.o(i.TIM_CtrlPWMOutputs)
    i.TIM_GetITStatus                        0x08003daa   Section        0  stm32f10x_tim.o(i.TIM_GetITStatus)
    i.TIM_ITConfig                           0x08003dcc   Section        0  stm32f10x_tim.o(i.TIM_ITConfig)
    i.TIM_OC1Init                            0x08003de0   Section        0  stm32f10x_tim.o(i.TIM_OC1Init)
    i.TIM_OC1PreloadConfig                   0x08003e78   Section        0  stm32f10x_tim.o(i.TIM_OC1PreloadConfig)
    i.TIM_SetCompare1                        0x08003e8a   Section        0  stm32f10x_tim.o(i.TIM_SetCompare1)
    i.TIM_TimeBaseInit                       0x08003e90   Section        0  stm32f10x_tim.o(i.TIM_TimeBaseInit)
    i.TempToY                                0x08003f34   Section        0  display_ui.o(i.TempToY)
    TempToY                                  0x08003f35   Thumb Code    44  display_ui.o(i.TempToY)
    i.Timer_GetMs                            0x08003f60   Section        0  timer.o(i.Timer_GetMs)
    i.Timer_Init1ms                          0x08003f70   Section        0  timer.o(i.Timer_Init1ms)
    i.USART2_IRQHandler                      0x08003fdc   Section        0  esp_uart.o(i.USART2_IRQHandler)
    i.USART3_IRQHandler                      0x080040b0   Section        0  lower_uart.o(i.USART3_IRQHandler)
    i.USART_ClearITPendingBit                0x08004214   Section        0  stm32f10x_usart.o(i.USART_ClearITPendingBit)
    i.USART_Cmd                              0x08004232   Section        0  stm32f10x_usart.o(i.USART_Cmd)
    i.USART_DMACmd                           0x0800424a   Section        0  stm32f10x_usart.o(i.USART_DMACmd)
    i.USART_GetITStatus                      0x0800425c   Section        0  stm32f10x_usart.o(i.USART_GetITStatus)
    i.USART_ITConfig                         0x080042b0   Section        0  stm32f10x_usart.o(i.USART_ITConfig)
    i.USART_Init                             0x080042fc   Section        0  stm32f10x_usart.o(i.USART_Init)
    i.USART_ReceiveData                      0x080043d4   Section        0  stm32f10x_usart.o(i.USART_ReceiveData)
    i.USART_SendData                         0x080043de   Section        0  stm32f10x_usart.o(i.USART_SendData)
    i.UiAssets_DrawText16                    0x080043e6   Section        0  ui_assets.o(i.UiAssets_DrawText16)
    i.UsageFault_Handler                     0x0800442a   Section        0  stm32f10x_it.o(i.UsageFault_Handler)
    i.__0snprintf                            0x08004430   Section        0  printfa.o(i.__0snprintf)
    i.__0vsnprintf                           0x08004460   Section        0  printfa.o(i.__0vsnprintf)
    i.__aeabi_errno_addr                     0x0800448c   Section        0  errno.o(i.__aeabi_errno_addr)
    i.__scatterload_copy                     0x08004494   Section       14  handlers.o(i.__scatterload_copy)
    i.__scatterload_null                     0x080044a2   Section        2  handlers.o(i.__scatterload_null)
    i.__scatterload_zeroinit                 0x080044a4   Section       14  handlers.o(i.__scatterload_zeroinit)
    i._fp_digits                             0x080044b4   Section        0  printfa.o(i._fp_digits)
    _fp_digits                               0x080044b5   Thumb Code   366  printfa.o(i._fp_digits)
    i._printf_core                           0x08004638   Section        0  printfa.o(i._printf_core)
    _printf_core                             0x08004639   Thumb Code  1744  printfa.o(i._printf_core)
    i._printf_post_padding                   0x08004d14   Section        0  printfa.o(i._printf_post_padding)
    _printf_post_padding                     0x08004d15   Thumb Code    36  printfa.o(i._printf_post_padding)
    i._printf_pre_padding                    0x08004d38   Section        0  printfa.o(i._printf_pre_padding)
    _printf_pre_padding                      0x08004d39   Thumb Code    46  printfa.o(i._printf_pre_padding)
    i._snputc                                0x08004d66   Section        0  printfa.o(i._snputc)
    _snputc                                  0x08004d67   Thumb Code    22  printfa.o(i._snputc)
    i.delay_init                             0x08004d7c   Section        0  delay.o(i.delay_init)
    i.delay_ms                               0x08004db8   Section        0  delay.o(i.delay_ms)
    i.main                                   0x08004df4   Section        0  main.o(i.main)
    .constdata                               0x08004e58   Section       18  display_ui.o(.constdata)
    digitSegMap                              0x08004e58   Data          10  display_ui.o(.constdata)
    x                                        0x08004e62   Data           8  display_ui.o(.constdata)
    .constdata                               0x08004e6c   Section      476  ui_assets.o(.constdata)
    zh_gong_16                               0x08004e6c   Data          32  ui_assets.o(.constdata)
    zh_zuo_16                                0x08004e8c   Data          32  ui_assets.o(.constdata)
    zh_zhong_16                              0x08004eac   Data          32  ui_assets.o(.constdata)
    zh_zai_16                                0x08004ecc   Data          32  ui_assets.o(.constdata)
    zh_xian_16                               0x08004eec   Data          32  ui_assets.o(.constdata)
    zh_li_16                                 0x08004f0c   Data          32  ui_assets.o(.constdata)
    zh_shou_16                               0x08004f2c   Data          32  ui_assets.o(.constdata)
    zh_dong_16                               0x08004f4c   Data          32  ui_assets.o(.constdata)
    zh_zi_16                                 0x08004f6c   Data          32  ui_assets.o(.constdata)
    zh_zhao_16                               0x08004f8c   Data          32  ui_assets.o(.constdata)
    zh_ming_16                               0x08004fac   Data          32  ui_assets.o(.constdata)
    zh_pai_16                                0x08004fcc   Data          32  ui_assets.o(.constdata)
    zh_feng_16                               0x08004fec   Data          32  ui_assets.o(.constdata)
    phrase_working                           0x0800500c   Data          12  ui_assets.o(.constdata)
    phrase_online                            0x08005018   Data           8  ui_assets.o(.constdata)
    phrase_offline                           0x08005020   Data           8  ui_assets.o(.constdata)
    phrase_manual                            0x08005028   Data           8  ui_assets.o(.constdata)
    phrase_auto                              0x08005030   Data           8  ui_assets.o(.constdata)
    phrase_light                             0x08005038   Data           8  ui_assets.o(.constdata)
    phrase_fan                               0x08005040   Data           8  ui_assets.o(.constdata)
    .constdata                               0x08005048   Section       17  lower_uart.o(.constdata)
    hex                                      0x08005048   Data          17  lower_uart.o(.constdata)
    .constdata                               0x08005059   Section      295  st7789.o(.constdata)
    font5x7                                  0x08005059   Data         295  st7789.o(.constdata)
    .constdata                               0x08005180   Section      129  ctype_o.o(.constdata)
    .constdata                               0x08005204   Section        4  ctype_o.o(.constdata)
    table                                    0x08005204   Data           4  ctype_o.o(.constdata)
    .conststring                             0x08005208   Section      205  main.o(.conststring)
    .conststring                             0x080052d8   Section      426  esp01s.o(.conststring)
    .data                                    0x20000000   Section       12  main.o(.data)
    lastStatusReportMs                       0x20000000   Data           4  main.o(.data)
    lastDebugReportMs                        0x20000004   Data           4  main.o(.data)
    lastRelayApplyMs                         0x20000008   Data           4  main.o(.data)
    .data                                    0x2000000c   Section       32  display_ui.o(.data)
    initialized                              0x2000000c   Data           1  display_ui.o(.data)
    tempCount                                0x2000000d   Data           1  display_ui.o(.data)
    bigDigitCache                            0x2000000e   Data           4  display_ui.o(.data)
    bigDotCache                              0x20000012   Data           1  display_ui.o(.data)
    bigDigitColorCache                       0x20000014   Data           2  display_ui.o(.data)
    timeCache                                0x20000016   Data           6  display_ui.o(.data)
    uartCache                                0x2000001c   Data           1  display_ui.o(.data)
    uartTextCache                            0x2000001d   Data           1  display_ui.o(.data)
    workTextCache                            0x2000001e   Data           1  display_ui.o(.data)
    infoModeCache                            0x2000001f   Data           1  display_ui.o(.data)
    relayCache                               0x20000020   Data           3  display_ui.o(.data)
    lastTopSecond                            0x20000024   Data           4  display_ui.o(.data)
    pageCache                                0x20000028   Data           1  display_ui.o(.data)
    lastColor                                0x2000002a   Data           2  display_ui.o(.data)
    .data                                    0x2000002c   Section        4  delay.o(.data)
    fac_us                                   0x2000002c   Data           1  delay.o(.data)
    fac_ms                                   0x2000002e   Data           2  delay.o(.data)
    .data                                    0x20000030   Section        4  timer.o(.data)
    systemMs                                 0x20000030   Data           4  timer.o(.data)
    .data                                    0x20000034   Section        7  debug_uart.o(.data)
    txHead                                   0x20000034   Data           2  debug_uart.o(.data)
    txTail                                   0x20000036   Data           2  debug_uart.o(.data)
    dmaLen                                   0x20000038   Data           2  debug_uart.o(.data)
    dmaActive                                0x2000003a   Data           1  debug_uart.o(.data)
    .data                                    0x2000003c   Section       12  esp_uart.o(.data)
    writeIdx                                 0x2000003c   Data           1  esp_uart.o(.data)
    readIdx                                  0x2000003d   Data           1  esp_uart.o(.data)
    count                                    0x2000003e   Data           1  esp_uart.o(.data)
    buildIdx                                 0x20000040   Data           2  esp_uart.o(.data)
    discard                                  0x20000042   Data           1  esp_uart.o(.data)
    txHead                                   0x20000044   Data           2  esp_uart.o(.data)
    txTail                                   0x20000046   Data           2  esp_uart.o(.data)
    .data                                    0x20000048   Section       42  lower_uart.o(.data)
    writeIdx                                 0x20000048   Data           1  lower_uart.o(.data)
    readIdx                                  0x20000049   Data           1  lower_uart.o(.data)
    count                                    0x2000004a   Data           1  lower_uart.o(.data)
    buildIdx                                 0x2000004c   Data           2  lower_uart.o(.data)
    frameActive                              0x2000004e   Data           1  lower_uart.o(.data)
    rxByteCount                              0x20000050   Data           4  lower_uart.o(.data)
    overflowCount                            0x20000054   Data           4  lower_uart.o(.data)
    overrunCount                             0x20000058   Data           4  lower_uart.o(.data)
    frameErrorCount                          0x2000005c   Data           4  lower_uart.o(.data)
    noiseErrorCount                          0x20000060   Data           4  lower_uart.o(.data)
    parityErrorCount                         0x20000064   Data           4  lower_uart.o(.data)
    recentBytes                              0x20000068   Data           8  lower_uart.o(.data)
    recentWriteIdx                           0x20000070   Data           1  lower_uart.o(.data)
    recentCount                              0x20000071   Data           1  lower_uart.o(.data)
    .data                                    0x20000074   Section        5  board_io.o(.data)
    lastBlinkMs                              0x20000074   Data           4  board_io.o(.data)
    heartbeatOn                              0x20000078   Data           1  board_io.o(.data)
    .data                                    0x20000079   Section        3  relay.o(.data)
    relayState                               0x20000079   Data           3  relay.o(.data)
    .data                                    0x2000007c   Section       20  presence.o(.data)
    stableDetected                           0x2000007c   Data           1  presence.o(.data)
    highActive                               0x2000007d   Data           1  presence.o(.data)
    lowActive                                0x2000007e   Data           1  presence.o(.data)
    highSinceMs                              0x20000080   Data           4  presence.o(.data)
    lowSinceMs                               0x20000084   Data           4  presence.o(.data)
    lastPresenceMs                           0x20000088   Data           4  presence.o(.data)
    lastSampleMs                             0x2000008c   Data           4  presence.o(.data)
    .data                                    0x20000090   Section       25  esp01s.o(.data)
    pendingValid                             0x20000090   Data           1  esp01s.o(.data)
    lastRxMs                                 0x20000094   Data           4  esp01s.o(.data)
    lastIp                                   0x20000098   Data          16  esp01s.o(.data)
    wsOnline                                 0x200000a8   Data           1  esp01s.o(.data)
    .data                                    0x200000ac   Section       28  lower_link.o(.data)
    lastValidRxMs                            0x200000ac   Data           4  lower_link.o(.data)
    lastSeenRxBytes                          0x200000b0   Data           4  lower_link.o(.data)
    lastSeenOverflow                         0x200000b4   Data           4  lower_link.o(.data)
    lastSeenOverrun                          0x200000b8   Data           4  lower_link.o(.data)
    lastSeenFrameError                       0x200000bc   Data           4  lower_link.o(.data)
    lastSeenNoiseError                       0x200000c0   Data           4  lower_link.o(.data)
    lastSeenParityError                      0x200000c4   Data           4  lower_link.o(.data)
    .data                                    0x200000c8   Section        8  st7789.o(.data)
    dmaActive                                0x200000c8   Data           1  st7789.o(.data)
    fillActive                               0x200000c9   Data           1  st7789.o(.data)
    fillRowsTotal                            0x200000ca   Data           2  st7789.o(.data)
    fillRowsDone                             0x200000cc   Data           2  st7789.o(.data)
    fillRowBytes                             0x200000ce   Data           2  st7789.o(.data)
    .data                                    0x200000d0   Section       20  stm32f10x_rcc.o(.data)
    APBAHBPrescTable                         0x200000d0   Data          16  stm32f10x_rcc.o(.data)
    ADCPrescTable                            0x200000e0   Data           4  stm32f10x_rcc.o(.data)
    .data                                    0x200000e4   Section        4  errno.o(.data)
    _errno                                   0x200000e4   Data           4  errno.o(.data)
    .bss                                     0x200000e8   Section      272  main.o(.bss)
    app                                      0x200000e8   Data         272  main.o(.bss)
    .bss                                     0x200001f8   Section      432  display_ui.o(.bss)
    last                                     0x200001f8   Data         272  display_ui.o(.bss)
    tempHistory                              0x20000308   Data         120  display_ui.o(.bss)
    infoCache                                0x20000380   Data          24  display_ui.o(.bss)
    ipCache                                  0x20000398   Data          16  display_ui.o(.bss)
    .bss                                     0x200003a8   Section     1024  debug_uart.o(.bss)
    txBuf                                    0x200003a8   Data        1024  debug_uart.o(.bss)
    .bss                                     0x200007a8   Section     3104  esp_uart.o(.bss)
    rxQueue                                  0x200007a8   Data        1920  esp_uart.o(.bss)
    build                                    0x20000f28   Data         160  esp_uart.o(.bss)
    txBuf                                    0x20000fc8   Data        1024  esp_uart.o(.bss)
    .bss                                     0x200013c8   Section      297  lower_uart.o(.bss)
    rxQueue                                  0x200013c8   Data         264  lower_uart.o(.bss)
    build                                    0x200014d0   Data          33  lower_uart.o(.bss)
    .bss                                     0x200014f4   Section      876  esp01s.o(.bss)
    pendingCmd                               0x200014f4   Data          36  esp01s.o(.bss)
    buf                                      0x20001518   Data         840  esp01s.o(.bss)
    .bss                                     0x20001860   Section      480  st7789.o(.bss)
    dmaRowBuf                                0x20001860   Data         480  st7789.o(.bss)
    STACK                                    0x20001a40   Section      512  startup_stm32f10x_md.o(STACK)

    Global Symbols

    Symbol Name                              Value     Ov Type        Size  Object(Section)

    BuildAttributes$$THM_ISAv4$P$D$K$B$S$PE$A:L22UL41UL21$X:L11$S22US41US21$IEEE1$IW$USESV6$~STKCKD$USESV7$~SHL$OSPACE$ROPI$EBA8$MICROLIB$REQ8$PRES8$EABIv2 0x00000000   Number         0  anon$$obj.o ABSOLUTE
    __ARM_use_no_argv                        0x00000000   Number         0  main.o ABSOLUTE
    _printf_a                                0x00000000   Number         0  stubs.o ABSOLUTE
    _printf_c                                0x00000000   Number         0  stubs.o ABSOLUTE
    _printf_charcount                        0x00000000   Number         0  stubs.o ABSOLUTE
    _printf_d                                0x00000000   Number         0  stubs.o ABSOLUTE
    _printf_e                                0x00000000   Number         0  stubs.o ABSOLUTE
    _printf_f                                0x00000000   Number         0  stubs.o ABSOLUTE
    _printf_flags                            0x00000000   Number         0  stubs.o ABSOLUTE
    _printf_fp_dec                           0x00000000   Number         0  stubs.o ABSOLUTE
    _printf_fp_hex                           0x00000000   Number         0  stubs.o ABSOLUTE
    _printf_g                                0x00000000   Number         0  stubs.o ABSOLUTE
    _printf_i                                0x00000000   Number         0  stubs.o ABSOLUTE
    _printf_int_dec                          0x00000000   Number         0  stubs.o ABSOLUTE
    _printf_l                                0x00000000   Number         0  stubs.o ABSOLUTE
    _printf_lc                               0x00000000   Number         0  stubs.o ABSOLUTE
    _printf_ll                               0x00000000   Number         0  stubs.o ABSOLUTE
    _printf_lld                              0x00000000   Number         0  stubs.o ABSOLUTE
    _printf_lli                              0x00000000   Number         0  stubs.o ABSOLUTE
    _printf_llo                              0x00000000   Number         0  stubs.o ABSOLUTE
    _printf_llu                              0x00000000   Number         0  stubs.o ABSOLUTE
    _printf_llx                              0x00000000   Number         0  stubs.o ABSOLUTE
    _printf_longlong_dec                     0x00000000   Number         0  stubs.o ABSOLUTE
    _printf_longlong_hex                     0x00000000   Number         0  stubs.o ABSOLUTE
    _printf_longlong_oct                     0x00000000   Number         0  stubs.o ABSOLUTE
    _printf_ls                               0x00000000   Number         0  stubs.o ABSOLUTE
    _printf_mbtowc                           0x00000000   Number         0  stubs.o ABSOLUTE
    _printf_n                                0x00000000   Number         0  stubs.o ABSOLUTE
    _printf_o                                0x00000000   Number         0  stubs.o ABSOLUTE
    _printf_p                                0x00000000   Number         0  stubs.o ABSOLUTE
    _printf_percent                          0x00000000   Number         0  stubs.o ABSOLUTE
    _printf_pre_padding                      0x00000000   Number         0  stubs.o ABSOLUTE
    _printf_return_value                     0x00000000   Number         0  stubs.o ABSOLUTE
    _printf_s                                0x00000000   Number         0  stubs.o ABSOLUTE
    _printf_sizespec                         0x00000000   Number         0  stubs.o ABSOLUTE
    _printf_str                              0x00000000   Number         0  stubs.o ABSOLUTE
    _printf_truncate_signed                  0x00000000   Number         0  stubs.o ABSOLUTE
    _printf_truncate_unsigned                0x00000000   Number         0  stubs.o ABSOLUTE
    _printf_u                                0x00000000   Number         0  stubs.o ABSOLUTE
    _printf_wc                               0x00000000   Number         0  stubs.o ABSOLUTE
    _printf_wctomb                           0x00000000   Number         0  stubs.o ABSOLUTE
    _printf_widthprec                        0x00000000   Number         0  stubs.o ABSOLUTE
    _printf_x                                0x00000000   Number         0  stubs.o ABSOLUTE
    __cpp_initialize__aeabi_                  - Undefined Weak Reference
    __cxa_finalize                            - Undefined Weak Reference
    __decompress                              - Undefined Weak Reference
    _clock_init                               - Undefined Weak Reference
    _microlib_exit                            - Undefined Weak Reference
    __Vectors_Size                           0x000000ec   Number         0  startup_stm32f10x_md.o ABSOLUTE
    __Vectors                                0x08000000   Data           4  startup_stm32f10x_md.o(RESET)
    __Vectors_End                            0x080000ec   Data           0  startup_stm32f10x_md.o(RESET)
    __main                                   0x080000ed   Thumb Code     0  entry.o(.ARM.Collect$$$$00000000)
    _main_stk                                0x080000ed   Thumb Code     0  entry2.o(.ARM.Collect$$$$00000001)
    _main_scatterload                        0x080000f1   Thumb Code     0  entry5.o(.ARM.Collect$$$$00000004)
    __main_after_scatterload                 0x080000f5   Thumb Code     0  entry5.o(.ARM.Collect$$$$00000004)
    _main_clock                              0x080000f5   Thumb Code     0  entry7b.o(.ARM.Collect$$$$00000008)
    _main_cpp_init                           0x080000f5   Thumb Code     0  entry8b.o(.ARM.Collect$$$$0000000A)
    _main_init                               0x080000f5   Thumb Code     0  entry9a.o(.ARM.Collect$$$$0000000B)
    __rt_final_cpp                           0x080000fd   Thumb Code     0  entry10a.o(.ARM.Collect$$$$0000000D)
    __rt_final_exit                          0x080000fd   Thumb Code     0  entry11a.o(.ARM.Collect$$$$0000000F)
    Reset_Handler                            0x08000101   Thumb Code     4  startup_stm32f10x_md.o(.text)
    ADC1_2_IRQHandler                        0x08000117   Thumb Code     0  startup_stm32f10x_md.o(.text)
    CAN1_RX1_IRQHandler                      0x08000117   Thumb Code     0  startup_stm32f10x_md.o(.text)
    CAN1_SCE_IRQHandler                      0x08000117   Thumb Code     0  startup_stm32f10x_md.o(.text)
    DMA1_Channel1_IRQHandler                 0x08000117   Thumb Code     0  startup_stm32f10x_md.o(.text)
    DMA1_Channel2_IRQHandler                 0x08000117   Thumb Code     0  startup_stm32f10x_md.o(.text)
    DMA1_Channel5_IRQHandler                 0x08000117   Thumb Code     0  startup_stm32f10x_md.o(.text)
    DMA1_Channel6_IRQHandler                 0x08000117   Thumb Code     0  startup_stm32f10x_md.o(.text)
    DMA1_Channel7_IRQHandler                 0x08000117   Thumb Code     0  startup_stm32f10x_md.o(.text)
    EXTI0_IRQHandler                         0x08000117   Thumb Code     0  startup_stm32f10x_md.o(.text)
    EXTI15_10_IRQHandler                     0x08000117   Thumb Code     0  startup_stm32f10x_md.o(.text)
    EXTI1_IRQHandler                         0x08000117   Thumb Code     0  startup_stm32f10x_md.o(.text)
    EXTI2_IRQHandler                         0x08000117   Thumb Code     0  startup_stm32f10x_md.o(.text)
    EXTI3_IRQHandler                         0x08000117   Thumb Code     0  startup_stm32f10x_md.o(.text)
    EXTI4_IRQHandler                         0x08000117   Thumb Code     0  startup_stm32f10x_md.o(.text)
    EXTI9_5_IRQHandler                       0x08000117   Thumb Code     0  startup_stm32f10x_md.o(.text)
    FLASH_IRQHandler                         0x08000117   Thumb Code     0  startup_stm32f10x_md.o(.text)
    I2C1_ER_IRQHandler                       0x08000117   Thumb Code     0  startup_stm32f10x_md.o(.text)
    I2C1_EV_IRQHandler                       0x08000117   Thumb Code     0  startup_stm32f10x_md.o(.text)
    I2C2_ER_IRQHandler                       0x08000117   Thumb Code     0  startup_stm32f10x_md.o(.text)
    I2C2_EV_IRQHandler                       0x08000117   Thumb Code     0  startup_stm32f10x_md.o(.text)
    PVD_IRQHandler                           0x08000117   Thumb Code     0  startup_stm32f10x_md.o(.text)
    RCC_IRQHandler                           0x08000117   Thumb Code     0  startup_stm32f10x_md.o(.text)
    RTCAlarm_IRQHandler                      0x08000117   Thumb Code     0  startup_stm32f10x_md.o(.text)
    RTC_IRQHandler                           0x08000117   Thumb Code     0  startup_stm32f10x_md.o(.text)
    SPI1_IRQHandler                          0x08000117   Thumb Code     0  startup_stm32f10x_md.o(.text)
    SPI2_IRQHandler                          0x08000117   Thumb Code     0  startup_stm32f10x_md.o(.text)
    TAMPER_IRQHandler                        0x08000117   Thumb Code     0  startup_stm32f10x_md.o(.text)
    TIM1_BRK_IRQHandler                      0x08000117   Thumb Code     0  startup_stm32f10x_md.o(.text)
    TIM1_CC_IRQHandler                       0x08000117   Thumb Code     0  startup_stm32f10x_md.o(.text)
    TIM1_TRG_COM_IRQHandler                  0x08000117   Thumb Code     0  startup_stm32f10x_md.o(.text)
    TIM1_UP_IRQHandler                       0x08000117   Thumb Code     0  startup_stm32f10x_md.o(.text)
    TIM2_IRQHandler                          0x08000117   Thumb Code     0  startup_stm32f10x_md.o(.text)
    TIM4_IRQHandler                          0x08000117   Thumb Code     0  startup_stm32f10x_md.o(.text)
    USART1_IRQHandler                        0x08000117   Thumb Code     0  startup_stm32f10x_md.o(.text)
    USBWakeUp_IRQHandler                     0x08000117   Thumb Code     0  startup_stm32f10x_md.o(.text)
    USB_HP_CAN1_TX_IRQHandler                0x08000117   Thumb Code     0  startup_stm32f10x_md.o(.text)
    USB_LP_CAN1_RX0_IRQHandler               0x08000117   Thumb Code     0  startup_stm32f10x_md.o(.text)
    WWDG_IRQHandler                          0x08000117   Thumb Code     0  startup_stm32f10x_md.o(.text)
    __aeabi_memcpy                           0x0800011d   Thumb Code    36  memcpya.o(.text)
    __aeabi_memcpy4                          0x0800011d   Thumb Code     0  memcpya.o(.text)
    __aeabi_memcpy8                          0x0800011d   Thumb Code     0  memcpya.o(.text)
    __aeabi_memset                           0x08000141   Thumb Code    14  memseta.o(.text)
    __aeabi_memset4                          0x08000141   Thumb Code     0  memseta.o(.text)
    __aeabi_memset8                          0x08000141   Thumb Code     0  memseta.o(.text)
    __aeabi_memclr                           0x0800014f   Thumb Code     4  memseta.o(.text)
    __aeabi_memclr4                          0x0800014f   Thumb Code     0  memseta.o(.text)
    __aeabi_memclr8                          0x0800014f   Thumb Code     0  memseta.o(.text)
    _memset$wrapper                          0x08000153   Thumb Code    18  memseta.o(.text)
    strstr                                   0x08000165   Thumb Code    36  strstr.o(.text)
    strncpy                                  0x08000189   Thumb Code    24  strncpy.o(.text)
    strchr                                   0x080001a1   Thumb Code    20  strchr.o(.text)
    strlen                                   0x080001b5   Thumb Code    14  strlen.o(.text)
    strcmp                                   0x080001c3   Thumb Code    28  strcmp.o(.text)
    strcpy                                   0x080001df   Thumb Code    18  strcpy.o(.text)
    strncmp                                  0x080001f1   Thumb Code    30  strncmp.o(.text)
    strtol                                   0x0800020f   Thumb Code   112  strtol.o(.text)
    atoi                                     0x0800027f   Thumb Code    26  atoi.o(.text)
    __aeabi_uidiv                            0x08000299   Thumb Code     0  uidiv.o(.text)
    __aeabi_uidivmod                         0x08000299   Thumb Code    44  uidiv.o(.text)
    __aeabi_uldivmod                         0x080002c5   Thumb Code    98  uldiv.o(.text)
    __rt_ctype_table                         0x08000329   Thumb Code     4  ctype_o.o(.text)
    _strtoul                                 0x08000331   Thumb Code   158  _strtoul.o(.text)
    __I$use$fp                               0x080003cf   Thumb Code     0  iusefp.o(.text)
    __aeabi_dadd                             0x080003cf   Thumb Code   322  dadd.o(.text)
    __aeabi_dsub                             0x08000511   Thumb Code     6  dadd.o(.text)
    __aeabi_drsub                            0x08000517   Thumb Code     6  dadd.o(.text)
    __aeabi_dmul                             0x0800051d   Thumb Code   228  dmul.o(.text)
    __aeabi_ddiv                             0x08000601   Thumb Code   222  ddiv.o(.text)
    __aeabi_d2ulz                            0x080006df   Thumb Code    48  dfixul.o(.text)
    __aeabi_cdrcmple                         0x08000711   Thumb Code    48  cdrcmple.o(.text)
    __scatterload                            0x08000741   Thumb Code    28  init.o(.text)
    __scatterload_rt2                        0x08000741   Thumb Code     0  init.o(.text)
    __aeabi_llsl                             0x08000765   Thumb Code    30  llshl.o(.text)
    _ll_shift_l                              0x08000765   Thumb Code     0  llshl.o(.text)
    __aeabi_llsr                             0x08000783   Thumb Code    32  llushr.o(.text)
    _ll_ushift_r                             0x08000783   Thumb Code     0  llushr.o(.text)
    __aeabi_lasr                             0x080007a3   Thumb Code    36  llsshr.o(.text)
    _ll_sshift_r                             0x080007a3   Thumb Code     0  llsshr.o(.text)
    _chval                                   0x080007c7   Thumb Code    28  _chval.o(.text)
    _double_round                            0x080007e3   Thumb Code    30  depilogue.o(.text)
    _double_epilogue                         0x08000801   Thumb Code   156  depilogue.o(.text)
    AppMode_ToText                           0x0800089d   Thumb Code    14  app_state.o(i.AppMode_ToText)
    AppState_Init                            0x080008bd   Thumb Code    80  app_state.o(i.AppState_Init)
    BoardIo_Init                             0x08000dd9   Thumb Code    80  board_io.o(i.BoardIo_Init)
    BoardIo_Task                             0x08000e31   Thumb Code    88  board_io.o(i.BoardIo_Task)
    BusFault_Handler                         0x08000e99   Thumb Code     4  stm32f10x_it.o(i.BusFault_Handler)
    DMA1_Channel3_IRQHandler                 0x08000f29   Thumb Code    72  st7789.o(i.DMA1_Channel3_IRQHandler)
    DMA1_Channel4_IRQHandler                 0x08000f7d   Thumb Code    98  debug_uart.o(i.DMA1_Channel4_IRQHandler)
    DMA_ClearFlag                            0x08000ff1   Thumb Code    18  stm32f10x_dma.o(i.DMA_ClearFlag)
    DMA_ClearITPendingBit                    0x0800100d   Thumb Code    18  stm32f10x_dma.o(i.DMA_ClearITPendingBit)
    DMA_Cmd                                  0x08001029   Thumb Code    24  stm32f10x_dma.o(i.DMA_Cmd)
    DMA_DeInit                               0x08001041   Thumb Code   324  stm32f10x_dma.o(i.DMA_DeInit)
    DMA_GetITStatus                          0x0800118d   Thumb Code    36  stm32f10x_dma.o(i.DMA_GetITStatus)
    DMA_ITConfig                             0x080011b9   Thumb Code    18  stm32f10x_dma.o(i.DMA_ITConfig)
    DMA_Init                                 0x080011cb   Thumb Code    60  stm32f10x_dma.o(i.DMA_Init)
    DMA_SetCurrDataCounter                   0x08001207   Thumb Code     4  stm32f10x_dma.o(i.DMA_SetCurrDataCounter)
    DebugMon_Handler                         0x0800120b   Thumb Code     2  stm32f10x_it.o(i.DebugMon_Handler)
    DebugUart_Init                           0x0800120d   Thumb Code   230  debug_uart.o(i.DebugUart_Init)
    DebugUart_Printf                         0x08001399   Thumb Code    74  debug_uart.o(i.DebugUart_Printf)
    DebugUart_Write                          0x08001425   Thumb Code    32  debug_uart.o(i.DebugUart_Write)
    DisplayUi_Init                           0x08001445   Thumb Code    26  display_ui.o(i.DisplayUi_Init)
    DisplayUi_Task                           0x08001469   Thumb Code   322  display_ui.o(i.DisplayUi_Task)
    ESP01S_Init                              0x08002111   Thumb Code     8  esp01s.o(i.ESP01S_Init)
    ESP01S_PopCommand                        0x08002119   Thumb Code    36  esp01s.o(i.ESP01S_PopCommand)
    ESP01S_SendAck                           0x08002145   Thumb Code    60  esp01s.o(i.ESP01S_SendAck)
    ESP01S_SendState                         0x080021ad   Thumb Code   168  esp01s.o(i.ESP01S_SendState)
    ESP01S_Task                              0x08002265   Thumb Code   130  esp01s.o(i.ESP01S_Task)
    EspUart_GetLine                          0x080022f9   Thumb Code   114  esp_uart.o(i.EspUart_GetLine)
    EspUart_Init                             0x08002379   Thumb Code   158  esp_uart.o(i.EspUart_Init)
    EspUart_SendString                       0x08002421   Thumb Code    74  esp_uart.o(i.EspUart_SendString)
    GPIO_Init                                0x0800247d   Thumb Code   278  stm32f10x_gpio.o(i.GPIO_Init)
    GPIO_ReadInputDataBit                    0x08002593   Thumb Code    18  stm32f10x_gpio.o(i.GPIO_ReadInputDataBit)
    GPIO_ResetBits                           0x080025a5   Thumb Code     4  stm32f10x_gpio.o(i.GPIO_ResetBits)
    GPIO_SetBits                             0x080025a9   Thumb Code     4  stm32f10x_gpio.o(i.GPIO_SetBits)
    HardFault_Handler                        0x08002735   Thumb Code     4  stm32f10x_it.o(i.HardFault_Handler)
    LowerLink_Init                           0x0800276d   Thumb Code    38  lower_link.o(i.LowerLink_Init)
    LowerLink_Task                           0x080027b1   Thumb Code   328  lower_link.o(i.LowerLink_Task)
    LowerUart_GetFrameErrorCount             0x080029dd   Thumb Code    10  lower_uart.o(i.LowerUart_GetFrameErrorCount)
    LowerUart_GetLine                        0x080029ed   Thumb Code   106  lower_uart.o(i.LowerUart_GetLine)
    LowerUart_GetNoiseErrorCount             0x08002a65   Thumb Code    10  lower_uart.o(i.LowerUart_GetNoiseErrorCount)
    LowerUart_GetOverflowCount               0x08002a75   Thumb Code    10  lower_uart.o(i.LowerUart_GetOverflowCount)
    LowerUart_GetOverrunCount                0x08002a85   Thumb Code    10  lower_uart.o(i.LowerUart_GetOverrunCount)
    LowerUart_GetParityErrorCount            0x08002a95   Thumb Code    10  lower_uart.o(i.LowerUart_GetParityErrorCount)
    LowerUart_GetRecentHex                   0x08002aa5   Thumb Code   156  lower_uart.o(i.LowerUart_GetRecentHex)
    LowerUart_GetRxByteCount                 0x08002b51   Thumb Code    10  lower_uart.o(i.LowerUart_GetRxByteCount)
    LowerUart_Init                           0x08002b61   Thumb Code   138  lower_uart.o(i.LowerUart_Init)
    MemManage_Handler                        0x08002bf5   Thumb Code     4  stm32f10x_it.o(i.MemManage_Handler)
    NMI_Handler                              0x08002bf9   Thumb Code     2  stm32f10x_it.o(i.NMI_Handler)
    NVIC_Init                                0x08002bfd   Thumb Code   100  misc.o(i.NVIC_Init)
    NVIC_PriorityGroupConfig                 0x08002c6d   Thumb Code    10  misc.o(i.NVIC_PriorityGroupConfig)
    PendSV_Handler                           0x08002e95   Thumb Code     2  stm32f10x_it.o(i.PendSV_Handler)
    Presence_Init                            0x08002e99   Thumb Code    76  presence.o(i.Presence_Init)
    Presence_IsDetected                      0x08002f05   Thumb Code     6  presence.o(i.Presence_IsDetected)
    Presence_IsEnabled                       0x08002f11   Thumb Code     4  presence.o(i.Presence_IsEnabled)
    Presence_ReadRaw                         0x08002f15   Thumb Code    20  presence.o(i.Presence_ReadRaw)
    Presence_Task                            0x08002f2d   Thumb Code   142  presence.o(i.Presence_Task)
    RCC_AHBPeriphClockCmd                    0x08003155   Thumb Code    26  stm32f10x_rcc.o(i.RCC_AHBPeriphClockCmd)
    RCC_APB1PeriphClockCmd                   0x08003175   Thumb Code    26  stm32f10x_rcc.o(i.RCC_APB1PeriphClockCmd)
    RCC_APB2PeriphClockCmd                   0x08003195   Thumb Code    26  stm32f10x_rcc.o(i.RCC_APB2PeriphClockCmd)
    RCC_GetClocksFreq                        0x080031b5   Thumb Code   192  stm32f10x_rcc.o(i.RCC_GetClocksFreq)
    Relay_AllOff                             0x08003289   Thumb Code    28  relay.o(i.Relay_AllOff)
    Relay_ApplyAll                           0x080032a5   Thumb Code    30  relay.o(i.Relay_ApplyAll)
    Relay_Init                               0x080032c5   Thumb Code    44  relay.o(i.Relay_Init)
    Relay_Set                                0x08003319   Thumb Code    58  relay.o(i.Relay_Set)
    SPI_Cmd                                  0x080033fd   Thumb Code    24  stm32f10x_spi.o(i.SPI_Cmd)
    SPI_I2S_DMACmd                           0x08003415   Thumb Code    18  stm32f10x_spi.o(i.SPI_I2S_DMACmd)
    SPI_I2S_GetFlagStatus                    0x08003427   Thumb Code    18  stm32f10x_spi.o(i.SPI_I2S_GetFlagStatus)
    SPI_I2S_SendData                         0x08003439   Thumb Code     4  stm32f10x_spi.o(i.SPI_I2S_SendData)
    SPI_Init                                 0x0800343d   Thumb Code    60  stm32f10x_spi.o(i.SPI_Init)
    ST7789_DrawChar                          0x08003479   Thumb Code   152  st7789.o(i.ST7789_DrawChar)
    ST7789_DrawLine                          0x08003515   Thumb Code   170  st7789.o(i.ST7789_DrawLine)
    ST7789_DrawPixel                         0x080035bf   Thumb Code    44  st7789.o(i.ST7789_DrawPixel)
    ST7789_DrawString                        0x080035eb   Thumb Code    74  st7789.o(i.ST7789_DrawString)
    ST7789_FillRect                          0x08003635   Thumb Code   100  st7789.o(i.ST7789_FillRect)
    ST7789_FillScreen                        0x08003699   Thumb Code    20  st7789.o(i.ST7789_FillScreen)
    ST7789_Init                              0x08003861   Thumb Code   228  st7789.o(i.ST7789_Init)
    ST7789_IsBusy                            0x08003949   Thumb Code    28  st7789.o(i.ST7789_IsBusy)
    ST7789_SetBacklight                      0x080039b9   Thumb Code    32  st7789.o(i.ST7789_SetBacklight)
    ST7789_Task                              0x08003a3d   Thumb Code    64  st7789.o(i.ST7789_Task)
    SVC_Handler                              0x08003b21   Thumb Code     2  stm32f10x_it.o(i.SVC_Handler)
    SysTick_CLKSourceConfig                  0x08003c9d   Thumb Code    40  misc.o(i.SysTick_CLKSourceConfig)
    SysTick_Handler                          0x08003cc5   Thumb Code     2  stm32f10x_it.o(i.SysTick_Handler)
    SystemInit                               0x08003cc9   Thumb Code    78  system_stm32f10x.o(i.SystemInit)
    TIM3_IRQHandler                          0x08003d29   Thumb Code    32  timer.o(i.TIM3_IRQHandler)
    TIM_ARRPreloadConfig                     0x08003d51   Thumb Code    24  stm32f10x_tim.o(i.TIM_ARRPreloadConfig)
    TIM_ClearFlag                            0x08003d69   Thumb Code     6  stm32f10x_tim.o(i.TIM_ClearFlag)
    TIM_ClearITPendingBit                    0x08003d6f   Thumb Code     6  stm32f10x_tim.o(i.TIM_ClearITPendingBit)
    TIM_Cmd                                  0x08003d75   Thumb Code    24  stm32f10x_tim.o(i.TIM_Cmd)
    TIM_CtrlPWMOutputs                       0x08003d8d   Thumb Code    30  stm32f10x_tim.o(i.TIM_CtrlPWMOutputs)
    TIM_GetITStatus                          0x08003dab   Thumb Code    34  stm32f10x_tim.o(i.TIM_GetITStatus)
    TIM_ITConfig                             0x08003dcd   Thumb Code    18  stm32f10x_tim.o(i.TIM_ITConfig)
    TIM_OC1Init                              0x08003de1   Thumb Code   132  stm32f10x_tim.o(i.TIM_OC1Init)
    TIM_OC1PreloadConfig                     0x08003e79   Thumb Code    18  stm32f10x_tim.o(i.TIM_OC1PreloadConfig)
    TIM_SetCompare1                          0x08003e8b   Thumb Code     4  stm32f10x_tim.o(i.TIM_SetCompare1)
    TIM_TimeBaseInit                         0x08003e91   Thumb Code   122  stm32f10x_tim.o(i.TIM_TimeBaseInit)
    Timer_GetMs                              0x08003f61   Thumb Code    10  timer.o(i.Timer_GetMs)
    Timer_Init1ms                            0x08003f71   Thumb Code   104  timer.o(i.Timer_Init1ms)
    USART2_IRQHandler                        0x08003fdd   Thumb Code   184  esp_uart.o(i.USART2_IRQHandler)
    USART3_IRQHandler                        0x080040b1   Thumb Code   304  lower_uart.o(i.USART3_IRQHandler)
    USART_ClearITPendingBit                  0x08004215   Thumb Code    30  stm32f10x_usart.o(i.USART_ClearITPendingBit)
    USART_Cmd                                0x08004233   Thumb Code    24  stm32f10x_usart.o(i.USART_Cmd)
    USART_DMACmd                             0x0800424b   Thumb Code    18  stm32f10x_usart.o(i.USART_DMACmd)
    USART_GetITStatus                        0x0800425d   Thumb Code    84  stm32f10x_usart.o(i.USART_GetITStatus)
    USART_ITConfig                           0x080042b1   Thumb Code    74  stm32f10x_usart.o(i.USART_ITConfig)
    USART_Init                               0x080042fd   Thumb Code   210  stm32f10x_usart.o(i.USART_Init)
    USART_ReceiveData                        0x080043d5   Thumb Code    10  stm32f10x_usart.o(i.USART_ReceiveData)
    USART_SendData                           0x080043df   Thumb Code     8  stm32f10x_usart.o(i.USART_SendData)
    UiAssets_DrawText16                      0x080043e7   Thumb Code    68  ui_assets.o(i.UiAssets_DrawText16)
    UsageFault_Handler                       0x0800442b   Thumb Code     4  stm32f10x_it.o(i.UsageFault_Handler)
    __0snprintf                              0x08004431   Thumb Code    44  printfa.o(i.__0snprintf)
    __1snprintf                              0x08004431   Thumb Code     0  printfa.o(i.__0snprintf)
    __2snprintf                              0x08004431   Thumb Code     0  printfa.o(i.__0snprintf)
    __c89snprintf                            0x08004431   Thumb Code     0  printfa.o(i.__0snprintf)
    snprintf                                 0x08004431   Thumb Code     0  printfa.o(i.__0snprintf)
    __0vsnprintf                             0x08004461   Thumb Code    40  printfa.o(i.__0vsnprintf)
    __1vsnprintf                             0x08004461   Thumb Code     0  printfa.o(i.__0vsnprintf)
    __2vsnprintf                             0x08004461   Thumb Code     0  printfa.o(i.__0vsnprintf)
    __c89vsnprintf                           0x08004461   Thumb Code     0  printfa.o(i.__0vsnprintf)
    vsnprintf                                0x08004461   Thumb Code     0  printfa.o(i.__0vsnprintf)
    __aeabi_errno_addr                       0x0800448d   Thumb Code     4  errno.o(i.__aeabi_errno_addr)
    __rt_errno_addr                          0x0800448d   Thumb Code     0  errno.o(i.__aeabi_errno_addr)
    __scatterload_copy                       0x08004495   Thumb Code    14  handlers.o(i.__scatterload_copy)
    __scatterload_null                       0x080044a3   Thumb Code     2  handlers.o(i.__scatterload_null)
    __scatterload_zeroinit                   0x080044a5   Thumb Code    14  handlers.o(i.__scatterload_zeroinit)
    delay_init                               0x08004d7d   Thumb Code    52  delay.o(i.delay_init)
    delay_ms                                 0x08004db9   Thumb Code    56  delay.o(i.delay_ms)
    main                                     0x08004df5   Thumb Code    94  main.o(i.main)
    __ctype_table                            0x08005180   Data         129  ctype_o.o(.constdata)
    Region$$Table$$Base                      0x08005484   Number         0  anon$$obj.o(Region$$Table)
    Region$$Table$$Limit                     0x080054a4   Number         0  anon$$obj.o(Region$$Table)
    __initial_sp                             0x20001c40   Data           0  startup_stm32f10x_md.o(STACK)



==============================================================================

Memory Map of the image

  Image Entry point : 0x080000ed

  Load Region LR_IROM1 (Base: 0x08000000, Size: 0x0000558c, Max: 0x00010000, ABSOLUTE)

    Execution Region ER_IROM1 (Exec base: 0x08000000, Load base: 0x08000000, Size: 0x000054a4, Max: 0x00010000, ABSOLUTE)

    Exec Addr    Load Addr    Size         Type   Attr      Idx    E Section Name        Object

    0x08000000   0x08000000   0x000000ec   Data   RO          292    RESET               startup_stm32f10x_md.o
    0x080000ec   0x080000ec   0x00000000   Code   RO         2423  * .ARM.Collect$$$$00000000  mc_w.l(entry.o)
    0x080000ec   0x080000ec   0x00000004   Code   RO         2711    .ARM.Collect$$$$00000001  mc_w.l(entry2.o)
    0x080000f0   0x080000f0   0x00000004   Code   RO         2714    .ARM.Collect$$$$00000004  mc_w.l(entry5.o)
    0x080000f4   0x080000f4   0x00000000   Code   RO         2716    .ARM.Collect$$$$00000008  mc_w.l(entry7b.o)
    0x080000f4   0x080000f4   0x00000000   Code   RO         2718    .ARM.Collect$$$$0000000A  mc_w.l(entry8b.o)
    0x080000f4   0x080000f4   0x00000008   Code   RO         2719    .ARM.Collect$$$$0000000B  mc_w.l(entry9a.o)
    0x080000fc   0x080000fc   0x00000000   Code   RO         2721    .ARM.Collect$$$$0000000D  mc_w.l(entry10a.o)
    0x080000fc   0x080000fc   0x00000000   Code   RO         2723    .ARM.Collect$$$$0000000F  mc_w.l(entry11a.o)
    0x080000fc   0x080000fc   0x00000004   Code   RO         2712    .ARM.Collect$$$$00002712  mc_w.l(entry2.o)
    0x08000100   0x08000100   0x0000001c   Code   RO          293    .text               startup_stm32f10x_md.o
    0x0800011c   0x0800011c   0x00000024   Code   RO         2426    .text               mc_w.l(memcpya.o)
    0x08000140   0x08000140   0x00000024   Code   RO         2428    .text               mc_w.l(memseta.o)
    0x08000164   0x08000164   0x00000024   Code   RO         2430    .text               mc_w.l(strstr.o)
    0x08000188   0x08000188   0x00000018   Code   RO         2432    .text               mc_w.l(strncpy.o)
    0x080001a0   0x080001a0   0x00000014   Code   RO         2434    .text               mc_w.l(strchr.o)
    0x080001b4   0x080001b4   0x0000000e   Code   RO         2436    .text               mc_w.l(strlen.o)
    0x080001c2   0x080001c2   0x0000001c   Code   RO         2438    .text               mc_w.l(strcmp.o)
    0x080001de   0x080001de   0x00000012   Code   RO         2440    .text               mc_w.l(strcpy.o)
    0x080001f0   0x080001f0   0x0000001e   Code   RO         2442    .text               mc_w.l(strncmp.o)
    0x0800020e   0x0800020e   0x00000070   Code   RO         2707    .text               mc_w.l(strtol.o)
    0x0800027e   0x0800027e   0x0000001a   Code   RO         2709    .text               mc_w.l(atoi.o)
    0x08000298   0x08000298   0x0000002c   Code   RO         2726    .text               mc_w.l(uidiv.o)
    0x080002c4   0x080002c4   0x00000062   Code   RO         2728    .text               mc_w.l(uldiv.o)
    0x08000326   0x08000326   0x00000002   PAD
    0x08000328   0x08000328   0x00000008   Code   RO         2730    .text               mc_w.l(ctype_o.o)
    0x08000330   0x08000330   0x0000009e   Code   RO         2765    .text               mc_w.l(_strtoul.o)
    0x080003ce   0x080003ce   0x00000000   Code   RO         2767    .text               mc_w.l(iusefp.o)
    0x080003ce   0x080003ce   0x0000014e   Code   RO         2768    .text               mf_w.l(dadd.o)
    0x0800051c   0x0800051c   0x000000e4   Code   RO         2770    .text               mf_w.l(dmul.o)
    0x08000600   0x08000600   0x000000de   Code   RO         2772    .text               mf_w.l(ddiv.o)
    0x080006de   0x080006de   0x00000030   Code   RO         2774    .text               mf_w.l(dfixul.o)
    0x0800070e   0x0800070e   0x00000002   PAD
    0x08000710   0x08000710   0x00000030   Code   RO         2776    .text               mf_w.l(cdrcmple.o)
    0x08000740   0x08000740   0x00000024   Code   RO         2778    .text               mc_w.l(init.o)
    0x08000764   0x08000764   0x0000001e   Code   RO         2780    .text               mc_w.l(llshl.o)
    0x08000782   0x08000782   0x00000020   Code   RO         2782    .text               mc_w.l(llushr.o)
    0x080007a2   0x080007a2   0x00000024   Code   RO         2784    .text               mc_w.l(llsshr.o)
    0x080007c6   0x080007c6   0x0000001c   Code   RO         2786    .text               mc_w.l(_chval.o)
    0x080007e2   0x080007e2   0x000000ba   Code   RO         2788    .text               mf_w.l(depilogue.o)
    0x0800089c   0x0800089c   0x00000020   Code   RO          308    i.AppMode_ToText    app_state.o
    0x080008bc   0x080008bc   0x0000006c   Code   RO          309    i.AppState_Init     app_state.o
    0x08000928   0x08000928   0x00000038   Code   RO            1    i.App_AutoControlTask  main.o
    0x08000960   0x08000960   0x00000024   Code   RO            2    i.App_CommandTask   main.o
    0x08000984   0x08000984   0x00000070   Code   RO            3    i.App_Init          main.o
    0x080009f4   0x080009f4   0x00000034   Code   RO            4    i.App_PresenceTask  main.o
    0x08000a28   0x08000a28   0x00000150   Code   RO            5    i.App_ProcessCommand  main.o
    0x08000b78   0x08000b78   0x00000028   Code   RO            6    i.App_RelayTask     main.o
    0x08000ba0   0x08000ba0   0x000000e0   Code   RO            7    i.App_ReportTask    main.o
    0x08000c80   0x08000c80   0x0000001c   Code   RO            8    i.App_SetLoad       main.o
    0x08000c9c   0x08000c9c   0x00000002   Code   RO            9    i.App_TempDemoTask  main.o
    0x08000c9e   0x08000c9e   0x00000002   PAD
    0x08000ca0   0x08000ca0   0x0000005c   Code   RO          931    i.ApplyStatusFrame  lower_link.o
    0x08000cfc   0x08000cfc   0x00000018   Code   RO          329    i.BigDigitX         display_ui.o
    0x08000d14   0x08000d14   0x000000c2   Code   RO          330    i.BigSegRect        display_ui.o
    0x08000dd6   0x08000dd6   0x00000002   PAD
    0x08000dd8   0x08000dd8   0x00000058   Code   RO          767    i.BoardIo_Init      board_io.o
    0x08000e30   0x08000e30   0x00000068   Code   RO          768    i.BoardIo_Task      board_io.o
    0x08000e98   0x08000e98   0x00000004   Code   RO          193    i.BusFault_Handler  stm32f10x_it.o
    0x08000e9c   0x08000e9c   0x00000020   Code   RO          331    i.CalcPowerPercent  display_ui.o
    0x08000ebc   0x08000ebc   0x00000046   Code   RO          932    i.CopyDebugText     lower_link.o
    0x08000f02   0x08000f02   0x00000026   Code   RO          933    i.CountFields       lower_link.o
    0x08000f28   0x08000f28   0x00000054   Code   RO         1002    i.DMA1_Channel3_IRQHandler  st7789.o
    0x08000f7c   0x08000f7c   0x00000074   Code   RO          556    i.DMA1_Channel4_IRQHandler  debug_uart.o
    0x08000ff0   0x08000ff0   0x0000001c   Code   RO         2207    i.DMA_ClearFlag     stm32f10x_dma.o
    0x0800100c   0x0800100c   0x0000001c   Code   RO         2208    i.DMA_ClearITPendingBit  stm32f10x_dma.o
    0x08001028   0x08001028   0x00000018   Code   RO         2209    i.DMA_Cmd           stm32f10x_dma.o
    0x08001040   0x08001040   0x0000014c   Code   RO         2210    i.DMA_DeInit        stm32f10x_dma.o
    0x0800118c   0x0800118c   0x0000002c   Code   RO         2213    i.DMA_GetITStatus   stm32f10x_dma.o
    0x080011b8   0x080011b8   0x00000012   Code   RO         2214    i.DMA_ITConfig      stm32f10x_dma.o
    0x080011ca   0x080011ca   0x0000003c   Code   RO         2215    i.DMA_Init          stm32f10x_dma.o
    0x08001206   0x08001206   0x00000004   Code   RO         2216    i.DMA_SetCurrDataCounter  stm32f10x_dma.o
    0x0800120a   0x0800120a   0x00000002   Code   RO          194    i.DebugMon_Handler  stm32f10x_it.o
    0x0800120c   0x0800120c   0x000000f8   Code   RO          557    i.DebugUart_Init    debug_uart.o
    0x08001304   0x08001304   0x00000094   Code   RO          558    i.DebugUart_KickLocked  debug_uart.o
    0x08001398   0x08001398   0x0000004a   Code   RO          559    i.DebugUart_Printf  debug_uart.o
    0x080013e2   0x080013e2   0x00000002   PAD
    0x080013e4   0x080013e4   0x00000040   Code   RO          560    i.DebugUart_PushByte  debug_uart.o
    0x08001424   0x08001424   0x00000020   Code   RO          561    i.DebugUart_Write   debug_uart.o
    0x08001444   0x08001444   0x00000024   Code   RO          332    i.DisplayUi_Init    display_ui.o
    0x08001468   0x08001468   0x00000160   Code   RO          333    i.DisplayUi_Task    display_ui.o
    0x080015c8   0x080015c8   0x00000088   Code   RO          334    i.DrawBigDigit      display_ui.o
    0x08001650   0x08001650   0x00000034   Code   RO          335    i.DrawBigDot        display_ui.o
    0x08001684   0x08001684   0x00000052   Code   RO          336    i.DrawCachedString  display_ui.o
    0x080016d6   0x080016d6   0x00000002   PAD
    0x080016d8   0x080016d8   0x000000c4   Code   RO          337    i.DrawChartGrid     display_ui.o
    0x0800179c   0x0800179c   0x000000f4   Code   RO          338    i.DrawCurve         display_ui.o
    0x08001890   0x08001890   0x00000028   Code   RO          339    i.DrawDashedTarget  display_ui.o
    0x080018b8   0x080018b8   0x0000007c   Code   RO          340    i.DrawDegreeC       display_ui.o
    0x08001934   0x08001934   0x00000062   Code   RO          474    i.DrawGlyph16       ui_assets.o
    0x08001996   0x08001996   0x00000002   PAD
    0x08001998   0x08001998   0x000000bc   Code   RO          341    i.DrawInfoRow       display_ui.o
    0x08001a54   0x08001a54   0x000000f8   Code   RO          342    i.DrawMainTemperature  display_ui.o
    0x08001b4c   0x08001b4c   0x00000074   Code   RO          343    i.DrawRect          display_ui.o
    0x08001bc0   0x08001bc0   0x00000100   Code   RO          344    i.DrawRelayCard     display_ui.o
    0x08001cc0   0x08001cc0   0x00000094   Code   RO          345    i.DrawStaticFrame   display_ui.o
    0x08001d54   0x08001d54   0x00000138   Code   RO          346    i.DrawStatusBar     display_ui.o
    0x08001e8c   0x08001e8c   0x00000050   Code   RO          347    i.DrawThickLine     display_ui.o
    0x08001edc   0x08001edc   0x000000b8   Code   RO          348    i.DrawWaitingFrame  display_ui.o
    0x08001f94   0x08001f94   0x0000017c   Code   RO          349    i.DrawWaitingInfo   display_ui.o
    0x08002110   0x08002110   0x00000008   Code   RO          873    i.ESP01S_Init       esp01s.o
    0x08002118   0x08002118   0x0000002c   Code   RO          874    i.ESP01S_PopCommand  esp01s.o
    0x08002144   0x08002144   0x00000068   Code   RO          875    i.ESP01S_SendAck    esp01s.o
    0x080021ac   0x080021ac   0x000000b8   Code   RO          876    i.ESP01S_SendState  esp01s.o
    0x08002264   0x08002264   0x00000094   Code   RO          877    i.ESP01S_Task       esp01s.o
    0x080022f8   0x080022f8   0x00000080   Code   RO          612    i.EspUart_GetLine   esp_uart.o
    0x08002378   0x08002378   0x000000a8   Code   RO          613    i.EspUart_Init      esp_uart.o
    0x08002420   0x08002420   0x0000005c   Code   RO          614    i.EspUart_SendString  esp_uart.o
    0x0800247c   0x0800247c   0x00000116   Code   RO         1171    i.GPIO_Init         stm32f10x_gpio.o
    0x08002592   0x08002592   0x00000012   Code   RO         1175    i.GPIO_ReadInputDataBit  stm32f10x_gpio.o
    0x080025a4   0x080025a4   0x00000004   Code   RO         1178    i.GPIO_ResetBits    stm32f10x_gpio.o
    0x080025a8   0x080025a8   0x00000004   Code   RO         1179    i.GPIO_SetBits      stm32f10x_gpio.o
    0x080025ac   0x080025ac   0x00000070   Code   RO          475    i.GetPhrase         ui_assets.o
    0x0800261c   0x0800261c   0x00000016   Code   RO          350    i.GetTargetTemp     display_ui.o
    0x08002632   0x08002632   0x00000002   PAD
    0x08002634   0x08002634   0x00000100   Code   RO          878    i.HandleLine        esp01s.o
    0x08002734   0x08002734   0x00000004   Code   RO          195    i.HardFault_Handler  stm32f10x_it.o
    0x08002738   0x08002738   0x00000012   Code   RO          653    i.IsFrameChar       lower_uart.o
    0x0800274a   0x0800274a   0x00000002   PAD
    0x0800274c   0x0800274c   0x00000020   Code   RO          934    i.IsValidMode       lower_link.o
    0x0800276c   0x0800276c   0x00000044   Code   RO          935    i.LowerLink_Init    lower_link.o
    0x080027b0   0x080027b0   0x000001ac   Code   RO          936    i.LowerLink_Task    lower_link.o
    0x0800295c   0x0800295c   0x00000080   Code   RO          351    i.LowerModeText     display_ui.o
    0x080029dc   0x080029dc   0x00000010   Code   RO          654    i.LowerUart_GetFrameErrorCount  lower_uart.o
    0x080029ec   0x080029ec   0x00000078   Code   RO          655    i.LowerUart_GetLine  lower_uart.o
    0x08002a64   0x08002a64   0x00000010   Code   RO          656    i.LowerUart_GetNoiseErrorCount  lower_uart.o
    0x08002a74   0x08002a74   0x00000010   Code   RO          657    i.LowerUart_GetOverflowCount  lower_uart.o
    0x08002a84   0x08002a84   0x00000010   Code   RO          658    i.LowerUart_GetOverrunCount  lower_uart.o
    0x08002a94   0x08002a94   0x00000010   Code   RO          659    i.LowerUart_GetParityErrorCount  lower_uart.o
    0x08002aa4   0x08002aa4   0x000000ac   Code   RO          660    i.LowerUart_GetRecentHex  lower_uart.o
    0x08002b50   0x08002b50   0x00000010   Code   RO          661    i.LowerUart_GetRxByteCount  lower_uart.o
    0x08002b60   0x08002b60   0x00000094   Code   RO          662    i.LowerUart_Init    lower_uart.o
    0x08002bf4   0x08002bf4   0x00000004   Code   RO          196    i.MemManage_Handler  stm32f10x_it.o
    0x08002bf8   0x08002bf8   0x00000002   Code   RO          197    i.NMI_Handler       stm32f10x_it.o
    0x08002bfa   0x08002bfa   0x00000002   PAD
    0x08002bfc   0x08002bfc   0x00000070   Code   RO         1129    i.NVIC_Init         misc.o
    0x08002c6c   0x08002c6c   0x00000014   Code   RO         1130    i.NVIC_PriorityGroupConfig  misc.o
    0x08002c80   0x08002c80   0x0000006a   Code   RO          879    i.ParseField        esp01s.o
    0x08002cea   0x08002cea   0x0000004e   Code   RO          937    i.ParseNumber       lower_link.o
    0x08002d38   0x08002d38   0x00000034   Code   RO          938    i.ParseNumberField  lower_link.o
    0x08002d6c   0x08002d6c   0x00000128   Code   RO          939    i.ParseStatusFrame  lower_link.o
    0x08002e94   0x08002e94   0x00000002   Code   RO          198    i.PendSV_Handler    stm32f10x_it.o
    0x08002e96   0x08002e96   0x00000002   Code   RO          830    i.Presence_ConvertRaw  presence.o
    0x08002e98   0x08002e98   0x0000006c   Code   RO          831    i.Presence_Init     presence.o
    0x08002f04   0x08002f04   0x0000000c   Code   RO          832    i.Presence_IsDetected  presence.o
    0x08002f10   0x08002f10   0x00000004   Code   RO          833    i.Presence_IsEnabled  presence.o
    0x08002f14   0x08002f14   0x00000018   Code   RO          834    i.Presence_ReadRaw  presence.o
    0x08002f2c   0x08002f2c   0x000000ac   Code   RO          835    i.Presence_Task     presence.o
    0x08002fd8   0x08002fd8   0x00000054   Code   RO          352    i.PushTemp          display_ui.o
    0x0800302c   0x0800302c   0x00000094   Code   RO          615    i.QueuePushFromIrq  esp_uart.o
    0x080030c0   0x080030c0   0x00000094   Code   RO          663    i.QueuePushFromIrq  lower_uart.o
    0x08003154   0x08003154   0x00000020   Code   RO         1280    i.RCC_AHBPeriphClockCmd  stm32f10x_rcc.o
    0x08003174   0x08003174   0x00000020   Code   RO         1281    i.RCC_APB1PeriphClockCmd  stm32f10x_rcc.o
    0x08003194   0x08003194   0x00000020   Code   RO         1283    i.RCC_APB2PeriphClockCmd  stm32f10x_rcc.o
    0x080031b4   0x080031b4   0x000000d4   Code   RO         1291    i.RCC_GetClocksFreq  stm32f10x_rcc.o
    0x08003288   0x08003288   0x0000001c   Code   RO          787    i.Relay_AllOff      relay.o
    0x080032a4   0x080032a4   0x0000001e   Code   RO          788    i.Relay_ApplyAll    relay.o
    0x080032c2   0x080032c2   0x00000002   PAD
    0x080032c4   0x080032c4   0x00000030   Code   RO          790    i.Relay_Init        relay.o
    0x080032f4   0x080032f4   0x00000024   Code   RO          791    i.Relay_Pin         relay.o
    0x08003318   0x08003318   0x00000044   Code   RO          792    i.Relay_Set         relay.o
    0x0800335c   0x0800335c   0x000000a0   Code   RO          353    i.ResetDrawCaches   display_ui.o
    0x080033fc   0x080033fc   0x00000018   Code   RO         2284    i.SPI_Cmd           stm32f10x_spi.o
    0x08003414   0x08003414   0x00000012   Code   RO         2290    i.SPI_I2S_DMACmd    stm32f10x_spi.o
    0x08003426   0x08003426   0x00000012   Code   RO         2292    i.SPI_I2S_GetFlagStatus  stm32f10x_spi.o
    0x08003438   0x08003438   0x00000004   Code   RO         2296    i.SPI_I2S_SendData  stm32f10x_spi.o
    0x0800343c   0x0800343c   0x0000003c   Code   RO         2297    i.SPI_Init          stm32f10x_spi.o
    0x08003478   0x08003478   0x0000009c   Code   RO         1003    i.ST7789_DrawChar   st7789.o
    0x08003514   0x08003514   0x000000aa   Code   RO         1004    i.ST7789_DrawLine   st7789.o
    0x080035be   0x080035be   0x0000002c   Code   RO         1005    i.ST7789_DrawPixel  st7789.o
    0x080035ea   0x080035ea   0x0000004a   Code   RO         1006    i.ST7789_DrawString  st7789.o
    0x08003634   0x08003634   0x00000064   Code   RO         1007    i.ST7789_FillRect   st7789.o
    0x08003698   0x08003698   0x00000014   Code   RO         1008    i.ST7789_FillScreen  st7789.o
    0x080036ac   0x080036ac   0x000001b4   Code   RO         1009    i.ST7789_GPIO_Init  st7789.o
    0x08003860   0x08003860   0x000000e8   Code   RO         1010    i.ST7789_Init       st7789.o
    0x08003948   0x08003948   0x00000024   Code   RO         1011    i.ST7789_IsBusy     st7789.o
    0x0800396c   0x0800396c   0x0000004a   Code   RO         1012    i.ST7789_SetAddressWindow  st7789.o
    0x080039b6   0x080039b6   0x00000002   PAD
    0x080039b8   0x080039b8   0x00000024   Code   RO         1013    i.ST7789_SetBacklight  st7789.o
    0x080039dc   0x080039dc   0x00000060   Code   RO         1014    i.ST7789_StartDma   st7789.o
    0x08003a3c   0x08003a3c   0x00000054   Code   RO         1016    i.ST7789_Task       st7789.o
    0x08003a90   0x08003a90   0x00000012   Code   RO         1017    i.ST7789_WaitReady  st7789.o
    0x08003aa2   0x08003aa2   0x00000002   PAD
    0x08003aa4   0x08003aa4   0x0000002c   Code   RO         1018    i.ST7789_WriteByte  st7789.o
    0x08003ad0   0x08003ad0   0x00000018   Code   RO         1019    i.ST7789_WriteCommand  st7789.o
    0x08003ae8   0x08003ae8   0x00000020   Code   RO         1020    i.ST7789_WriteData16  st7789.o
    0x08003b08   0x08003b08   0x00000018   Code   RO         1021    i.ST7789_WriteData8  st7789.o
    0x08003b20   0x08003b20   0x00000002   Code   RO          199    i.SVC_Handler       stm32f10x_it.o
    0x08003b22   0x08003b22   0x00000022   Code   RO          940    i.SetLowerError     lower_link.o
    0x08003b44   0x08003b44   0x0000001e   Code   RO          941    i.SetLowerRxActivityError  lower_link.o
    0x08003b62   0x08003b62   0x00000008   Code   RO          256    i.SetSysClock       system_stm32f10x.o
    0x08003b6a   0x08003b6a   0x00000002   PAD
    0x08003b6c   0x08003b6c   0x000000e0   Code   RO          257    i.SetSysClockTo72   system_stm32f10x.o
    0x08003c4c   0x08003c4c   0x00000018   Code   RO         1022    i.SpiBusy           st7789.o
    0x08003c64   0x08003c64   0x00000038   Code   RO          880    i.StoreIp           esp01s.o
    0x08003c9c   0x08003c9c   0x00000028   Code   RO         1133    i.SysTick_CLKSourceConfig  misc.o
    0x08003cc4   0x08003cc4   0x00000002   Code   RO          200    i.SysTick_Handler   stm32f10x_it.o
    0x08003cc6   0x08003cc6   0x00000002   PAD
    0x08003cc8   0x08003cc8   0x00000060   Code   RO          259    i.SystemInit        system_stm32f10x.o
    0x08003d28   0x08003d28   0x00000028   Code   RO          530    i.TIM3_IRQHandler   timer.o
    0x08003d50   0x08003d50   0x00000018   Code   RO         1663    i.TIM_ARRPreloadConfig  stm32f10x_tim.o
    0x08003d68   0x08003d68   0x00000006   Code   RO         1669    i.TIM_ClearFlag     stm32f10x_tim.o
    0x08003d6e   0x08003d6e   0x00000006   Code   RO         1670    i.TIM_ClearITPendingBit  stm32f10x_tim.o
    0x08003d74   0x08003d74   0x00000018   Code   RO         1675    i.TIM_Cmd           stm32f10x_tim.o
    0x08003d8c   0x08003d8c   0x0000001e   Code   RO         1677    i.TIM_CtrlPWMOutputs  stm32f10x_tim.o
    0x08003daa   0x08003daa   0x00000022   Code   RO         1696    i.TIM_GetITStatus   stm32f10x_tim.o
    0x08003dcc   0x08003dcc   0x00000012   Code   RO         1700    i.TIM_ITConfig      stm32f10x_tim.o
    0x08003dde   0x08003dde   0x00000002   PAD
    0x08003de0   0x08003de0   0x00000098   Code   RO         1704    i.TIM_OC1Init       stm32f10x_tim.o
    0x08003e78   0x08003e78   0x00000012   Code   RO         1707    i.TIM_OC1PreloadConfig  stm32f10x_tim.o
    0x08003e8a   0x08003e8a   0x00000004   Code   RO         1736    i.TIM_SetCompare1   stm32f10x_tim.o
    0x08003e8e   0x08003e8e   0x00000002   PAD
    0x08003e90   0x08003e90   0x000000a4   Code   RO         1746    i.TIM_TimeBaseInit  stm32f10x_tim.o
    0x08003f34   0x08003f34   0x0000002c   Code   RO          354    i.TempToY           display_ui.o
    0x08003f60   0x08003f60   0x00000010   Code   RO          531    i.Timer_GetMs       timer.o
    0x08003f70   0x08003f70   0x0000006c   Code   RO          532    i.Timer_Init1ms     timer.o
    0x08003fdc   0x08003fdc   0x000000d4   Code   RO          616    i.USART2_IRQHandler  esp_uart.o
    0x080040b0   0x080040b0   0x00000164   Code   RO          664    i.USART3_IRQHandler  lower_uart.o
    0x08004214   0x08004214   0x0000001e   Code   RO         1480    i.USART_ClearITPendingBit  stm32f10x_usart.o
    0x08004232   0x08004232   0x00000018   Code   RO         1483    i.USART_Cmd         stm32f10x_usart.o
    0x0800424a   0x0800424a   0x00000012   Code   RO         1484    i.USART_DMACmd      stm32f10x_usart.o
    0x0800425c   0x0800425c   0x00000054   Code   RO         1487    i.USART_GetITStatus  stm32f10x_usart.o
    0x080042b0   0x080042b0   0x0000004a   Code   RO         1489    i.USART_ITConfig    stm32f10x_usart.o
    0x080042fa   0x080042fa   0x00000002   PAD
    0x080042fc   0x080042fc   0x000000d8   Code   RO         1490    i.USART_Init        stm32f10x_usart.o
    0x080043d4   0x080043d4   0x0000000a   Code   RO         1497    i.USART_ReceiveData  stm32f10x_usart.o
    0x080043de   0x080043de   0x00000008   Code   RO         1500    i.USART_SendData    stm32f10x_usart.o
    0x080043e6   0x080043e6   0x00000044   Code   RO          476    i.UiAssets_DrawText16  ui_assets.o
    0x0800442a   0x0800442a   0x00000004   Code   RO          201    i.UsageFault_Handler  stm32f10x_it.o
    0x0800442e   0x0800442e   0x00000002   PAD
    0x08004430   0x08004430   0x00000030   Code   RO         2680    i.__0snprintf       mc_w.l(printfa.o)
    0x08004460   0x08004460   0x0000002c   Code   RO         2684    i.__0vsnprintf      mc_w.l(printfa.o)
    0x0800448c   0x0800448c   0x00000008   Code   RO         2758    i.__aeabi_errno_addr  mc_w.l(errno.o)
    0x08004494   0x08004494   0x0000000e   Code   RO         2792    i.__scatterload_copy  mc_w.l(handlers.o)
    0x080044a2   0x080044a2   0x00000002   Code   RO         2793    i.__scatterload_null  mc_w.l(handlers.o)
    0x080044a4   0x080044a4   0x0000000e   Code   RO         2794    i.__scatterload_zeroinit  mc_w.l(handlers.o)
    0x080044b2   0x080044b2   0x00000002   PAD
    0x080044b4   0x080044b4   0x00000184   Code   RO         2686    i._fp_digits        mc_w.l(printfa.o)
    0x08004638   0x08004638   0x000006dc   Code   RO         2687    i._printf_core      mc_w.l(printfa.o)
    0x08004d14   0x08004d14   0x00000024   Code   RO         2688    i._printf_post_padding  mc_w.l(printfa.o)
    0x08004d38   0x08004d38   0x0000002e   Code   RO         2689    i._printf_pre_padding  mc_w.l(printfa.o)
    0x08004d66   0x08004d66   0x00000016   Code   RO         2690    i._snputc           mc_w.l(printfa.o)
    0x08004d7c   0x08004d7c   0x0000003c   Code   RO          504    i.delay_init        delay.o
    0x08004db8   0x08004db8   0x0000003c   Code   RO          505    i.delay_ms          delay.o
    0x08004df4   0x08004df4   0x00000064   Code   RO           10    i.main              main.o
    0x08004e58   0x08004e58   0x00000012   Data   RO          356    .constdata          display_ui.o
    0x08004e6a   0x08004e6a   0x00000002   PAD
    0x08004e6c   0x08004e6c   0x000001dc   Data   RO          478    .constdata          ui_assets.o
    0x08005048   0x08005048   0x00000011   Data   RO          666    .constdata          lower_uart.o
    0x08005059   0x08005059   0x00000127   Data   RO         1024    .constdata          st7789.o
    0x08005180   0x08005180   0x00000081   Data   RO         2731    .constdata          mc_w.l(ctype_o.o)
    0x08005201   0x08005201   0x00000003   PAD
    0x08005204   0x08005204   0x00000004   Data   RO         2732    .constdata          mc_w.l(ctype_o.o)
    0x08005208   0x08005208   0x000000cd   Data   RO           12    .conststring        main.o
    0x080052d5   0x080052d5   0x00000003   PAD
    0x080052d8   0x080052d8   0x000001aa   Data   RO          882    .conststring        esp01s.o
    0x08005482   0x08005482   0x00000002   PAD
    0x08005484   0x08005484   0x00000020   Data   RO         2790    Region$$Table       anon$$obj.o


    Execution Region RW_IRAM1 (Exec base: 0x20000000, Load base: 0x080054a4, Size: 0x00001c40, Max: 0x00005000, ABSOLUTE)

    Exec Addr    Load Addr    Size         Type   Attr      Idx    E Section Name        Object

    0x20000000   0x080054a4   0x0000000c   Data   RW           13    .data               main.o
    0x2000000c   0x080054b0   0x00000020   Data   RW          357    .data               display_ui.o
    0x2000002c   0x080054d0   0x00000004   Data   RW          507    .data               delay.o
    0x20000030   0x080054d4   0x00000004   Data   RW          533    .data               timer.o
    0x20000034   0x080054d8   0x00000007   Data   RW          564    .data               debug_uart.o
    0x2000003b   0x080054df   0x00000001   PAD
    0x2000003c   0x080054e0   0x0000000c   Data   RW          618    .data               esp_uart.o
    0x20000048   0x080054ec   0x0000002a   Data   RW          667    .data               lower_uart.o
    0x20000072   0x08005516   0x00000002   PAD
    0x20000074   0x08005518   0x00000005   Data   RW          769    .data               board_io.o
    0x20000079   0x0800551d   0x00000003   Data   RW          793    .data               relay.o
    0x2000007c   0x08005520   0x00000014   Data   RW          836    .data               presence.o
    0x20000090   0x08005534   0x00000019   Data   RW          883    .data               esp01s.o
    0x200000a9   0x0800554d   0x00000003   PAD
    0x200000ac   0x08005550   0x0000001c   Data   RW          942    .data               lower_link.o
    0x200000c8   0x0800556c   0x00000008   Data   RW         1025    .data               st7789.o
    0x200000d0   0x08005574   0x00000014   Data   RW         1311    .data               stm32f10x_rcc.o
    0x200000e4   0x08005588   0x00000004   Data   RW         2761    .data               mc_w.l(errno.o)
    0x200000e8        -       0x00000110   Zero   RW           11    .bss                main.o
    0x200001f8        -       0x000001b0   Zero   RW          355    .bss                display_ui.o
    0x200003a8        -       0x00000400   Zero   RW          563    .bss                debug_uart.o
    0x200007a8        -       0x00000c20   Zero   RW          617    .bss                esp_uart.o
    0x200013c8        -       0x00000129   Zero   RW          665    .bss                lower_uart.o
    0x200014f1   0x0800558c   0x00000003   PAD
    0x200014f4        -       0x0000036c   Zero   RW          881    .bss                esp01s.o
    0x20001860        -       0x000001e0   Zero   RW         1023    .bss                st7789.o
    0x20001a40        -       0x00000200   Zero   RW          290    STACK               startup_stm32f10x_md.o


==============================================================================

Image component sizes


      Code (inc. data)   RO Data    RW Data    ZI Data      Debug   Object Name

       140         46          0          0          0       1481   app_state.o
       192         24          0          5          0       1414   board_io.o
       682         74          0          7       1024       5341   debug_uart.o
       120         12          0          4          0       1296   delay.o
      3862        418         18         32        432      18910   display_ui.o
       906        154        426         25        876       6304   esp01s.o
       748         96          0         12       3104       4102   esp_uart.o
      1218        260          0         28          0       8986   lower_link.o
      1058        158         17         42        297       8584   lower_uart.o
       986        182        205         12        272     276151   main.o
       172         22          0          0          0       2129   misc.o
       322         72          0         20          0       3642   presence.o
       210         14          0          3          0       3297   relay.o
      1808        118        295          8        480      13718   st7789.o
        28          4        236          0        512        840   startup_stm32f10x_md.o
       538         36          0          0          0       6380   stm32f10x_dma.o
       304          0          0          0          0       3748   stm32f10x_gpio.o
        26          0          0          0          0       4010   stm32f10x_it.o
       308         38          0         20          0       5114   stm32f10x_rcc.o
       124          0          0          0          0       3989   stm32f10x_spi.o
       480         62          0          0          0       7273   stm32f10x_tim.o
       464          6          0          0          0       6928   stm32f10x_usart.o
       328         28          0          0          0       1945   system_stm32f10x.o
       164         18          0          4          0       2052   timer.o
       278         38        476          0          0       3378   ui_assets.o

    ----------------------------------------------------------------------
     15500       1880       1712        228       7000     401012   Object Totals
         0          0         32          0          0          0   (incl. Generated)
        34          0          7          6          3          0   (incl. Padding)

    ----------------------------------------------------------------------

      Code (inc. data)   RO Data    RW Data    ZI Data      Debug   Library Member Name

        28          0          0          0          0         68   _chval.o
       158          0          0          0          0         92   _strtoul.o
        26          0          0          0          0         80   atoi.o
         8          4        133          0          0         68   ctype_o.o
         0          0          0          0          0          0   entry.o
         0          0          0          0          0          0   entry10a.o
         0          0          0          0          0          0   entry11a.o
         8          4          0          0          0          0   entry2.o
         4          0          0          0          0          0   entry5.o
         0          0          0          0          0          0   entry7b.o
         0          0          0          0          0          0   entry8b.o
         8          4          0          0          0          0   entry9a.o
         8          4          0          4          0         68   errno.o
        30          0          0          0          0          0   handlers.o
        36          8          0          0          0         68   init.o
         0          0          0          0          0          0   iusefp.o
        30          0          0          0          0         68   llshl.o
        36          0          0          0          0         68   llsshr.o
        32          0          0          0          0         68   llushr.o
        36          0          0          0          0         68   memcpya.o
        36          0          0          0          0        108   memseta.o
      2340         88          0          0          0        600   printfa.o
        20          0          0          0          0         68   strchr.o
        28          0          0          0          0         76   strcmp.o
        18          0          0          0          0         68   strcpy.o
        14          0          0          0          0         68   strlen.o
        30          0          0          0          0         80   strncmp.o
        24          0          0          0          0         76   strncpy.o
        36          0          0          0          0         80   strstr.o
       112          0          0          0          0         88   strtol.o
        44          0          0          0          0         80   uidiv.o
        98          0          0          0          0         92   uldiv.o
        48          0          0          0          0         68   cdrcmple.o
       334          0          0          0          0        148   dadd.o
       222          0          0          0          0        100   ddiv.o
       186          0          0          0          0        176   depilogue.o
        48          0          0          0          0         68   dfixul.o
       228          0          0          0          0         96   dmul.o

    ----------------------------------------------------------------------
      4320        112        136          4          0       2856   Library Totals
         6          0          3          0          0          0   (incl. Padding)

    ----------------------------------------------------------------------

      Code (inc. data)   RO Data    RW Data    ZI Data      Debug   Library Name

      3248        112        133          4          0       2200   mc_w.l
      1066          0          0          0          0        656   mf_w.l

    ----------------------------------------------------------------------
      4320        112        136          4          0       2856   Library Totals

    ----------------------------------------------------------------------

==============================================================================


      Code (inc. data)   RO Data    RW Data    ZI Data      Debug   

     19820       1992       1848        232       7000     393516   Grand Totals
     19820       1992       1848        232       7000     393516   ELF Image Totals
     19820       1992       1848        232          0          0   ROM Totals

==============================================================================

    Total RO  Size (Code + RO Data)                21668 (  21.16kB)
    Total RW  Size (RW Data + ZI Data)              7232 (   7.06kB)
    Total ROM Size (Code + RO Data + RW Data)      21900 (  21.39kB)

==============================================================================

